<html>
<body>
<pre>
<h1>µVision Build Log</h1>
<h2>Tool Versions:</h2>
IDE-Version: ¦ÌVision V5.18.0.0
Copyright (C) 2016 ARM Ltd and ARM Germany GmbH. All rights reserved.
License Information: wsz wsz, tianchu, LIC=SDAMM-X9WTV-NA9DU-SYVTD-5CILX-IJJUM
 
Tool Versions:
Toolchain:       MDK-ARM Standard  Version: 5.18
Toolchain Path:  D:\Keil_v5\ARM\ARMCC\Bin
C Compiler:      Armcc.exe V5.06 update 1 (build 61)
Assembler:       Armasm.exe V5.06 update 1 (build 61)
Linker/Locator:  ArmLink.exe V5.06 update 1 (build 61)
Library Manager: ArmAr.exe V5.06 update 1 (build 61)
Hex Converter:   FromElf.exe V5.06 update 1 (build 61)
CPU DLL:         SARMCM3.DLL V5.18
Dialog DLL:      DCM.DLL V1.13.6.0
Target DLL:      Segger\JL2CM3.dll V2.99.18.0
Dialog DLL:      TCM.DLL V1.14.8.0
 
<h2>Project:</h2>
C:\Users\wangsz\Desktop\TCH_PRO\Frist_Generation_Mechanical_Arm\Mechanica_Arm\MDK-ARM\407_MODEL.uvprojx
Project File Date:  07/02/2018

<h2>Output:</h2>
*** Using Compiler 'V5.06 update 1 (build 61)', folder: 'D:\Keil_v5\ARM\ARMCC\Bin'
Build target '407_MODEL'
assembling startup_stm32f407xx.s...
compiling stm32f4xx_hal_flash_ramfunc.c...
compiling stm32f4xx_hal_dma.c...
compiling stm32f4xx_hal_gpio.c...
compiling stm32f4xx_hal_rcc_ex.c...
compiling stm32f4xx_hal_flash_ex.c...
compiling stm32f4xx_hal_cortex.c...
compiling stm32f4xx_hal.c...
compiling stm32f4xx_hal_tim.c...
compiling stm32f4xx_hal_tim_ex.c...
compiling stm32f4xx_hal_pwr_ex.c...
compiling stm32f4xx_hal_flash.c...
compiling stm32f4xx_hal_dma_ex.c...
compiling stm32f4xx_hal_pwr.c...
compiling stm32f4xx_hal_rcc.c...
compiling stm32f4xx_hal_uart.c...
compiling main.c...
../Src/main.c(244): warning:  #1035-D: single-precision operand implicitly converted to double-precision
  				Y_Control(Y_LR_Tool_Mov_Distance+0.30);
../Src/main.c(325): warning:  #1035-D: single-precision operand implicitly converted to double-precision
  							Y_Control( (50.0f-Y_Tool_Groove_Distance-Y_Glue_Tool - 0.35 ));						
../Src/main.c(367): warning:  #1035-D: single-precision operand implicitly converted to double-precision
  							Y_Control( Y_Tool_Mov_Distance - 0.25) ;
../Src/main.c(369): warning:  #1035-D: single-precision operand implicitly converted to double-precision
  							Z_Control( (Glue_Machine_High + Z_Improve - Down_Distance-0.5) );
../Src/main.c(390): warning:  #1035-D: single-precision operand implicitly converted to double-precision
  							Y_Control( (Y_Tool_Mov_Distance + Y_Tool_Groove_Distance + Y_Glue_Tool + 0.1));
../Src/main.c(443): warning:  #1035-D: single-precision operand implicitly converted to double-precision
  							Y_Control( Y_Tool_Mov_Distance+ Y_Glue_Tool + 0.15 );
../Src/main.c(445): warning:  #1035-D: single-precision operand implicitly converted to double-precision
  							Z_Control((Glue_Machine_High + Z_Improve - Down_Distance-0.5));
../Src/main.c: 7 warnings, 0 errors
compiling stm32f4xx_it.c...
compiling system_stm32f4xx.c...
compiling stm32f4xx_hal_msp.c...
compiling usart.c...
compiling sys.c...
compiling delay.c...
compiling TIM.c...
compiling Arm_control.c...
..\Src\Arm_control.c(151): warning:  #1035-D: single-precision operand implicitly converted to double-precision
  	Y_Pwm_Num = Yangle * 12.0f / 0.45f +0.5 ;//1/10000  0.036ÎªÒ»???ö³åµÄ½Ç¶?
..\Src\Arm_control.c: 1 warning, 0 errors
compiling Motor_Control.c...
compiling Key_Limit.c...
compiling S_algorithm.c...
linking...
Program Size: Code=19136 RO-data=536 RW-data=104 ZI-data=8176  
"407_MODEL\407_MODEL.axf" - 0 Error(s), 8 Warning(s).

<h2>Software Packages used:</h2>

Package Vendor: ARM
                http://www.keil.com/pack/ARM.CMSIS.5.3.0.pack
                ARM::CMSIS:CORE:5.1.1
                CMSIS (Cortex Microcontroller Software Interface Standard)
   * Component: CORE Version: 5.1.1

<h2>Collection of Component include folders:</h2>
  C:\Users\wangsz\Desktop\TCH_PRO\Frist_Generation_Mechanical_Arm\Mechanica_Arm\MDK-ARM\RTE
  D:\Keil_v5\ARM\PACK\ARM\CMSIS\5.3.0\CMSIS\Include
  D:\Keil_v5\ARM\PACK\Keil\STM32F4xx_DFP\2.7.0\Drivers\CMSIS\Device\ST\STM32F4xx\Include

<h2>Collection of Component Files used:</h2>

   * Component: ARM::CMSIS:CORE:5.1.1
Build Time Elapsed:  00:00:35
</pre>
</body>
</html>
