Component: ARM Compiler 5.06 update 4 (build 422) Tool: armlink [4d35d2]

==============================================================================

Section Cross References

    startup_stm32f407xx.o(RESET) refers to startup_stm32f407xx.o(STACK) for __initial_sp
    startup_stm32f407xx.o(RESET) refers to startup_stm32f407xx.o(.text) for Reset_Handler
    startup_stm32f407xx.o(RESET) refers to stm32f4xx_it.o(i.NMI_Handler) for NMI_Handler
    startup_stm32f407xx.o(RESET) refers to stm32f4xx_it.o(i.HardFault_Handler) for HardFault_Handler
    startup_stm32f407xx.o(RESET) refers to stm32f4xx_it.o(i.MemManage_Handler) for MemManage_Handler
    startup_stm32f407xx.o(RESET) refers to stm32f4xx_it.o(i.BusFault_Handler) for BusFault_Handler
    startup_stm32f407xx.o(RESET) refers to stm32f4xx_it.o(i.UsageFault_Handler) for UsageFault_Handler
    startup_stm32f407xx.o(RESET) refers to stm32f4xx_it.o(i.SVC_Handler) for SVC_Handler
    startup_stm32f407xx.o(RESET) refers to stm32f4xx_it.o(i.DebugMon_Handler) for DebugMon_Handler
    startup_stm32f407xx.o(RESET) refers to stm32f4xx_it.o(i.PendSV_Handler) for PendSV_Handler
    startup_stm32f407xx.o(RESET) refers to stm32f4xx_it.o(i.SysTick_Handler) for SysTick_Handler
    startup_stm32f407xx.o(RESET) refers to stm32f4xx_it.o(i.EXTI9_5_IRQHandler) for EXTI9_5_IRQHandler
    startup_stm32f407xx.o(RESET) refers to stm32f4xx_it.o(i.TIM1_UP_TIM10_IRQHandler) for TIM1_UP_TIM10_IRQHandler
    startup_stm32f407xx.o(RESET) refers to stm32f4xx_it.o(i.TIM2_IRQHandler) for TIM2_IRQHandler
    startup_stm32f407xx.o(RESET) refers to stm32f4xx_it.o(i.TIM3_IRQHandler) for TIM3_IRQHandler
    startup_stm32f407xx.o(RESET) refers to stm32f4xx_it.o(i.TIM4_IRQHandler) for TIM4_IRQHandler
    startup_stm32f407xx.o(RESET) refers to usart.o(i.USART1_IRQHandler) for USART1_IRQHandler
    startup_stm32f407xx.o(RESET) refers to stm32f4xx_it.o(i.EXTI15_10_IRQHandler) for EXTI15_10_IRQHandler
    startup_stm32f407xx.o(RESET) refers to stm32f4xx_it.o(i.TIM5_IRQHandler) for TIM5_IRQHandler
    startup_stm32f407xx.o(RESET) refers to stm32f4xx_it.o(i.TIM6_DAC_IRQHandler) for TIM6_DAC_IRQHandler
    startup_stm32f407xx.o(RESET) refers to stm32f4xx_it.o(i.TIM7_IRQHandler) for TIM7_IRQHandler
    startup_stm32f407xx.o(RESET) refers to stm32f4xx_it.o(i.DMA2_Stream2_IRQHandler) for DMA2_Stream2_IRQHandler
    startup_stm32f407xx.o(.text) refers to system_stm32f4xx.o(i.SystemInit) for SystemInit
    startup_stm32f407xx.o(.text) refers to entry.o(.ARM.Collect$$$$00000000) for __main
    stm32f4xx_hal_gpio.o(i.HAL_GPIO_EXTI_IRQHandler) refers to key_limit.o(i.HAL_GPIO_EXTI_Callback) for HAL_GPIO_EXTI_Callback
    stm32f4xx_hal_dma.o(i.DMA_CalcBaseAndBitshift) refers to stm32f4xx_hal_dma.o(.constdata) for .constdata
    stm32f4xx_hal_dma.o(i.HAL_DMA_Abort) refers to stm32f4xx_hal.o(i.HAL_GetTick) for HAL_GetTick
    stm32f4xx_hal_dma.o(i.HAL_DMA_DeInit) refers to stm32f4xx_hal_dma.o(i.DMA_CalcBaseAndBitshift) for DMA_CalcBaseAndBitshift
    stm32f4xx_hal_dma.o(i.HAL_DMA_IRQHandler) refers to system_stm32f4xx.o(.data) for SystemCoreClock
    stm32f4xx_hal_dma.o(i.HAL_DMA_Init) refers to stm32f4xx_hal.o(i.HAL_GetTick) for HAL_GetTick
    stm32f4xx_hal_dma.o(i.HAL_DMA_Init) refers to stm32f4xx_hal_dma.o(i.DMA_CheckFifoParam) for DMA_CheckFifoParam
    stm32f4xx_hal_dma.o(i.HAL_DMA_Init) refers to stm32f4xx_hal_dma.o(i.DMA_CalcBaseAndBitshift) for DMA_CalcBaseAndBitshift
    stm32f4xx_hal_dma.o(i.HAL_DMA_PollForTransfer) refers to stm32f4xx_hal.o(i.HAL_GetTick) for HAL_GetTick
    stm32f4xx_hal_dma.o(i.HAL_DMA_PollForTransfer) refers to stm32f4xx_hal_dma.o(i.HAL_DMA_Abort) for HAL_DMA_Abort
    stm32f4xx_hal_dma.o(i.HAL_DMA_Start) refers to stm32f4xx_hal_dma.o(i.DMA_SetConfig) for DMA_SetConfig
    stm32f4xx_hal_dma.o(i.HAL_DMA_Start_IT) refers to stm32f4xx_hal_dma.o(i.DMA_SetConfig) for DMA_SetConfig
    stm32f4xx_hal_rcc_ex.o(i.HAL_RCCEx_DisablePLLI2S) refers to stm32f4xx_hal.o(i.HAL_GetTick) for HAL_GetTick
    stm32f4xx_hal_rcc_ex.o(i.HAL_RCCEx_EnablePLLI2S) refers to stm32f4xx_hal.o(i.HAL_GetTick) for HAL_GetTick
    stm32f4xx_hal_rcc_ex.o(i.HAL_RCCEx_PeriphCLKConfig) refers to stm32f4xx_hal.o(i.HAL_GetTick) for HAL_GetTick
    stm32f4xx_hal_rcc_ex.o(i.HAL_RCC_DeInit) refers to stm32f4xx_hal.o(i.HAL_GetTick) for HAL_GetTick
    stm32f4xx_hal_rcc_ex.o(i.HAL_RCC_DeInit) refers to stm32f4xx_hal.o(i.HAL_InitTick) for HAL_InitTick
    stm32f4xx_hal_rcc_ex.o(i.HAL_RCC_DeInit) refers to system_stm32f4xx.o(.data) for SystemCoreClock
    stm32f4xx_hal_flash_ex.o(i.HAL_FLASHEx_Erase) refers to stm32f4xx_hal_flash.o(i.FLASH_WaitForLastOperation) for FLASH_WaitForLastOperation
    stm32f4xx_hal_flash_ex.o(i.HAL_FLASHEx_Erase) refers to stm32f4xx_hal_flash_ex.o(i.FLASH_MassErase) for FLASH_MassErase
    stm32f4xx_hal_flash_ex.o(i.HAL_FLASHEx_Erase) refers to stm32f4xx_hal_flash_ex.o(i.FLASH_Erase_Sector) for FLASH_Erase_Sector
[...]
    Removing tim.o(.rev16_text), (4 bytes).
    Removing tim.o(.revsh_text), (4 bytes).
    Removing tim.o(.rrx_text), (6 bytes).
    Removing tim.o(i.MX_TIM12_Init), (88 bytes).
    Removing key_limit.o(.rev16_text), (4 bytes).
    Removing key_limit.o(.revsh_text), (4 bytes).
    Removing key_limit.o(.rrx_text), (6 bytes).
    Removing arm_control.o(.rev16_text), (4 bytes).
    Removing arm_control.o(.revsh_text), (4 bytes).
    Removing arm_control.o(.rrx_text), (6 bytes).
    Removing arm_control.o(i.Arm_Control), (444 bytes).
    Removing arm_control.o(.data), (4 bytes).
    Removing arm_control.o(.data), (4 bytes).
    Removing motor_control.o(.rev16_text), (4 bytes).
    Removing motor_control.o(.revsh_text), (4 bytes).
    Removing motor_control.o(.rrx_text), (6 bytes).
    Removing motor_control.o(i.x_Distance), (16 bytes).
    Removing motor_control.o(i.xy_Distance), (28 bytes).
    Removing motor_control.o(i.xyz_Distance), (40 bytes).
    Removing motor_control.o(i.xyz_Set_speed), (52 bytes).
    Removing motor_control.o(i.y_Distance), (16 bytes).
    Removing motor_control.o(i.z_Distance), (16 bytes).
    Removing s_algorithm.o(.rev16_text), (4 bytes).
    Removing s_algorithm.o(.revsh_text), (4 bytes).
    Removing s_algorithm.o(.rrx_text), (6 bytes).
    Removing s_algorithm.o(i.CalaculateSModel_Decel), (244 bytes).

371 unused section(s) (total 22400 bytes) removed from the image.

==============================================================================

Image Symbol Table

    Local Symbols

    Symbol Name                              Value     Ov Type        Size  Object(Section)

    ..//Src/system_stm32f4xx.c               0x00000000   Number         0  system_stm32f4xx.o ABSOLUTE
    ../Drivers/STM32F4xx_HAL_Driver/Src/stm32f4xx_hal.c 0x00000000   Number         0  stm32f4xx_hal.o ABSOLUTE
    ../Drivers/STM32F4xx_HAL_Driver/Src/stm32f4xx_hal_cortex.c 0x00000000   Number         0  stm32f4xx_hal_cortex.o ABSOLUTE
    ../Drivers/STM32F4xx_HAL_Driver/Src/stm32f4xx_hal_dma.c 0x00000000   Number         0  stm32f4xx_hal_dma.o ABSOLUTE
    ../Drivers/STM32F4xx_HAL_Driver/Src/stm32f4xx_hal_dma_ex.c 0x00000000   Number         0  stm32f4xx_hal_dma_ex.o ABSOLUTE
    ../Drivers/STM32F4xx_HAL_Driver/Src/stm32f4xx_hal_flash.c 0x00000000   Number         0  stm32f4xx_hal_flash.o ABSOLUTE
    ../Drivers/STM32F4xx_HAL_Driver/Src/stm32f4xx_hal_flash_ex.c 0x00000000   Number         0  stm32f4xx_hal_flash_ex.o ABSOLUTE
    ../Drivers/STM32F4xx_HAL_Driver/Src/stm32f4xx_hal_flash_ramfunc.c 0x00000000   Number         0  stm32f4xx_hal_flash_ramfunc.o ABSOLUTE
    ../Drivers/STM32F4xx_HAL_Driver/Src/stm32f4xx_hal_gpio.c 0x00000000   Number         0  stm32f4xx_hal_gpio.o ABSOLUTE
    ../Drivers/STM32F4xx_HAL_Driver/Src/stm32f4xx_hal_pwr.c 0x00000000   Number         0  stm32f4xx_hal_pwr.o ABSOLUTE
    ../Drivers/STM32F4xx_HAL_Driver/Src/stm32f4xx_hal_pwr_ex.c 0x00000000   Number         0  stm32f4xx_hal_pwr_ex.o ABSOLUTE
    ../Drivers/STM32F4xx_HAL_Driver/Src/stm32f4xx_hal_rcc.c 0x00000000   Number         0  stm32f4xx_hal_rcc.o ABSOLUTE
    ../Drivers/STM32F4xx_HAL_Driver/Src/stm32f4xx_hal_rcc_ex.c 0x00000000   Number         0  stm32f4xx_hal_rcc_ex.o ABSOLUTE
    ../Drivers/STM32F4xx_HAL_Driver/Src/stm32f4xx_hal_tim.c 0x00000000   Number         0  stm32f4xx_hal_tim.o ABSOLUTE
    ../Drivers/STM32F4xx_HAL_Driver/Src/stm32f4xx_hal_tim_ex.c 0x00000000   Number         0  stm32f4xx_hal_tim_ex.o ABSOLUTE
    ../Drivers/STM32F4xx_HAL_Driver/Src/stm32f4xx_hal_uart.c 0x00000000   Number         0  stm32f4xx_hal_uart.o ABSOLUTE
    ../Src/main.c                            0x00000000   Number         0  main.o ABSOLUTE
    ../Src/stm32f4xx_hal_msp.c               0x00000000   Number         0  stm32f4xx_hal_msp.o ABSOLUTE
    ../Src/stm32f4xx_it.c                    0x00000000   Number         0  stm32f4xx_it.o ABSOLUTE
    ../clib/microlib/division.c              0x00000000   Number         0  uldiv.o ABSOLUTE
    ../clib/microlib/division.c              0x00000000   Number         0  uidiv.o ABSOLUTE
    ../clib/microlib/errno.c                 0x00000000   Number         0  errno.o ABSOLUTE
    ../clib/microlib/init/entry.s            0x00000000   Number         0  entry10a.o ABSOLUTE
    ../clib/microlib/init/entry.s            0x00000000   Number         0  entry9b.o ABSOLUTE
    ../clib/microlib/init/entry.s            0x00000000   Number         0  entry8b.o ABSOLUTE
    ../clib/microlib/init/entry.s            0x00000000   Number         0  entry9a.o ABSOLUTE
    ../clib/microlib/init/entry.s            0x00000000   Number         0  entry.o ABSOLUTE
    ../clib/microlib/init/entry.s            0x00000000   Number         0  entry10b.o ABSOLUTE
    ../clib/microlib/init/entry.s            0x00000000   Number         0  entry2.o ABSOLUTE
    ../clib/microlib/init/entry.s            0x00000000   Number         0  entry5.o ABSOLUTE
    ../clib/microlib/init/entry.s            0x00000000   Number         0  entry7a.o ABSOLUTE
    ../clib/microlib/init/entry.s            0x00000000   Number         0  entry7b.o ABSOLUTE
    ../clib/microlib/init/entry.s            0x00000000   Number         0  entry8a.o ABSOLUTE
    ../clib/microlib/init/entry.s            0x00000000   Number         0  entry11b.o ABSOLUTE
    ../clib/microlib/init/entry.s            0x00000000   Number         0  entry11a.o ABSOLUTE
    ../clib/microlib/longlong.c              0x00000000   Number         0  llushr.o ABSOLUTE
    ../clib/microlib/longlong.c              0x00000000   Number         0  llshl.o ABSOLUTE
    ../clib/microlib/longlong.c              0x00000000   Number         0  llsshr.o ABSOLUTE
    ../clib/microlib/printf/printf.c         0x00000000   Number         0  printf4.o ABSOLUTE
    ../clib/microlib/printf/printf.c         0x00000000   Number         0  printf3.o ABSOLUTE
    ../clib/microlib/printf/printf.c         0x00000000   Number         0  printf1.o ABSOLUTE
    ../clib/microlib/printf/printf.c         0x00000000   Number         0  printf2.o ABSOLUTE
    ../clib/microlib/printf/printf.c         0x00000000   Number         0  printfa.o ABSOLUTE
    ../clib/microlib/printf/printf.c         0x00000000   Number         0  printf8.o ABSOLUTE
    ../clib/microlib/printf/printf.c         0x00000000   Number         0  printf6.o ABSOLUTE
    ../clib/microlib/printf/printf.c         0x00000000   Number         0  printf0.o ABSOLUTE
    ../clib/microlib/printf/printf.c         0x00000000   Number         0  printf7.o ABSOLUTE
    ../clib/microlib/printf/printf.c         0x00000000   Number         0  printfb.o ABSOLUTE
    ../clib/microlib/printf/printf.c         0x00000000   Number         0  printf5.o ABSOLUTE
    ../clib/microlib/printf/stubs.s          0x00000000   Number         0  stubs.o ABSOLUTE
    ../clib/microlib/stubs.s                 0x00000000   Number         0  useno.o ABSOLUTE
    ../clib/microlib/stubs.s                 0x00000000   Number         0  iusefp.o ABSOLUTE
    ../fplib/microlib/d2f.c                  0x00000000   Number         0  d2f.o ABSOLUTE
    ../fplib/microlib/f2d.c                  0x00000000   Number         0  f2d.o ABSOLUTE
    ../fplib/microlib/fpadd.c                0x00000000   Number         0  dadd.o ABSOLUTE
    ../fplib/microlib/fpdiv.c                0x00000000   Number         0  ddiv.o ABSOLUTE
    ../fplib/microlib/fpepilogue.c           0x00000000   Number         0  depilogue.o ABSOLUTE
    ../fplib/microlib/fpepilogue.c           0x00000000   Number         0  fepilogue.o ABSOLUTE
    ../fplib/microlib/fpfix.c                0x00000000   Number         0  dfixul.o ABSOLUTE
    ../fplib/microlib/fpfix.c                0x00000000   Number         0  dfixi.o ABSOLUTE
    ../fplib/microlib/fpflt.c                0x00000000   Number         0  dflti.o ABSOLUTE
    ../fplib/microlib/fpmul.c                0x00000000   Number         0  dmul.o ABSOLUTE
    ../mathlib/dunder.c                      0x00000000   Number         0  dunder.o ABSOLUTE
    ../mathlib/exp.c                         0x00000000   Number         0  exp.o ABSOLUTE
    ../mathlib/exp.c                         0x00000000   Number         0  exp_x.o ABSOLUTE
    ../mathlib/fpclassify.c                  0x00000000   Number         0  fpclassify.o ABSOLUTE
    ../mathlib/poly.c                        0x00000000   Number         0  poly.o ABSOLUTE
    ../mathlib/qnan.c                        0x00000000   Number         0  qnan.o ABSOLUTE
    ..\Drivers\STM32F4xx_HAL_Driver\Src\stm32f4xx_hal.c 0x00000000   Number         0  stm32f4xx_hal.o ABSOLUTE
    ..\Drivers\STM32F4xx_HAL_Driver\Src\stm32f4xx_hal_cortex.c 0x00000000   Number         0  stm32f4xx_hal_cortex.o ABSOLUTE
    ..\Drivers\STM32F4xx_HAL_Driver\Src\stm32f4xx_hal_dma.c 0x00000000   Number         0  stm32f4xx_hal_dma.o ABSOLUTE
    ..\Drivers\STM32F4xx_HAL_Driver\Src\stm32f4xx_hal_dma_ex.c 0x00000000   Number         0  stm32f4xx_hal_dma_ex.o ABSOLUTE
    ..\Drivers\STM32F4xx_HAL_Driver\Src\stm32f4xx_hal_flash.c 0x00000000   Number         0  stm32f4xx_hal_flash.o ABSOLUTE
    ..\Drivers\STM32F4xx_HAL_Driver\Src\stm32f4xx_hal_flash_ex.c 0x00000000   Number         0  stm32f4xx_hal_flash_ex.o ABSOLUTE
    ..\Drivers\STM32F4xx_HAL_Driver\Src\stm32f4xx_hal_flash_ramfunc.c 0x00000000   Number         0  stm32f4xx_hal_flash_ramfunc.o ABSOLUTE
    ..\Drivers\STM32F4xx_HAL_Driver\Src\stm32f4xx_hal_gpio.c 0x00000000   Number         0  stm32f4xx_hal_gpio.o ABSOLUTE
    ..\Drivers\STM32F4xx_HAL_Driver\Src\stm32f4xx_hal_pwr.c 0x00000000   Number         0  stm32f4xx_hal_pwr.o ABSOLUTE
    ..\Drivers\STM32F4xx_HAL_Driver\Src\stm32f4xx_hal_pwr_ex.c 0x00000000   Number         0  stm32f4xx_hal_pwr_ex.o ABSOLUTE
    ..\Drivers\STM32F4xx_HAL_Driver\Src\stm32f4xx_hal_rcc.c 0x00000000   Number         0  stm32f4xx_hal_rcc.o ABSOLUTE
    ..\Drivers\STM32F4xx_HAL_Driver\Src\stm32f4xx_hal_rcc_ex.c 0x00000000   Number         0  stm32f4xx_hal_rcc_ex.o ABSOLUTE
    ..\Drivers\STM32F4xx_HAL_Driver\Src\stm32f4xx_hal_tim.c 0x00000000   Number         0  stm32f4xx_hal_tim.o ABSOLUTE
    ..\Drivers\STM32F4xx_HAL_Driver\Src\stm32f4xx_hal_tim_ex.c 0x00000000   Number         0  stm32f4xx_hal_tim_ex.o ABSOLUTE
    ..\Drivers\STM32F4xx_HAL_Driver\Src\stm32f4xx_hal_uart.c 0x00000000   Number         0  stm32f4xx_hal_uart.o ABSOLUTE
    ..\SYSTEM\delay\delay.c                  0x00000000   Number         0  delay.o ABSOLUTE
    ..\SYSTEM\sys\sys.c                      0x00000000   Number         0  sys.o ABSOLUTE
    ..\SYSTEM\usart\usart.c                  0x00000000   Number         0  usart.o ABSOLUTE
    ..\Src\Arm_control.c                     0x00000000   Number         0  arm_control.o ABSOLUTE
    ..\Src\Key_Limit.c                       0x00000000   Number         0  key_limit.o ABSOLUTE
    ..\Src\Motor_Control.c                   0x00000000   Number         0  motor_control.o ABSOLUTE
    ..\Src\S_algorithm.c                     0x00000000   Number         0  s_algorithm.o ABSOLUTE
    ..\Src\TIM.c                             0x00000000   Number         0  tim.o ABSOLUTE
    ..\Src\main.c                            0x00000000   Number         0  main.o ABSOLUTE
    ..\Src\stm32f4xx_hal_msp.c               0x00000000   Number         0  stm32f4xx_hal_msp.o ABSOLUTE
    ..\Src\stm32f4xx_it.c                    0x00000000   Number         0  stm32f4xx_it.o ABSOLUTE
    ..\\SYSTEM\\delay\\delay.c               0x00000000   Number         0  delay.o ABSOLUTE
    ..\\SYSTEM\\sys\\sys.c                   0x00000000   Number         0  sys.o ABSOLUTE
    ..\\SYSTEM\\usart\\usart.c               0x00000000   Number         0  usart.o ABSOLUTE
    ..\\Src\\Arm_control.c                   0x00000000   Number         0  arm_control.o ABSOLUTE
    ..\\Src\\Key_Limit.c                     0x00000000   Number         0  key_limit.o ABSOLUTE
    ..\\Src\\Motor_Control.c                 0x00000000   Number         0  motor_control.o ABSOLUTE
    ..\\Src\\S_algorithm.c                   0x00000000   Number         0  s_algorithm.o ABSOLUTE
    ..\\Src\\TIM.c                           0x00000000   Number         0  tim.o ABSOLUTE
    ..\\Src\system_stm32f4xx.c               0x00000000   Number         0  system_stm32f4xx.o ABSOLUTE
    cdcmple.s                                0x00000000   Number         0  cdcmple.o ABSOLUTE
    cdrcmple.s                               0x00000000   Number         0  cdrcmple.o ABSOLUTE
    dc.s                                     0x00000000   Number         0  dc.o ABSOLUTE
    handlers.s                               0x00000000   Number         0  handlers.o ABSOLUTE
    init.s                                   0x00000000   Number         0  init.o ABSOLUTE
    startup_stm32f407xx.s                    0x00000000   Number         0  startup_stm32f407xx.o ABSOLUTE
    RESET                                    0x08000000   Section      392  startup_stm32f407xx.o(RESET)
    .ARM.Collect$$$$00000000                 0x08000188   Section        0  entry.o(.ARM.Collect$$$$00000000)
    .ARM.Collect$$$$00000001                 0x08000188   Section        4  entry2.o(.ARM.Collect$$$$00000001)
    .ARM.Collect$$$$00000004                 0x0800018c   Section        4  entry5.o(.ARM.Collect$$$$00000004)
    .ARM.Collect$$$$00000008                 0x08000190   Section        0  entry7b.o(.ARM.Collect$$$$00000008)
    .ARM.Collect$$$$0000000A                 0x08000190   Section        0  entry8b.o(.ARM.Collect$$$$0000000A)
    .ARM.Collect$$$$0000000B                 0x08000190   Section        8  entry9a.o(.ARM.Collect$$$$0000000B)
    .ARM.Collect$$$$0000000D                 0x08000198   Section        0  entry10a.o(.ARM.Collect$$$$0000000D)
    .ARM.Collect$$$$0000000F                 0x08000198   Section        0  entry11a.o(.ARM.Collect$$$$0000000F)
    .ARM.Collect$$$$00002712                 0x08000198   Section        4  entry2.o(.ARM.Collect$$$$00002712)
    __lit__00000000                          0x08000198   Data           4  entry2.o(.ARM.Collect$$$$00002712)
    .text                                    0x0800019c   Section       36  startup_stm32f407xx.o(.text)
    $v0                                      0x0800019c   Number         0  startup_stm32f407xx.o(.text)
    .text                                    0x080001c0   Section        0  uldiv.o(.text)
    .text                                    0x08000222   Section        0  dadd.o(.text)
    .text                                    0x08000370   Section        0  ddiv.o(.text)
    .text                                    0x0800044e   Section        0  f2d.o(.text)
    .text                                    0x08000474   Section        0  d2f.o(.text)
    .text                                    0x080004ac   Section        0  uidiv.o(.text)
    .text                                    0x080004d8   Section        0  llshl.o(.text)
    .text                                    0x080004f6   Section        0  llushr.o(.text)
    .text                                    0x08000516   Section        0  llsshr.o(.text)
    .text                                    0x0800053a   Section        0  iusefp.o(.text)
    .text                                    0x0800053a   Section        0  fepilogue.o(.text)
    .text                                    0x080005a8   Section        0  depilogue.o(.text)
    .text                                    0x08000662   Section        0  dmul.o(.text)
    .text                                    0x08000746   Section        0  dflti.o(.text)
    .text                                    0x08000768   Section        0  dfixi.o(.text)
    .text                                    0x080007a6   Section        0  dfixul.o(.text)
    .text                                    0x080007d8   Section       48  cdcmple.o(.text)
    .text                                    0x08000808   Section       48  cdrcmple.o(.text)
    .text                                    0x08000838   Section       36  init.o(.text)
    i.Arm_Init                               0x0800085c   Section        0  arm_control.o(i.Arm_Init)
    i.BusFault_Handler                       0x080008e0   Section        0  stm32f4xx_it.o(i.BusFault_Handler)
    i.CalaculateSModel_Accel                 0x080008e4   Section        0  s_algorithm.o(i.CalaculateSModel_Accel)
    i.DMA2_Stream2_IRQHandler                0x080009d8   Section        0  stm32f4xx_it.o(i.DMA2_Stream2_IRQHandler)
    i.DebugMon_Handler                       0x080009e4   Section        0  stm32f4xx_it.o(i.DebugMon_Handler)
    i.EXTI15_10_IRQHandler                   0x080009e6   Section        0  stm32f4xx_it.o(i.EXTI15_10_IRQHandler)
    i.EXTI9_5_IRQHandler                     0x08000a04   Section        0  stm32f4xx_it.o(i.EXTI9_5_IRQHandler)
    i.HAL_DMA_Abort_IT                       0x08000a20   Section        0  stm32f4xx_hal_dma.o(i.HAL_DMA_Abort_IT)
    i.HAL_DMA_IRQHandler                     0x08000a44   Section        0  stm32f4xx_hal_dma.o(i.HAL_DMA_IRQHandler)
    i.HAL_GPIO_EXTI_Callback                 0x08000be4   Section        0  key_limit.o(i.HAL_GPIO_EXTI_Callback)
    i.HAL_GPIO_EXTI_IRQHandler               0x08000c80   Section        0  stm32f4xx_hal_gpio.o(i.HAL_GPIO_EXTI_IRQHandler)
    i.HAL_GPIO_Init                          0x08000c98   Section        0  stm32f4xx_hal_gpio.o(i.HAL_GPIO_Init)
    i.HAL_GPIO_ReadPin                       0x08000e48   Section        0  stm32f4xx_hal_gpio.o(i.HAL_GPIO_ReadPin)
    i.HAL_GPIO_WritePin                      0x08000e52   Section        0  stm32f4xx_hal_gpio.o(i.HAL_GPIO_WritePin)
    i.HAL_GetTick                            0x08000e5c   Section        0  stm32f4xx_hal.o(i.HAL_GetTick)
    i.HAL_IncTick                            0x08000e68   Section        0  stm32f4xx_hal.o(i.HAL_IncTick)
    i.HAL_Init                               0x08000e78   Section        0  stm32f4xx_hal.o(i.HAL_Init)
    i.HAL_InitTick                           0x08000eac   Section        0  stm32f4xx_hal.o(i.HAL_InitTick)
    i.HAL_MspInit                            0x08000eec   Section        0  stm32f4xx_hal_msp.o(i.HAL_MspInit)
    i.HAL_NVIC_EnableIRQ                     0x08000f44   Section        0  stm32f4xx_hal_cortex.o(i.HAL_NVIC_EnableIRQ)
    i.HAL_NVIC_SetPriority                   0x08000f5c   Section        0  stm32f4xx_hal_cortex.o(i.HAL_NVIC_SetPriority)
    i.HAL_NVIC_SetPriorityGrouping           0x08000f9c   Section        0  stm32f4xx_hal_cortex.o(i.HAL_NVIC_SetPriorityGrouping)
    i.HAL_RCC_ClockConfig                    0x08000fc0   Section        0  stm32f4xx_hal_rcc.o(i.HAL_RCC_ClockConfig)
    i.HAL_RCC_GetPCLK1Freq                   0x080010f0   Section        0  stm32f4xx_hal_rcc.o(i.HAL_RCC_GetPCLK1Freq)
    i.HAL_RCC_GetPCLK2Freq                   0x08001110   Section        0  stm32f4xx_hal_rcc.o(i.HAL_RCC_GetPCLK2Freq)
    i.HAL_RCC_GetSysClockFreq                0x08001130   Section        0  stm32f4xx_hal_rcc.o(i.HAL_RCC_GetSysClockFreq)
    i.HAL_RCC_OscConfig                      0x08001190   Section        0  stm32f4xx_hal_rcc.o(i.HAL_RCC_OscConfig)
    i.HAL_SYSTICK_CLKSourceConfig            0x080014ac   Section        0  stm32f4xx_hal_cortex.o(i.HAL_SYSTICK_CLKSourceConfig)
    i.HAL_SYSTICK_Callback                   0x080014c4   Section        0  stm32f4xx_hal_cortex.o(i.HAL_SYSTICK_Callback)
    i.HAL_SYSTICK_Config                     0x080014c6   Section        0  stm32f4xx_hal_cortex.o(i.HAL_SYSTICK_Config)
    i.HAL_SYSTICK_IRQHandler                 0x080014ee   Section        0  stm32f4xx_hal_cortex.o(i.HAL_SYSTICK_IRQHandler)
    i.HAL_TIMEx_BreakCallback                0x080014f6   Section        0  stm32f4xx_hal_tim_ex.o(i.HAL_TIMEx_BreakCallback)
    i.HAL_TIMEx_CommutationCallback          0x080014f8   Section        0  stm32f4xx_hal_tim_ex.o(i.HAL_TIMEx_CommutationCallback)
    i.HAL_TIMEx_MasterConfigSynchronization  0x080014fa   Section        0  stm32f4xx_hal_tim_ex.o(i.HAL_TIMEx_MasterConfigSynchronization)
    i.HAL_TIM_Base_Init                      0x0800154a   Section        0  stm32f4xx_hal_tim.o(i.HAL_TIM_Base_Init)
    i.HAL_TIM_Base_MspInit                   0x08001580   Section        0  stm32f4xx_hal_msp.o(i.HAL_TIM_Base_MspInit)
    i.HAL_TIM_Base_Start_IT                  0x080016c4   Section        0  stm32f4xx_hal_tim.o(i.HAL_TIM_Base_Start_IT)
    i.HAL_TIM_Base_Stop_IT                   0x080016dc   Section        0  stm32f4xx_hal_tim.o(i.HAL_TIM_Base_Stop_IT)
    i.HAL_TIM_ConfigClockSource              0x08001706   Section        0  stm32f4xx_hal_tim.o(i.HAL_TIM_ConfigClockSource)
    i.HAL_TIM_IC_CaptureCallback             0x080017f8   Section        0  stm32f4xx_hal_tim.o(i.HAL_TIM_IC_CaptureCallback)
    i.HAL_TIM_IRQHandler                     0x080017fa   Section        0  stm32f4xx_hal_tim.o(i.HAL_TIM_IRQHandler)
    i.HAL_TIM_MspPostInit                    0x08001960   Section        0  stm32f4xx_hal_msp.o(i.HAL_TIM_MspPostInit)
    i.HAL_TIM_OC_DelayElapsedCallback        0x080019d0   Section        0  stm32f4xx_hal_tim.o(i.HAL_TIM_OC_DelayElapsedCallback)
    i.HAL_TIM_PWM_ConfigChannel              0x080019d2   Section        0  stm32f4xx_hal_tim.o(i.HAL_TIM_PWM_ConfigChannel)
    i.HAL_TIM_PWM_Init                       0x08001aa2   Section        0  stm32f4xx_hal_tim.o(i.HAL_TIM_PWM_Init)
    i.HAL_TIM_PWM_MspInit                    0x08001ad8   Section        0  stm32f4xx_hal_tim.o(i.HAL_TIM_PWM_MspInit)
    i.HAL_TIM_PWM_PulseFinishedCallback      0x08001ada   Section        0  stm32f4xx_hal_tim.o(i.HAL_TIM_PWM_PulseFinishedCallback)
    i.HAL_TIM_PWM_Start                      0x08001adc   Section        0  stm32f4xx_hal_tim.o(i.HAL_TIM_PWM_Start)
    i.HAL_TIM_PWM_Stop                       0x08001b14   Section        0  stm32f4xx_hal_tim.o(i.HAL_TIM_PWM_Stop)
    i.HAL_TIM_PeriodElapsedCallback          0x08001b70   Section        0  tim.o(i.HAL_TIM_PeriodElapsedCallback)
    i.HAL_TIM_TriggerCallback                0x08001fdc   Section        0  stm32f4xx_hal_tim.o(i.HAL_TIM_TriggerCallback)
    i.HAL_UART_ErrorCallback                 0x08001fde   Section        0  stm32f4xx_hal_uart.o(i.HAL_UART_ErrorCallback)
    i.HAL_UART_GetState                      0x08001fe0   Section        0  stm32f4xx_hal_uart.o(i.HAL_UART_GetState)
    i.HAL_UART_IRQHandler                    0x08001fec   Section        0  stm32f4xx_hal_uart.o(i.HAL_UART_IRQHandler)
    i.HAL_UART_Init                          0x080020fc   Section        0  stm32f4xx_hal_uart.o(i.HAL_UART_Init)
    i.HAL_UART_MspInit                       0x08002160   Section        0  usart.o(i.HAL_UART_MspInit)
    i.HAL_UART_Receive_IT                    0x080021dc   Section        0  stm32f4xx_hal_uart.o(i.HAL_UART_Receive_IT)
    i.HAL_UART_RxCpltCallback                0x08002224   Section        0  usart.o(i.HAL_UART_RxCpltCallback)
    i.HAL_UART_TxCpltCallback                0x0800227c   Section        0  stm32f4xx_hal_uart.o(i.HAL_UART_TxCpltCallback)
    i.HardFault_Handler                      0x0800227e   Section        0  stm32f4xx_it.o(i.HardFault_Handler)
    i.Limit_control                          0x08002280   Section        0  key_limit.o(i.Limit_control)
    i.MX_GPIO_Init                           0x08002408   Section        0  main.o(i.MX_GPIO_Init)
    MX_GPIO_Init                             0x08002409   Thumb Code   304  main.o(i.MX_GPIO_Init)
    i.MX_TIM1_Init                           0x08002550   Section        0  tim.o(i.MX_TIM1_Init)
    i.MX_TIM2_Init                           0x080025c8   Section        0  tim.o(i.MX_TIM2_Init)
    i.MX_TIM3_Init                           0x08002668   Section        0  tim.o(i.MX_TIM3_Init)
    i.MX_TIM4_Init                           0x0800270c   Section        0  tim.o(i.MX_TIM4_Init)
    i.MX_TIM5_Init                           0x080027b0   Section        0  tim.o(i.MX_TIM5_Init)
    i.MX_TIM6_Init                           0x08002820   Section        0  tim.o(i.MX_TIM6_Init)
    i.MX_TIM7_Init                           0x08002878   Section        0  tim.o(i.MX_TIM7_Init)
    i.MemManage_Handler                      0x080028d0   Section        0  stm32f4xx_it.o(i.MemManage_Handler)
    i.Motor_Init                             0x080028d2   Section        0  motor_control.o(i.Motor_Init)
    i.NMI_Handler                            0x08002910   Section        0  stm32f4xx_it.o(i.NMI_Handler)
    i.NVIC_SetPriority                       0x08002912   Section        0  stm32f4xx_hal_cortex.o(i.NVIC_SetPriority)
    NVIC_SetPriority                         0x08002913   Thumb Code    32  stm32f4xx_hal_cortex.o(i.NVIC_SetPriority)
    i.PendSV_Handler                         0x08002932   Section        0  stm32f4xx_it.o(i.PendSV_Handler)
    i.SVC_Handler                            0x08002934   Section        0  stm32f4xx_it.o(i.SVC_Handler)
    i.Stm32_Clock_Init                       0x08002938   Section        0  sys.o(i.Stm32_Clock_Init)
    i.SysTick_Handler                        0x080029b4   Section        0  stm32f4xx_it.o(i.SysTick_Handler)
    i.SystemInit                             0x080029c4   Section        0  system_stm32f4xx.o(i.SystemInit)
    i.TIM1_UP_TIM10_IRQHandler               0x08002a18   Section        0  stm32f4xx_it.o(i.TIM1_UP_TIM10_IRQHandler)
    i.TIM2_IRQHandler                        0x08002a24   Section        0  stm32f4xx_it.o(i.TIM2_IRQHandler)
    i.TIM3_IRQHandler                        0x08002a30   Section        0  stm32f4xx_it.o(i.TIM3_IRQHandler)
    i.TIM4_IRQHandler                        0x08002a3c   Section        0  stm32f4xx_it.o(i.TIM4_IRQHandler)
    i.TIM5_IRQHandler                        0x08002a48   Section        0  stm32f4xx_it.o(i.TIM5_IRQHandler)
    i.TIM6_DAC_IRQHandler                    0x08002a54   Section        0  stm32f4xx_it.o(i.TIM6_DAC_IRQHandler)
    i.TIM7_IRQHandler                        0x08002a60   Section        0  stm32f4xx_it.o(i.TIM7_IRQHandler)
    i.TIM_Base_SetConfig                     0x08002a6c   Section        0  stm32f4xx_hal_tim.o(i.TIM_Base_SetConfig)
    i.TIM_CCxChannelCmd                      0x08002b2c   Section        0  stm32f4xx_hal_tim.o(i.TIM_CCxChannelCmd)
    i.TIM_ETR_SetConfig                      0x08002b42   Section        0  stm32f4xx_hal_tim.o(i.TIM_ETR_SetConfig)
    TIM_ETR_SetConfig                        0x08002b43   Thumb Code    20  stm32f4xx_hal_tim.o(i.TIM_ETR_SetConfig)
    i.TIM_ITRx_SetConfig                     0x08002b56   Section        0  stm32f4xx_hal_tim.o(i.TIM_ITRx_SetConfig)
    TIM_ITRx_SetConfig                       0x08002b57   Thumb Code    16  stm32f4xx_hal_tim.o(i.TIM_ITRx_SetConfig)
    i.TIM_OC1_SetConfig                      0x08002b68   Section        0  stm32f4xx_hal_tim.o(i.TIM_OC1_SetConfig)
    TIM_OC1_SetConfig                        0x08002b69   Thumb Code    80  stm32f4xx_hal_tim.o(i.TIM_OC1_SetConfig)
    i.TIM_OC2_SetConfig                      0x08002bc0   Section        0  stm32f4xx_hal_tim.o(i.TIM_OC2_SetConfig)
    i.TIM_OC3_SetConfig                      0x08002c24   Section        0  stm32f4xx_hal_tim.o(i.TIM_OC3_SetConfig)
    TIM_OC3_SetConfig                        0x08002c25   Thumb Code    88  stm32f4xx_hal_tim.o(i.TIM_OC3_SetConfig)
    i.TIM_OC4_SetConfig                      0x08002c84   Section        0  stm32f4xx_hal_tim.o(i.TIM_OC4_SetConfig)
    TIM_OC4_SetConfig                        0x08002c85   Thumb Code    70  stm32f4xx_hal_tim.o(i.TIM_OC4_SetConfig)
    i.TIM_TI1_ConfigInputStage               0x08002cd4   Section        0  stm32f4xx_hal_tim.o(i.TIM_TI1_ConfigInputStage)
    TIM_TI1_ConfigInputStage                 0x08002cd5   Thumb Code    34  stm32f4xx_hal_tim.o(i.TIM_TI1_ConfigInputStage)
    i.TIM_TI2_ConfigInputStage               0x08002cf6   Section        0  stm32f4xx_hal_tim.o(i.TIM_TI2_ConfigInputStage)
    TIM_TI2_ConfigInputStage                 0x08002cf7   Thumb Code    36  stm32f4xx_hal_tim.o(i.TIM_TI2_ConfigInputStage)
    i.UART_DMAAbortOnError                   0x08002d1a   Section        0  stm32f4xx_hal_uart.o(i.UART_DMAAbortOnError)
    UART_DMAAbortOnError                     0x08002d1b   Thumb Code    16  stm32f4xx_hal_uart.o(i.UART_DMAAbortOnError)
    i.UART_EndRxTransfer                     0x08002d2a   Section        0  stm32f4xx_hal_uart.o(i.UART_EndRxTransfer)
    UART_EndRxTransfer                       0x08002d2b   Thumb Code    28  stm32f4xx_hal_uart.o(i.UART_EndRxTransfer)
    i.UART_Receive_IT                        0x08002d46   Section        0  stm32f4xx_hal_uart.o(i.UART_Receive_IT)
    UART_Receive_IT                          0x08002d47   Thumb Code   140  stm32f4xx_hal_uart.o(i.UART_Receive_IT)
    i.UART_SetConfig                         0x08002dd4   Section        0  stm32f4xx_hal_uart.o(i.UART_SetConfig)
    UART_SetConfig                           0x08002dd5   Thumb Code   676  stm32f4xx_hal_uart.o(i.UART_SetConfig)
    i.UART_Transmit_IT                       0x08003080   Section        0  stm32f4xx_hal_uart.o(i.UART_Transmit_IT)
    UART_Transmit_IT                         0x08003081   Thumb Code    98  stm32f4xx_hal_uart.o(i.UART_Transmit_IT)
    i.USART1_IRQHandler                      0x080030e4   Section        0  usart.o(i.USART1_IRQHandler)
    i.UsageFault_Handler                     0x08003110   Section        0  stm32f4xx_it.o(i.UsageFault_Handler)
    i.X_Control                              0x08003114   Section        0  arm_control.o(i.X_Control)
    i.Y_Control                              0x08003174   Section        0  arm_control.o(i.Y_Control)
    i.Z_Control                              0x080031d4   Section        0  arm_control.o(i.Z_Control)
    i._Error_Handler                         0x08003220   Section        0  main.o(i._Error_Handler)
    i.__0printf                              0x08003224   Section        0  printfa.o(i.__0printf)
    i.__ARM_fpclassify                       0x08003244   Section        0  fpclassify.o(i.__ARM_fpclassify)
    i.__hardfp_exp                           0x08003278   Section        0  exp.o(i.__hardfp_exp)
    i.__kernel_poly                          0x080035d0   Section        0  poly.o(i.__kernel_poly)
    i.__mathlib_dbl_infnan                   0x080036c8   Section        0  dunder.o(i.__mathlib_dbl_infnan)
    i.__mathlib_dbl_overflow                 0x080036e0   Section        0  dunder.o(i.__mathlib_dbl_overflow)
    i.__mathlib_dbl_underflow                0x08003700   Section        0  dunder.o(i.__mathlib_dbl_underflow)
    i.__scatterload_copy                     0x08003720   Section       14  handlers.o(i.__scatterload_copy)
    i.__scatterload_null                     0x0800372e   Section        2  handlers.o(i.__scatterload_null)
    i.__scatterload_zeroinit                 0x08003730   Section       14  handlers.o(i.__scatterload_zeroinit)
    i.__set_errno                            0x08003740   Section        0  errno.o(i.__set_errno)
    i._fp_digits                             0x0800374c   Section        0  printfa.o(i._fp_digits)
    _fp_digits                               0x0800374d   Thumb Code   366  printfa.o(i._fp_digits)
    i._printf_core                           0x080038d0   Section        0  printfa.o(i._printf_core)
    _printf_core                             0x080038d1   Thumb Code  1744  printfa.o(i._printf_core)
    i._printf_post_padding                   0x08003fac   Section        0  printfa.o(i._printf_post_padding)
    _printf_post_padding                     0x08003fad   Thumb Code    36  printfa.o(i._printf_post_padding)
    i._printf_pre_padding                    0x08003fd0   Section        0  printfa.o(i._printf_pre_padding)
    _printf_pre_padding                      0x08003fd1   Thumb Code    46  printfa.o(i._printf_pre_padding)
    i.delay_init                             0x08004000   Section        0  delay.o(i.delay_init)
    i.delay_ms                               0x08004014   Section        0  delay.o(i.delay_ms)
    i.delay_us                               0x08004030   Section        0  delay.o(i.delay_us)
    i.fputc                                  0x08004064   Section        0  usart.o(i.fputc)
    i.main                                   0x08004078   Section        0  main.o(i.main)
    i.uart_init                              0x08004a44   Section        0  usart.o(i.uart_init)
    i.x_Set_speed                            0x08004a7c   Section        0  motor_control.o(i.x_Set_speed)
    i.xy_Set_speed                           0x08004a90   Section        0  motor_control.o(i.xy_Set_speed)
    i.y_Set_speed                            0x08004ab4   Section        0  motor_control.o(i.y_Set_speed)
    i.z_Set_speed                            0x08004ac8   Section        0  motor_control.o(i.z_Set_speed)
    .constdata                               0x08004adc   Section       16  system_stm32f4xx.o(.constdata)
    .constdata                               0x08004aec   Section        8  system_stm32f4xx.o(.constdata)
    .constdata                               0x08004af8   Section       88  exp.o(.constdata)
    halF                                     0x08004af8   Data          16  exp.o(.constdata)
    ln2HI                                    0x08004b08   Data          16  exp.o(.constdata)
    ln2LO                                    0x08004b18   Data          16  exp.o(.constdata)
    P                                        0x08004b28   Data          40  exp.o(.constdata)
    .data                                    0x20000000   Section       12  stm32f4xx_hal.o(.data)
    .data                                    0x2000000c   Section       36  main.o(.data)
    Glue_Machine_High                        0x20000018   Data           4  main.o(.data)
    Y_Tool_Mov_Distance                      0x2000001c   Data           4  main.o(.data)
    X_Tool_Groove_Distance                   0x20000020   Data           4  main.o(.data)
    Y_Tool_Groove_Distance                   0x20000024   Data           4  main.o(.data)
    Z_Improve                                0x20000028   Data           4  main.o(.data)
    Y_LR_Tool_Mov_Distance                   0x2000002c   Data           4  main.o(.data)
    .data                                    0x20000030   Section        4  system_stm32f4xx.o(.data)
    .data                                    0x20000034   Section        4  delay.o(.data)
    fac_us                                   0x20000034   Data           4  delay.o(.data)
    .data                                    0x20000038   Section        4  usart.o(.data)
    .data                                    0x2000003c   Section        4  usart.o(.data)
    .data                                    0x20000040   Section       12  tim.o(.data)
    .data                                    0x2000004c   Section        6  key_limit.o(.data)
    .data                                    0x20000052   Section        1  arm_control.o(.data)
    .data                                    0x20000054   Section        4  errno.o(.data)
    _errno                                   0x20000054   Data           4  errno.o(.data)
    .bss                                     0x20000058   Section     6300  main.o(.bss)
    .bss                                     0x200018f4   Section       96  main.o(.bss)
    .bss                                     0x20001954   Section      264  usart.o(.bss)
    .bss                                     0x20001a5c   Section      480  tim.o(.bss)
    .bss                                     0x20001c3c   Section       12  arm_control.o(.bss)
    STACK                                    0x20001c48   Section     1024  startup_stm32f407xx.o(STACK)

    Global Symbols

    Symbol Name                              Value     Ov Type        Size  Object(Section)

    BuildAttributes$$THM_ISAv4$E$P$D$K$B$S$7EM$VFPi3$EXTD16$VFPS$VFMA$PE$A:L22UL41UL21$X:L11$S22US41US21$IEEE1$IW$USESV6$~STKCKD$USESV7$~SHL$OTIME$ROPI$IEEEX$EBA8$MICROLIB$REQ8$PRES8$EABIv2 0x00000000   Number         0  anon$$obj.o ABSOLUTE
    __ARM_use_no_argv                        0x00000000   Number         0  main.o ABSOLUTE
    __use_no_errno                           0x00000000   Number         0  useno.o ABSOLUTE
    __use_no_exception_handling              0x00000000   Number         0  useno.o ABSOLUTE
    __use_no_fp                              0x00000000   Number         0  useno.o ABSOLUTE
    __use_no_heap                            0x00000000   Number         0  useno.o ABSOLUTE
    __use_no_heap_region                     0x00000000   Number         0  useno.o ABSOLUTE
    __use_no_semihosting                     0x00000000   Number         0  useno.o ABSOLUTE
    __use_no_semihosting_swi                 0x00000000   Number         0  useno.o ABSOLUTE
    __use_no_signal_handling                 0x00000000   Number         0  useno.o ABSOLUTE
    _printf_a                                0x00000000   Number         0  stubs.o ABSOLUTE
    _printf_c                                0x00000000   Number         0  stubs.o ABSOLUTE
    _printf_charcount                        0x00000000   Number         0  stubs.o ABSOLUTE
    _printf_d                                0x00000000   Number         0  stubs.o ABSOLUTE
    _printf_e                                0x00000000   Number         0  stubs.o ABSOLUTE
    _printf_f                                0x00000000   Number         0  stubs.o ABSOLUTE
    _printf_flags                            0x00000000   Number         0  stubs.o ABSOLUTE
    _printf_fp_dec                           0x00000000   Number         0  stubs.o ABSOLUTE
    _printf_fp_hex                           0x00000000   Number         0  stubs.o ABSOLUTE
    _printf_g                                0x00000000   Number         0  stubs.o ABSOLUTE
    _printf_i                                0x00000000   Number         0  stubs.o ABSOLUTE
    _printf_int_dec                          0x00000000   Number         0  stubs.o ABSOLUTE
    _printf_l                                0x00000000   Number         0  stubs.o ABSOLUTE
    _printf_lc                               0x00000000   Number         0  stubs.o ABSOLUTE
    _printf_ll                               0x00000000   Number         0  stubs.o ABSOLUTE
    _printf_lld                              0x00000000   Number         0  stubs.o ABSOLUTE
    _printf_lli                              0x00000000   Number         0  stubs.o ABSOLUTE
    _printf_llo                              0x00000000   Number         0  stubs.o ABSOLUTE
    _printf_llu                              0x00000000   Number         0  stubs.o ABSOLUTE
    _printf_llx                              0x00000000   Number         0  stubs.o ABSOLUTE
    _printf_longlong_dec                     0x00000000   Number         0  stubs.o ABSOLUTE
    _printf_longlong_hex                     0x00000000   Number         0  stubs.o ABSOLUTE
    _printf_longlong_oct                     0x00000000   Number         0  stubs.o ABSOLUTE
    _printf_ls                               0x00000000   Number         0  stubs.o ABSOLUTE
    _printf_mbtowc                           0x00000000   Number         0  stubs.o ABSOLUTE
    _printf_n                                0x00000000   Number         0  stubs.o ABSOLUTE
    _printf_o                                0x00000000   Number         0  stubs.o ABSOLUTE
    _printf_p                                0x00000000   Number         0  stubs.o ABSOLUTE
    _printf_percent                          0x00000000   Number         0  stubs.o ABSOLUTE
    _printf_pre_padding                      0x00000000   Number         0  stubs.o ABSOLUTE
    _printf_return_value                     0x00000000   Number         0  stubs.o ABSOLUTE
    _printf_s                                0x00000000   Number         0  stubs.o ABSOLUTE
    _printf_sizespec                         0x00000000   Number         0  stubs.o ABSOLUTE
    _printf_str                              0x00000000   Number         0  stubs.o ABSOLUTE
    _printf_truncate_signed                  0x00000000   Number         0  stubs.o ABSOLUTE
    _printf_truncate_unsigned                0x00000000   Number         0  stubs.o ABSOLUTE
    _printf_u                                0x00000000   Number         0  stubs.o ABSOLUTE
    _printf_wc                               0x00000000   Number         0  stubs.o ABSOLUTE
    _printf_wctomb                           0x00000000   Number         0  stubs.o ABSOLUTE
    _printf_widthprec                        0x00000000   Number         0  stubs.o ABSOLUTE
    _printf_x                                0x00000000   Number         0  stubs.o ABSOLUTE
    __cpp_initialize__aeabi_                  - Undefined Weak Reference
    __cxa_finalize                            - Undefined Weak Reference
    __decompress                              - Undefined Weak Reference
    _clock_init                               - Undefined Weak Reference
    _microlib_exit                            - Undefined Weak Reference
    __Vectors_Size                           0x00000188   Number         0  startup_stm32f407xx.o ABSOLUTE
    __Vectors                                0x08000000   Data           4  startup_stm32f407xx.o(RESET)
    __Vectors_End                            0x08000188   Data           0  startup_stm32f407xx.o(RESET)
    __main                                   0x08000189   Thumb Code     0  entry.o(.ARM.Collect$$$$00000000)
    _main_stk                                0x08000189   Thumb Code     0  entry2.o(.ARM.Collect$$$$00000001)
    _main_scatterload                        0x0800018d   Thumb Code     0  entry5.o(.ARM.Collect$$$$00000004)
    __main_after_scatterload                 0x08000191   Thumb Code     0  entry5.o(.ARM.Collect$$$$00000004)
    _main_clock                              0x08000191   Thumb Code     0  entry7b.o(.ARM.Collect$$$$00000008)
    _main_cpp_init                           0x08000191   Thumb Code     0  entry8b.o(.ARM.Collect$$$$0000000A)
    _main_init                               0x08000191   Thumb Code     0  entry9a.o(.ARM.Collect$$$$0000000B)
    __rt_final_cpp                           0x08000199   Thumb Code     0  entry10a.o(.ARM.Collect$$$$0000000D)
    __rt_final_exit                          0x08000199   Thumb Code     0  entry11a.o(.ARM.Collect$$$$0000000F)
    Reset_Handler                            0x0800019d   Thumb Code     8  startup_stm32f407xx.o(.text)
    ADC_IRQHandler                           0x080001b7   Thumb Code     0  startup_stm32f407xx.o(.text)
    CAN1_RX0_IRQHandler                      0x080001b7   Thumb Code     0  startup_stm32f407xx.o(.text)
    CAN1_RX1_IRQHandler                      0x080001b7   Thumb Code     0  startup_stm32f407xx.o(.text)
    CAN1_SCE_IRQHandler                      0x080001b7   Thumb Code     0  startup_stm32f407xx.o(.text)
    CAN1_TX_IRQHandler                       0x080001b7   Thumb Code     0  startup_stm32f407xx.o(.text)
    CAN2_RX0_IRQHandler                      0x080001b7   Thumb Code     0  startup_stm32f407xx.o(.text)
    CAN2_RX1_IRQHandler                      0x080001b7   Thumb Code     0  startup_stm32f407xx.o(.text)
    CAN2_SCE_IRQHandler                      0x080001b7   Thumb Code     0  startup_stm32f407xx.o(.text)
    CAN2_TX_IRQHandler                       0x080001b7   Thumb Code     0  startup_stm32f407xx.o(.text)
    DCMI_IRQHandler                          0x080001b7   Thumb Code     0  startup_stm32f407xx.o(.text)
    DMA1_Stream0_IRQHandler                  0x080001b7   Thumb Code     0  startup_stm32f407xx.o(.text)
    DMA1_Stream1_IRQHandler                  0x080001b7   Thumb Code     0  startup_stm32f407xx.o(.text)
    DMA1_Stream2_IRQHandler                  0x080001b7   Thumb Code     0  startup_stm32f407xx.o(.text)
    DMA1_Stream3_IRQHandler                  0x080001b7   Thumb Code     0  startup_stm32f407xx.o(.text)
    DMA1_Stream4_IRQHandler                  0x080001b7   Thumb Code     0  startup_stm32f407xx.o(.text)
    DMA1_Stream5_IRQHandler                  0x080001b7   Thumb Code     0  startup_stm32f407xx.o(.text)
    DMA1_Stream6_IRQHandler                  0x080001b7   Thumb Code     0  startup_stm32f407xx.o(.text)
    DMA1_Stream7_IRQHandler                  0x080001b7   Thumb Code     0  startup_stm32f407xx.o(.text)
    DMA2_Stream0_IRQHandler                  0x080001b7   Thumb Code     0  startup_stm32f407xx.o(.text)
    DMA2_Stream1_IRQHandler                  0x080001b7   Thumb Code     0  startup_stm32f407xx.o(.text)
    DMA2_Stream3_IRQHandler                  0x080001b7   Thumb Code     0  startup_stm32f407xx.o(.text)
    DMA2_Stream4_IRQHandler                  0x080001b7   Thumb Code     0  startup_stm32f407xx.o(.text)
    DMA2_Stream5_IRQHandler                  0x080001b7   Thumb Code     0  startup_stm32f407xx.o(.text)
    DMA2_Stream6_IRQHandler                  0x080001b7   Thumb Code     0  startup_stm32f407xx.o(.text)
    DMA2_Stream7_IRQHandler                  0x080001b7   Thumb Code     0  startup_stm32f407xx.o(.text)
    ETH_IRQHandler                           0x080001b7   Thumb Code     0  startup_stm32f407xx.o(.text)
    ETH_WKUP_IRQHandler                      0x080001b7   Thumb Code     0  startup_stm32f407xx.o(.text)
    EXTI0_IRQHandler                         0x080001b7   Thumb Code     0  startup_stm32f407xx.o(.text)
    EXTI1_IRQHandler                         0x080001b7   Thumb Code     0  startup_stm32f407xx.o(.text)
    EXTI2_IRQHandler                         0x080001b7   Thumb Code     0  startup_stm32f407xx.o(.text)
    EXTI3_IRQHandler                         0x080001b7   Thumb Code     0  startup_stm32f407xx.o(.text)
    EXTI4_IRQHandler                         0x080001b7   Thumb Code     0  startup_stm32f407xx.o(.text)
    FLASH_IRQHandler                         0x080001b7   Thumb Code     0  startup_stm32f407xx.o(.text)
    FMC_IRQHandler                           0x080001b7   Thumb Code     0  startup_stm32f407xx.o(.text)
    FPU_IRQHandler                           0x080001b7   Thumb Code     0  startup_stm32f407xx.o(.text)
    HASH_RNG_IRQHandler                      0x080001b7   Thumb Code     0  startup_stm32f407xx.o(.text)
    I2C1_ER_IRQHandler                       0x080001b7   Thumb Code     0  startup_stm32f407xx.o(.text)
    I2C1_EV_IRQHandler                       0x080001b7   Thumb Code     0  startup_stm32f407xx.o(.text)
    I2C2_ER_IRQHandler                       0x080001b7   Thumb Code     0  startup_stm32f407xx.o(.text)
    I2C2_EV_IRQHandler                       0x080001b7   Thumb Code     0  startup_stm32f407xx.o(.text)
    I2C3_ER_IRQHandler                       0x080001b7   Thumb Code     0  startup_stm32f407xx.o(.text)
    I2C3_EV_IRQHandler                       0x080001b7   Thumb Code     0  startup_stm32f407xx.o(.text)
    OTG_FS_IRQHandler                        0x080001b7   Thumb Code     0  startup_stm32f407xx.o(.text)
    OTG_FS_WKUP_IRQHandler                   0x080001b7   Thumb Code     0  startup_stm32f407xx.o(.text)
    OTG_HS_EP1_IN_IRQHandler                 0x080001b7   Thumb Code     0  startup_stm32f407xx.o(.text)
    OTG_HS_EP1_OUT_IRQHandler                0x080001b7   Thumb Code     0  startup_stm32f407xx.o(.text)
    OTG_HS_IRQHandler                        0x080001b7   Thumb Code     0  startup_stm32f407xx.o(.text)
    OTG_HS_WKUP_IRQHandler                   0x080001b7   Thumb Code     0  startup_stm32f407xx.o(.text)
    PVD_IRQHandler                           0x080001b7   Thumb Code     0  startup_stm32f407xx.o(.text)
    RCC_IRQHandler                           0x080001b7   Thumb Code     0  startup_stm32f407xx.o(.text)
    RTC_Alarm_IRQHandler                     0x080001b7   Thumb Code     0  startup_stm32f407xx.o(.text)
    RTC_WKUP_IRQHandler                      0x080001b7   Thumb Code     0  startup_stm32f407xx.o(.text)
    SDIO_IRQHandler                          0x080001b7   Thumb Code     0  startup_stm32f407xx.o(.text)
    SPI1_IRQHandler                          0x080001b7   Thumb Code     0  startup_stm32f407xx.o(.text)
    SPI2_IRQHandler                          0x080001b7   Thumb Code     0  startup_stm32f407xx.o(.text)
    SPI3_IRQHandler                          0x080001b7   Thumb Code     0  startup_stm32f407xx.o(.text)
    TAMP_STAMP_IRQHandler                    0x080001b7   Thumb Code     0  startup_stm32f407xx.o(.text)
    TIM1_BRK_TIM9_IRQHandler                 0x080001b7   Thumb Code     0  startup_stm32f407xx.o(.text)
    TIM1_CC_IRQHandler                       0x080001b7   Thumb Code     0  startup_stm32f407xx.o(.text)
    TIM1_TRG_COM_TIM11_IRQHandler            0x080001b7   Thumb Code     0  startup_stm32f407xx.o(.text)
    TIM8_BRK_TIM12_IRQHandler                0x080001b7   Thumb Code     0  startup_stm32f407xx.o(.text)
    TIM8_CC_IRQHandler                       0x080001b7   Thumb Code     0  startup_stm32f407xx.o(.text)
    TIM8_TRG_COM_TIM14_IRQHandler            0x080001b7   Thumb Code     0  startup_stm32f407xx.o(.text)
    TIM8_UP_TIM13_IRQHandler                 0x080001b7   Thumb Code     0  startup_stm32f407xx.o(.text)
    UART4_IRQHandler                         0x080001b7   Thumb Code     0  startup_stm32f407xx.o(.text)
    UART5_IRQHandler                         0x080001b7   Thumb Code     0  startup_stm32f407xx.o(.text)
    USART2_IRQHandler                        0x080001b7   Thumb Code     0  startup_stm32f407xx.o(.text)
    USART3_IRQHandler                        0x080001b7   Thumb Code     0  startup_stm32f407xx.o(.text)
    USART6_IRQHandler                        0x080001b7   Thumb Code     0  startup_stm32f407xx.o(.text)
    WWDG_IRQHandler                          0x080001b7   Thumb Code     0  startup_stm32f407xx.o(.text)
    __aeabi_uldivmod                         0x080001c1   Thumb Code    98  uldiv.o(.text)
    __aeabi_dadd                             0x08000223   Thumb Code   322  dadd.o(.text)
    __aeabi_dsub                             0x08000365   Thumb Code     6  dadd.o(.text)
    __aeabi_drsub                            0x0800036b   Thumb Code     6  dadd.o(.text)
    __aeabi_ddiv                             0x08000371   Thumb Code   222  ddiv.o(.text)
    __aeabi_f2d                              0x0800044f   Thumb Code    38  f2d.o(.text)
    __aeabi_d2f                              0x08000475   Thumb Code    56  d2f.o(.text)
    __aeabi_uidiv                            0x080004ad   Thumb Code     0  uidiv.o(.text)
    __aeabi_uidivmod                         0x080004ad   Thumb Code    44  uidiv.o(.text)
    __aeabi_llsl                             0x080004d9   Thumb Code    30  llshl.o(.text)
    _ll_shift_l                              0x080004d9   Thumb Code     0  llshl.o(.text)
    __aeabi_llsr                             0x080004f7   Thumb Code    32  llushr.o(.text)
    _ll_ushift_r                             0x080004f7   Thumb Code     0  llushr.o(.text)
    __aeabi_lasr                             0x08000517   Thumb Code    36  llsshr.o(.text)
    _ll_sshift_r                             0x08000517   Thumb Code     0  llsshr.o(.text)
    __I$use$fp                               0x0800053b   Thumb Code     0  iusefp.o(.text)
    _float_round                             0x0800053b   Thumb Code    18  fepilogue.o(.text)
    _float_epilogue                          0x0800054d   Thumb Code    92  fepilogue.o(.text)
    _double_round                            0x080005a9   Thumb Code    30  depilogue.o(.text)
    _double_epilogue                         0x080005c7   Thumb Code   156  depilogue.o(.text)
    __aeabi_dmul                             0x08000663   Thumb Code   228  dmul.o(.text)
    __aeabi_i2d                              0x08000747   Thumb Code    34  dflti.o(.text)
    __aeabi_d2iz                             0x08000769   Thumb Code    62  dfixi.o(.text)
    __aeabi_d2ulz                            0x080007a7   Thumb Code    48  dfixul.o(.text)
    __aeabi_cdcmpeq                          0x080007d9   Thumb Code     0  cdcmple.o(.text)
    __aeabi_cdcmple                          0x080007d9   Thumb Code    48  cdcmple.o(.text)
    __aeabi_cdrcmple                         0x08000809   Thumb Code    48  cdrcmple.o(.text)
    __scatterload                            0x08000839   Thumb Code    28  init.o(.text)
    __scatterload_rt2                        0x08000839   Thumb Code     0  init.o(.text)
    Arm_Init                                 0x0800085d   Thumb Code   110  arm_control.o(i.Arm_Init)
    BusFault_Handler                         0x080008e1   Thumb Code     2  stm32f4xx_it.o(i.BusFault_Handler)
    CalaculateSModel_Accel                   0x080008e5   Thumb Code   200  s_algorithm.o(i.CalaculateSModel_Accel)
    DMA2_Stream2_IRQHandler                  0x080009d9   Thumb Code     6  stm32f4xx_it.o(i.DMA2_Stream2_IRQHandler)
    DebugMon_Handler                         0x080009e5   Thumb Code     2  stm32f4xx_it.o(i.DebugMon_Handler)
    EXTI15_10_IRQHandler                     0x080009e7   Thumb Code    30  stm32f4xx_it.o(i.EXTI15_10_IRQHandler)
    EXTI9_5_IRQHandler                       0x08000a05   Thumb Code    28  stm32f4xx_it.o(i.EXTI9_5_IRQHandler)
    HAL_DMA_Abort_IT                         0x08000a21   Thumb Code    36  stm32f4xx_hal_dma.o(i.HAL_DMA_Abort_IT)
    HAL_DMA_IRQHandler                       0x08000a45   Thumb Code   412  stm32f4xx_hal_dma.o(i.HAL_DMA_IRQHandler)
    HAL_GPIO_EXTI_Callback                   0x08000be5   Thumb Code   140  key_limit.o(i.HAL_GPIO_EXTI_Callback)
    HAL_GPIO_EXTI_IRQHandler                 0x08000c81   Thumb Code    18  stm32f4xx_hal_gpio.o(i.HAL_GPIO_EXTI_IRQHandler)
    HAL_GPIO_Init                            0x08000c99   Thumb Code   388  stm32f4xx_hal_gpio.o(i.HAL_GPIO_Init)
    HAL_GPIO_ReadPin                         0x08000e49   Thumb Code    10  stm32f4xx_hal_gpio.o(i.HAL_GPIO_ReadPin)
    HAL_GPIO_WritePin                        0x08000e53   Thumb Code    10  stm32f4xx_hal_gpio.o(i.HAL_GPIO_WritePin)
    HAL_GetTick                              0x08000e5d   Thumb Code     6  stm32f4xx_hal.o(i.HAL_GetTick)
    HAL_IncTick                              0x08000e69   Thumb Code    12  stm32f4xx_hal.o(i.HAL_IncTick)
    HAL_Init                                 0x08000e79   Thumb Code    48  stm32f4xx_hal.o(i.HAL_Init)
    HAL_InitTick                             0x08000ead   Thumb Code    54  stm32f4xx_hal.o(i.HAL_InitTick)
    HAL_MspInit                              0x08000eed   Thumb Code    88  stm32f4xx_hal_msp.o(i.HAL_MspInit)
    HAL_NVIC_EnableIRQ                       0x08000f45   Thumb Code    22  stm32f4xx_hal_cortex.o(i.HAL_NVIC_EnableIRQ)
    HAL_NVIC_SetPriority                     0x08000f5d   Thumb Code    60  stm32f4xx_hal_cortex.o(i.HAL_NVIC_SetPriority)
    HAL_NVIC_SetPriorityGrouping             0x08000f9d   Thumb Code    26  stm32f4xx_hal_cortex.o(i.HAL_NVIC_SetPriorityGrouping)
    HAL_RCC_ClockConfig                      0x08000fc1   Thumb Code   286  stm32f4xx_hal_rcc.o(i.HAL_RCC_ClockConfig)
    HAL_RCC_GetPCLK1Freq                     0x080010f1   Thumb Code    20  stm32f4xx_hal_rcc.o(i.HAL_RCC_GetPCLK1Freq)
    HAL_RCC_GetPCLK2Freq                     0x08001111   Thumb Code    20  stm32f4xx_hal_rcc.o(i.HAL_RCC_GetPCLK2Freq)
    HAL_RCC_GetSysClockFreq                  0x08001131   Thumb Code    88  stm32f4xx_hal_rcc.o(i.HAL_RCC_GetSysClockFreq)
    HAL_RCC_OscConfig                        0x08001191   Thumb Code   770  stm32f4xx_hal_rcc.o(i.HAL_RCC_OscConfig)
    HAL_SYSTICK_CLKSourceConfig              0x080014ad   Thumb Code    24  stm32f4xx_hal_cortex.o(i.HAL_SYSTICK_CLKSourceConfig)
    HAL_SYSTICK_Callback                     0x080014c5   Thumb Code     2  stm32f4xx_hal_cortex.o(i.HAL_SYSTICK_Callback)
    HAL_SYSTICK_Config                       0x080014c7   Thumb Code    40  stm32f4xx_hal_cortex.o(i.HAL_SYSTICK_Config)
    HAL_SYSTICK_IRQHandler                   0x080014ef   Thumb Code     8  stm32f4xx_hal_cortex.o(i.HAL_SYSTICK_IRQHandler)
    HAL_TIMEx_BreakCallback                  0x080014f7   Thumb Code     2  stm32f4xx_hal_tim_ex.o(i.HAL_TIMEx_BreakCallback)
    HAL_TIMEx_CommutationCallback            0x080014f9   Thumb Code     2  stm32f4xx_hal_tim_ex.o(i.HAL_TIMEx_CommutationCallback)
    HAL_TIMEx_MasterConfigSynchronization    0x080014fb   Thumb Code    80  stm32f4xx_hal_tim_ex.o(i.HAL_TIMEx_MasterConfigSynchronization)
    HAL_TIM_Base_Init                        0x0800154b   Thumb Code    54  stm32f4xx_hal_tim.o(i.HAL_TIM_Base_Init)
    HAL_TIM_Base_MspInit                     0x08001581   Thumb Code   292  stm32f4xx_hal_msp.o(i.HAL_TIM_Base_MspInit)
    HAL_TIM_Base_Start_IT                    0x080016c5   Thumb Code    24  stm32f4xx_hal_tim.o(i.HAL_TIM_Base_Start_IT)
    HAL_TIM_Base_Stop_IT                     0x080016dd   Thumb Code    42  stm32f4xx_hal_tim.o(i.HAL_TIM_Base_Stop_IT)
    HAL_TIM_ConfigClockSource                0x08001707   Thumb Code   242  stm32f4xx_hal_tim.o(i.HAL_TIM_ConfigClockSource)
    HAL_TIM_IC_CaptureCallback               0x080017f9   Thumb Code     2  stm32f4xx_hal_tim.o(i.HAL_TIM_IC_CaptureCallback)
    HAL_TIM_IRQHandler                       0x080017fb   Thumb Code   358  stm32f4xx_hal_tim.o(i.HAL_TIM_IRQHandler)
    HAL_TIM_MspPostInit                      0x08001961   Thumb Code    90  stm32f4xx_hal_msp.o(i.HAL_TIM_MspPostInit)
    HAL_TIM_OC_DelayElapsedCallback          0x080019d1   Thumb Code     2  stm32f4xx_hal_tim.o(i.HAL_TIM_OC_DelayElapsedCallback)
    HAL_TIM_PWM_ConfigChannel                0x080019d3   Thumb Code   208  stm32f4xx_hal_tim.o(i.HAL_TIM_PWM_ConfigChannel)
    HAL_TIM_PWM_Init                         0x08001aa3   Thumb Code    54  stm32f4xx_hal_tim.o(i.HAL_TIM_PWM_Init)
    HAL_TIM_PWM_MspInit                      0x08001ad9   Thumb Code     2  stm32f4xx_hal_tim.o(i.HAL_TIM_PWM_MspInit)
    HAL_TIM_PWM_PulseFinishedCallback        0x08001adb   Thumb Code     2  stm32f4xx_hal_tim.o(i.HAL_TIM_PWM_PulseFinishedCallback)
    HAL_TIM_PWM_Start                        0x08001add   Thumb Code    48  stm32f4xx_hal_tim.o(i.HAL_TIM_PWM_Start)
    HAL_TIM_PWM_Stop                         0x08001b15   Thumb Code    84  stm32f4xx_hal_tim.o(i.HAL_TIM_PWM_Stop)
    HAL_TIM_PeriodElapsedCallback            0x08001b71   Thumb Code   946  tim.o(i.HAL_TIM_PeriodElapsedCallback)
    HAL_TIM_TriggerCallback                  0x08001fdd   Thumb Code     2  stm32f4xx_hal_tim.o(i.HAL_TIM_TriggerCallback)
    HAL_UART_ErrorCallback                   0x08001fdf   Thumb Code     2  stm32f4xx_hal_uart.o(i.HAL_UART_ErrorCallback)
    HAL_UART_GetState                        0x08001fe1   Thumb Code    10  stm32f4xx_hal_uart.o(i.HAL_UART_GetState)
    HAL_UART_IRQHandler                      0x08001fed   Thumb Code   266  stm32f4xx_hal_uart.o(i.HAL_UART_IRQHandler)
    HAL_UART_Init                            0x080020fd   Thumb Code    98  stm32f4xx_hal_uart.o(i.HAL_UART_Init)
    HAL_UART_MspInit                         0x08002161   Thumb Code   112  usart.o(i.HAL_UART_MspInit)
    HAL_UART_Receive_IT                      0x080021dd   Thumb Code    72  stm32f4xx_hal_uart.o(i.HAL_UART_Receive_IT)
    HAL_UART_RxCpltCallback                  0x08002225   Thumb Code    76  usart.o(i.HAL_UART_RxCpltCallback)
    HAL_UART_TxCpltCallback                  0x0800227d   Thumb Code     2  stm32f4xx_hal_uart.o(i.HAL_UART_TxCpltCallback)
    HardFault_Handler                        0x0800227f   Thumb Code     2  stm32f4xx_it.o(i.HardFault_Handler)
    Limit_control                            0x08002281   Thumb Code   358  key_limit.o(i.Limit_control)
    MX_TIM1_Init                             0x08002551   Thumb Code    96  tim.o(i.MX_TIM1_Init)
    MX_TIM2_Init                             0x080025c9   Thumb Code   140  tim.o(i.MX_TIM2_Init)
    MX_TIM3_Init                             0x08002669   Thumb Code   138  tim.o(i.MX_TIM3_Init)
    MX_TIM4_Init                             0x0800270d   Thumb Code   138  tim.o(i.MX_TIM4_Init)
    MX_TIM5_Init                             0x080027b1   Thumb Code    88  tim.o(i.MX_TIM5_Init)
    MX_TIM6_Init                             0x08002821   Thumb Code    62  tim.o(i.MX_TIM6_Init)
    MX_TIM7_Init                             0x08002879   Thumb Code    62  tim.o(i.MX_TIM7_Init)
    MemManage_Handler                        0x080028d1   Thumb Code     2  stm32f4xx_it.o(i.MemManage_Handler)
    Motor_Init                               0x080028d3   Thumb Code    62  motor_control.o(i.Motor_Init)
    NMI_Handler                              0x08002911   Thumb Code     2  stm32f4xx_it.o(i.NMI_Handler)
    PendSV_Handler                           0x08002933   Thumb Code     2  stm32f4xx_it.o(i.PendSV_Handler)
    SVC_Handler                              0x08002935   Thumb Code     2  stm32f4xx_it.o(i.SVC_Handler)
    Stm32_Clock_Init                         0x08002939   Thumb Code   116  sys.o(i.Stm32_Clock_Init)
    SysTick_Handler                          0x080029b5   Thumb Code    14  stm32f4xx_it.o(i.SysTick_Handler)
    SystemInit                               0x080029c5   Thumb Code    66  system_stm32f4xx.o(i.SystemInit)
    TIM1_UP_TIM10_IRQHandler                 0x08002a19   Thumb Code     6  stm32f4xx_it.o(i.TIM1_UP_TIM10_IRQHandler)
    TIM2_IRQHandler                          0x08002a25   Thumb Code     6  stm32f4xx_it.o(i.TIM2_IRQHandler)
    TIM3_IRQHandler                          0x08002a31   Thumb Code     6  stm32f4xx_it.o(i.TIM3_IRQHandler)
    TIM4_IRQHandler                          0x08002a3d   Thumb Code     6  stm32f4xx_it.o(i.TIM4_IRQHandler)
    TIM5_IRQHandler                          0x08002a49   Thumb Code     6  stm32f4xx_it.o(i.TIM5_IRQHandler)
    TIM6_DAC_IRQHandler                      0x08002a55   Thumb Code     6  stm32f4xx_it.o(i.TIM6_DAC_IRQHandler)
    TIM7_IRQHandler                          0x08002a61   Thumb Code     6  stm32f4xx_it.o(i.TIM7_IRQHandler)
    TIM_Base_SetConfig                       0x08002a6d   Thumb Code   148  stm32f4xx_hal_tim.o(i.TIM_Base_SetConfig)
    TIM_CCxChannelCmd                        0x08002b2d   Thumb Code    22  stm32f4xx_hal_tim.o(i.TIM_CCxChannelCmd)
    TIM_OC2_SetConfig                        0x08002bc1   Thumb Code    90  stm32f4xx_hal_tim.o(i.TIM_OC2_SetConfig)
    USART1_IRQHandler                        0x080030e5   Thumb Code    34  usart.o(i.USART1_IRQHandler)
    UsageFault_Handler                       0x08003111   Thumb Code     2  stm32f4xx_it.o(i.UsageFault_Handler)
    X_Control                                0x08003115   Thumb Code    82  arm_control.o(i.X_Control)
    Y_Control                                0x08003175   Thumb Code    82  arm_control.o(i.Y_Control)
    Z_Control                                0x080031d5   Thumb Code    62  arm_control.o(i.Z_Control)
    _Error_Handler                           0x08003221   Thumb Code     2  main.o(i._Error_Handler)
    __0printf                                0x08003225   Thumb Code    22  printfa.o(i.__0printf)
    __1printf                                0x08003225   Thumb Code     0  printfa.o(i.__0printf)
    __2printf                                0x08003225   Thumb Code     0  printfa.o(i.__0printf)
    __c89printf                              0x08003225   Thumb Code     0  printfa.o(i.__0printf)
    printf                                   0x08003225   Thumb Code     0  printfa.o(i.__0printf)
    __ARM_fpclassify                         0x08003245   Thumb Code    48  fpclassify.o(i.__ARM_fpclassify)
    __hardfp_exp                             0x08003279   Thumb Code   714  exp.o(i.__hardfp_exp)
    __kernel_poly                            0x080035d1   Thumb Code   248  poly.o(i.__kernel_poly)
    __mathlib_dbl_infnan                     0x080036c9   Thumb Code    20  dunder.o(i.__mathlib_dbl_infnan)
    __mathlib_dbl_overflow                   0x080036e1   Thumb Code    24  dunder.o(i.__mathlib_dbl_overflow)
    __mathlib_dbl_underflow                  0x08003701   Thumb Code    24  dunder.o(i.__mathlib_dbl_underflow)
    __scatterload_copy                       0x08003721   Thumb Code    14  handlers.o(i.__scatterload_copy)
    __scatterload_null                       0x0800372f   Thumb Code     2  handlers.o(i.__scatterload_null)
    __scatterload_zeroinit                   0x08003731   Thumb Code    14  handlers.o(i.__scatterload_zeroinit)
    __set_errno                              0x08003741   Thumb Code     6  errno.o(i.__set_errno)
    delay_init                               0x08004001   Thumb Code    16  delay.o(i.delay_init)
    delay_ms                                 0x08004015   Thumb Code    26  delay.o(i.delay_ms)
    delay_us                                 0x08004031   Thumb Code    48  delay.o(i.delay_us)
    fputc                                    0x08004065   Thumb Code    14  usart.o(i.fputc)
    main                                     0x08004079   Thumb Code  2458  main.o(i.main)
    uart_init                                0x08004a45   Thumb Code    44  usart.o(i.uart_init)
    x_Set_speed                              0x08004a7d   Thumb Code    16  motor_control.o(i.x_Set_speed)
    xy_Set_speed                             0x08004a91   Thumb Code    28  motor_control.o(i.xy_Set_speed)
    y_Set_speed                              0x08004ab5   Thumb Code    16  motor_control.o(i.y_Set_speed)
    z_Set_speed                              0x08004ac9   Thumb Code    16  motor_control.o(i.z_Set_speed)
    AHBPrescTable                            0x08004adc   Data          16  system_stm32f4xx.o(.constdata)
    APBPrescTable                            0x08004aec   Data           8  system_stm32f4xx.o(.constdata)
    Region$$Table$$Base                      0x08004b50   Number         0  anon$$obj.o(Region$$Table)
    Region$$Table$$Limit                     0x08004b70   Number         0  anon$$obj.o(Region$$Table)
    uwTickFreq                               0x20000000   Data           1  stm32f4xx_hal.o(.data)
    uwTickPrio                               0x20000004   Data           4  stm32f4xx_hal.o(.data)
    uwTick                                   0x20000008   Data           4  stm32f4xx_hal.o(.data)
    cycle                                    0x2000000c   Data           1  main.o(.data)
    X_TI_stuta                               0x2000000e   Data           2  main.o(.data)
    Y_TI_stuta                               0x20000010   Data           2  main.o(.data)
    Z_TI_stuta                               0x20000012   Data           2  main.o(.data)
    main_sta                                 0x20000014   Data           2  main.o(.data)
    SystemCoreClock                          0x20000030   Data           4  system_stm32f4xx.o(.data)
    aRxBuffer                                0x20000038   Data           1  usart.o(.data)
    USART_RX_STA                             0x2000003a   Data           2  usart.o(.data)
    __stdout                                 0x2000003c   Data           4  usart.o(.data)
    Z_num5                                   0x20000040   Data           2  tim.o(.data)
    Y_num6                                   0x20000042   Data           2  tim.o(.data)
    X_num7                                   0x20000044   Data           2  tim.o(.data)
    Z_Decel_Num                              0x20000046   Data           2  tim.o(.data)
    XY_Decel_Num                             0x20000048   Data           2  tim.o(.data)
    Wait_time_s                              0x2000004a   Data           2  tim.o(.data)
    X_Lim_L                                  0x2000004c   Data           1  key_limit.o(.data)
    X_Lim_R                                  0x2000004d   Data           1  key_limit.o(.data)
    Y_Lim_L                                  0x2000004e   Data           1  key_limit.o(.data)
    Y_Lim_R                                  0x2000004f   Data           1  key_limit.o(.data)
    Z_Lim_UP                                 0x20000050   Data           1  key_limit.o(.data)
    Z_Lim_D                                  0x20000051   Data           1  key_limit.o(.data)
    num                                      0x20000052   Data           1  arm_control.o(.data)
    Z_Accel_Freq                             0x20000058   Data        4000  main.o(.bss)
    Z_Accel_Period                           0x20000ff8   Data        2000  main.o(.bss)
    XY_Accel_Freq                            0x200017c8   Data         200  main.o(.bss)
    XY_Accel_Period                          0x20001890   Data         100  main.o(.bss)
    hdma_usart1_rx                           0x200018f4   Data          96  main.o(.bss)
    USART_RX_BUF                             0x20001954   Data         200  usart.o(.bss)
    UART1_Handler                            0x20001a1c   Data          64  usart.o(.bss)
    htim1                                    0x20001a5c   Data          60  tim.o(.bss)
    htim2                                    0x20001a98   Data          60  tim.o(.bss)
    htim3                                    0x20001ad4   Data          60  tim.o(.bss)
    htim4                                    0x20001b10   Data          60  tim.o(.bss)
    htim5                                    0x20001b4c   Data          60  tim.o(.bss)
    htim6                                    0x20001b88   Data          60  tim.o(.bss)
    htim7                                    0x20001bc4   Data          60  tim.o(.bss)
    htim12                                   0x20001c00   Data          60  tim.o(.bss)
    TIunm                                    0x20001c3c   Data          12  arm_control.o(.bss)
    __initial_sp                             0x20002048   Data           0  startup_stm32f407xx.o(STACK)



==============================================================================

Memory Map of the image

  Image Entry point : 0x08000189

  Load Region LR_IROM1 (Base: 0x08000000, Size: 0x00004bc8, Max: 0x00080000, ABSOLUTE)

    Execution Region ER_IROM1 (Base: 0x08000000, Size: 0x00004b70, Max: 0x00080000, ABSOLUTE)

    Base Addr    Size         Type   Attr      Idx    E Section Name        Object

    0x08000000   0x00000188   Data   RO            3    RESET               startup_stm32f407xx.o
    0x08000188   0x00000000   Code   RO         3064  * .ARM.Collect$$$$00000000  mc_w.l(entry.o)
    0x08000188   0x00000004   Code   RO         3357    .ARM.Collect$$$$00000001  mc_w.l(entry2.o)
    0x0800018c   0x00000004   Code   RO         3360    .ARM.Collect$$$$00000004  mc_w.l(entry5.o)
    0x08000190   0x00000000   Code   RO         3362    .ARM.Collect$$$$00000008  mc_w.l(entry7b.o)
    0x08000190   0x00000000   Code   RO         3364    .ARM.Collect$$$$0000000A  mc_w.l(entry8b.o)
    0x08000190   0x00000008   Code   RO         3365    .ARM.Collect$$$$0000000B  mc_w.l(entry9a.o)
    0x08000198   0x00000000   Code   RO         3367    .ARM.Collect$$$$0000000D  mc_w.l(entry10a.o)
    0x08000198   0x00000000   Code   RO         3369    .ARM.Collect$$$$0000000F  mc_w.l(entry11a.o)
    0x08000198   0x00000004   Code   RO         3358    .ARM.Collect$$$$00002712  mc_w.l(entry2.o)
    0x0800019c   0x00000024   Code   RO            4    .text               startup_stm32f407xx.o
    0x080001c0   0x00000062   Code   RO         3067    .text               mc_w.l(uldiv.o)
    0x08000222   0x0000014e   Code   RO         3330    .text               mf_w.l(dadd.o)
    0x08000370   0x000000de   Code   RO         3332    .text               mf_w.l(ddiv.o)
    0x0800044e   0x00000026   Code   RO         3334    .text               mf_w.l(f2d.o)
    0x08000474   0x00000038   Code   RO         3336    .text               mf_w.l(d2f.o)
    0x080004ac   0x0000002c   Code   RO         3371    .text               mc_w.l(uidiv.o)
    0x080004d8   0x0000001e   Code   RO         3373    .text               mc_w.l(llshl.o)
    0x080004f6   0x00000020   Code   RO         3375    .text               mc_w.l(llushr.o)
    0x08000516   0x00000024   Code   RO         3377    .text               mc_w.l(llsshr.o)
    0x0800053a   0x00000000   Code   RO         3386    .text               mc_w.l(iusefp.o)
    0x0800053a   0x0000006e   Code   RO         3387    .text               mf_w.l(fepilogue.o)
    0x080005a8   0x000000ba   Code   RO         3389    .text               mf_w.l(depilogue.o)
    0x08000662   0x000000e4   Code   RO         3391    .text               mf_w.l(dmul.o)
    0x08000746   0x00000022   Code   RO         3393    .text               mf_w.l(dflti.o)
    0x08000768   0x0000003e   Code   RO         3395    .text               mf_w.l(dfixi.o)
    0x080007a6   0x00000030   Code   RO         3397    .text               mf_w.l(dfixul.o)
    0x080007d6   0x00000002   PAD
    0x080007d8   0x00000030   Code   RO         3399    .text               mf_w.l(cdcmple.o)
    0x08000808   0x00000030   Code   RO         3401    .text               mf_w.l(cdrcmple.o)
    0x08000838   0x00000024   Code   RO         3403    .text               mc_w.l(init.o)
    0x0800085c   0x00000084   Code   RO         2879    i.Arm_Init          arm_control.o
    0x080008e0   0x00000002   Code   RO         2458    i.BusFault_Handler  stm32f4xx_it.o
    0x080008e2   0x00000002   PAD
    0x080008e4   0x000000f4   Code   RO         3019    i.CalaculateSModel_Accel  s_algorithm.o
    0x080009d8   0x0000000c   Code   RO         2459    i.DMA2_Stream2_IRQHandler  stm32f4xx_it.o
    0x080009e4   0x00000002   Code   RO         2460    i.DebugMon_Handler  stm32f4xx_it.o
    0x080009e6   0x0000001e   Code   RO         2461    i.EXTI15_10_IRQHandler  stm32f4xx_it.o
    0x08000a04   0x0000001c   Code   RO         2462    i.EXTI9_5_IRQHandler  stm32f4xx_it.o
    0x08000a20   0x00000024   Code   RO          177    i.HAL_DMA_Abort_IT  stm32f4xx_hal_dma.o
    0x08000a44   0x000001a0   Code   RO          181    i.HAL_DMA_IRQHandler  stm32f4xx_hal_dma.o
    0x08000be4   0x0000009c   Code   RO         2844    i.HAL_GPIO_EXTI_Callback  key_limit.o
    0x08000c80   0x00000018   Code   RO           15    i.HAL_GPIO_EXTI_IRQHandler  stm32f4xx_hal_gpio.o
    0x08000c98   0x000001b0   Code   RO           16    i.HAL_GPIO_Init     stm32f4xx_hal_gpio.o
    0x08000e48   0x0000000a   Code   RO           18    i.HAL_GPIO_ReadPin  stm32f4xx_hal_gpio.o
    0x08000e52   0x0000000a   Code   RO           20    i.HAL_GPIO_WritePin  stm32f4xx_hal_gpio.o
    0x08000e5c   0x0000000c   Code   RO         1429    i.HAL_GetTick       stm32f4xx_hal.o
    0x08000e68   0x00000010   Code   RO         1433    i.HAL_IncTick       stm32f4xx_hal.o
    0x08000e78   0x00000034   Code   RO         1434    i.HAL_Init          stm32f4xx_hal.o
    0x08000eac   0x00000040   Code   RO         1435    i.HAL_InitTick      stm32f4xx_hal.o
    0x08000eec   0x00000058   Code   RO         2415    i.HAL_MspInit       stm32f4xx_hal_msp.o
    0x08000f44   0x00000016   Code   RO          416    i.HAL_NVIC_EnableIRQ  stm32f4xx_hal_cortex.o
    0x08000f5a   0x00000002   PAD
    0x08000f5c   0x00000040   Code   RO          422    i.HAL_NVIC_SetPriority  stm32f4xx_hal_cortex.o
    0x08000f9c   0x00000024   Code   RO          423    i.HAL_NVIC_SetPriorityGrouping  stm32f4xx_hal_cortex.o
    0x08000fc0   0x00000130   Code   RO         1921    i.HAL_RCC_ClockConfig  stm32f4xx_hal_rcc.o
    0x080010f0   0x00000020   Code   RO         1928    i.HAL_RCC_GetPCLK1Freq  stm32f4xx_hal_rcc.o
    0x08001110   0x00000020   Code   RO         1929    i.HAL_RCC_GetPCLK2Freq  stm32f4xx_hal_rcc.o
    0x08001130   0x00000060   Code   RO         1930    i.HAL_RCC_GetSysClockFreq  stm32f4xx_hal_rcc.o
    0x08001190   0x0000031c   Code   RO         1933    i.HAL_RCC_OscConfig  stm32f4xx_hal_rcc.o
    0x080014ac   0x00000018   Code   RO          425    i.HAL_SYSTICK_CLKSourceConfig  stm32f4xx_hal_cortex.o
    0x080014c4   0x00000002   Code   RO          426    i.HAL_SYSTICK_Callback  stm32f4xx_hal_cortex.o
    0x080014c6   0x00000028   Code   RO          427    i.HAL_SYSTICK_Config  stm32f4xx_hal_cortex.o
    0x080014ee   0x00000008   Code   RO          428    i.HAL_SYSTICK_IRQHandler  stm32f4xx_hal_cortex.o
    0x080014f6   0x00000002   Code   RO         1177    i.HAL_TIMEx_BreakCallback  stm32f4xx_hal_tim_ex.o
    0x080014f8   0x00000002   Code   RO         1178    i.HAL_TIMEx_CommutationCallback  stm32f4xx_hal_tim_ex.o
    0x080014fa   0x00000050   Code   RO         1194    i.HAL_TIMEx_MasterConfigSynchronization  stm32f4xx_hal_tim_ex.o
    0x0800154a   0x00000036   Code   RO          548    i.HAL_TIM_Base_Init  stm32f4xx_hal_tim.o
    0x08001580   0x00000144   Code   RO         2417    i.HAL_TIM_Base_MspInit  stm32f4xx_hal_msp.o
    0x080016c4   0x00000018   Code   RO          553    i.HAL_TIM_Base_Start_IT  stm32f4xx_hal_tim.o
    0x080016dc   0x0000002a   Code   RO          556    i.HAL_TIM_Base_Stop_IT  stm32f4xx_hal_tim.o
    0x08001706   0x000000f2   Code   RO          557    i.HAL_TIM_ConfigClockSource  stm32f4xx_hal_tim.o
    0x080017f8   0x00000002   Code   RO          577    i.HAL_TIM_IC_CaptureCallback  stm32f4xx_hal_tim.o
    0x080017fa   0x00000166   Code   RO          590    i.HAL_TIM_IRQHandler  stm32f4xx_hal_tim.o
    0x08001960   0x00000070   Code   RO         2418    i.HAL_TIM_MspPostInit  stm32f4xx_hal_msp.o
    0x080019d0   0x00000002   Code   RO          593    i.HAL_TIM_OC_DelayElapsedCallback  stm32f4xx_hal_tim.o
    0x080019d2   0x000000d0   Code   RO          614    i.HAL_TIM_PWM_ConfigChannel  stm32f4xx_hal_tim.o
    0x08001aa2   0x00000036   Code   RO          617    i.HAL_TIM_PWM_Init  stm32f4xx_hal_tim.o
    0x08001ad8   0x00000002   Code   RO          619    i.HAL_TIM_PWM_MspInit  stm32f4xx_hal_tim.o
    0x08001ada   0x00000002   Code   RO          620    i.HAL_TIM_PWM_PulseFinishedCallback  stm32f4xx_hal_tim.o
    0x08001adc   0x00000038   Code   RO          621    i.HAL_TIM_PWM_Start  stm32f4xx_hal_tim.o
    0x08001b14   0x0000005c   Code   RO          624    i.HAL_TIM_PWM_Stop  stm32f4xx_hal_tim.o
    0x08001b70   0x0000046c   Code   RO         2764    i.HAL_TIM_PeriodElapsedCallback  tim.o
    0x08001fdc   0x00000002   Code   RO          631    i.HAL_TIM_TriggerCallback  stm32f4xx_hal_tim.o
    0x08001fde   0x00000002   Code   RO         2043    i.HAL_UART_ErrorCallback  stm32f4xx_hal_uart.o
    0x08001fe0   0x0000000a   Code   RO         2045    i.HAL_UART_GetState  stm32f4xx_hal_uart.o
    0x08001fea   0x00000002   PAD
    0x08001fec   0x00000110   Code   RO         2046    i.HAL_UART_IRQHandler  stm32f4xx_hal_uart.o
    0x080020fc   0x00000062   Code   RO         2047    i.HAL_UART_Init     stm32f4xx_hal_uart.o
    0x0800215e   0x00000002   PAD
    0x08002160   0x0000007c   Code   RO         2698    i.HAL_UART_MspInit  usart.o
    0x080021dc   0x00000048   Code   RO         2052    i.HAL_UART_Receive_IT  stm32f4xx_hal_uart.o
    0x08002224   0x00000058   Code   RO         2699    i.HAL_UART_RxCpltCallback  usart.o
    0x0800227c   0x00000002   Code   RO         2058    i.HAL_UART_TxCpltCallback  stm32f4xx_hal_uart.o
    0x0800227e   0x00000002   Code   RO         2463    i.HardFault_Handler  stm32f4xx_it.o
    0x08002280   0x00000188   Code   RO         2845    i.Limit_control     key_limit.o
    0x08002408   0x00000148   Code   RO         2348    i.MX_GPIO_Init      main.o
    0x08002550   0x00000078   Code   RO         2766    i.MX_TIM1_Init      tim.o
    0x080025c8   0x000000a0   Code   RO         2767    i.MX_TIM2_Init      tim.o
    0x08002668   0x000000a4   Code   RO         2768    i.MX_TIM3_Init      tim.o
    0x0800270c   0x000000a4   Code   RO         2769    i.MX_TIM4_Init      tim.o
    0x080027b0   0x00000070   Code   RO         2770    i.MX_TIM5_Init      tim.o
    0x08002820   0x00000058   Code   RO         2771    i.MX_TIM6_Init      tim.o
    0x08002878   0x00000058   Code   RO         2772    i.MX_TIM7_Init      tim.o
    0x080028d0   0x00000002   Code   RO         2464    i.MemManage_Handler  stm32f4xx_it.o
    0x080028d2   0x0000003e   Code   RO         2935    i.Motor_Init        motor_control.o
    0x08002910   0x00000002   Code   RO         2465    i.NMI_Handler       stm32f4xx_it.o
    0x08002912   0x00000020   Code   RO          429    i.NVIC_SetPriority  stm32f4xx_hal_cortex.o
    0x08002932   0x00000002   Code   RO         2466    i.PendSV_Handler    stm32f4xx_it.o
    0x08002934   0x00000002   Code   RO         2467    i.SVC_Handler       stm32f4xx_it.o
    0x08002936   0x00000002   PAD
    0x08002938   0x0000007c   Code   RO         2633    i.Stm32_Clock_Init  sys.o
    0x080029b4   0x0000000e   Code   RO         2468    i.SysTick_Handler   stm32f4xx_it.o
    0x080029c2   0x00000002   PAD
    0x080029c4   0x00000054   Code   RO         2595    i.SystemInit        system_stm32f4xx.o
    0x08002a18   0x0000000c   Code   RO         2469    i.TIM1_UP_TIM10_IRQHandler  stm32f4xx_it.o
    0x08002a24   0x0000000c   Code   RO         2470    i.TIM2_IRQHandler   stm32f4xx_it.o
    0x08002a30   0x0000000c   Code   RO         2471    i.TIM3_IRQHandler   stm32f4xx_it.o
    0x08002a3c   0x0000000c   Code   RO         2472    i.TIM4_IRQHandler   stm32f4xx_it.o
    0x08002a48   0x0000000c   Code   RO         2473    i.TIM5_IRQHandler   stm32f4xx_it.o
    0x08002a54   0x0000000c   Code   RO         2474    i.TIM6_DAC_IRQHandler  stm32f4xx_it.o
    0x08002a60   0x0000000c   Code   RO         2475    i.TIM7_IRQHandler   stm32f4xx_it.o
    0x08002a6c   0x000000c0   Code   RO          632    i.TIM_Base_SetConfig  stm32f4xx_hal_tim.o
    0x08002b2c   0x00000016   Code   RO          633    i.TIM_CCxChannelCmd  stm32f4xx_hal_tim.o
    0x08002b42   0x00000014   Code   RO          639    i.TIM_ETR_SetConfig  stm32f4xx_hal_tim.o
    0x08002b56   0x00000010   Code   RO          640    i.TIM_ITRx_SetConfig  stm32f4xx_hal_tim.o
    0x08002b66   0x00000002   PAD
    0x08002b68   0x00000058   Code   RO          641    i.TIM_OC1_SetConfig  stm32f4xx_hal_tim.o
    0x08002bc0   0x00000064   Code   RO          642    i.TIM_OC2_SetConfig  stm32f4xx_hal_tim.o
    0x08002c24   0x00000060   Code   RO          643    i.TIM_OC3_SetConfig  stm32f4xx_hal_tim.o
    0x08002c84   0x00000050   Code   RO          644    i.TIM_OC4_SetConfig  stm32f4xx_hal_tim.o
    0x08002cd4   0x00000022   Code   RO          646    i.TIM_TI1_ConfigInputStage  stm32f4xx_hal_tim.o
    0x08002cf6   0x00000024   Code   RO          648    i.TIM_TI2_ConfigInputStage  stm32f4xx_hal_tim.o
    0x08002d1a   0x00000010   Code   RO         2060    i.UART_DMAAbortOnError  stm32f4xx_hal_uart.o
    0x08002d2a   0x0000001c   Code   RO         2070    i.UART_EndRxTransfer  stm32f4xx_hal_uart.o
    0x08002d46   0x0000008c   Code   RO         2072    i.UART_Receive_IT   stm32f4xx_hal_uart.o
    0x08002dd2   0x00000002   PAD
    0x08002dd4   0x000002ac   Code   RO         2073    i.UART_SetConfig    stm32f4xx_hal_uart.o
    0x08003080   0x00000062   Code   RO         2074    i.UART_Transmit_IT  stm32f4xx_hal_uart.o
    0x080030e2   0x00000002   PAD
    0x080030e4   0x0000002c   Code   RO         2700    i.USART1_IRQHandler  usart.o
    0x08003110   0x00000002   Code   RO         2476    i.UsageFault_Handler  stm32f4xx_it.o
    0x08003112   0x00000002   PAD
    0x08003114   0x00000060   Code   RO         2880    i.X_Control         arm_control.o
    0x08003174   0x00000060   Code   RO         2881    i.Y_Control         arm_control.o
    0x080031d4   0x0000004c   Code   RO         2882    i.Z_Control         arm_control.o
    0x08003220   0x00000002   Code   RO         2349    i._Error_Handler    main.o
    0x08003222   0x00000002   PAD
    0x08003224   0x00000020   Code   RO         3302    i.__0printf         mc_w.l(printfa.o)
    0x08003244   0x00000030   Code   RO         3352    i.__ARM_fpclassify  m_wm.l(fpclassify.o)
    0x08003274   0x00000004   PAD
    0x08003278   0x00000358   Code   RO         3050    i.__hardfp_exp      m_wm.l(exp.o)
    0x080035d0   0x000000f8   Code   RO         3354    i.__kernel_poly     m_wm.l(poly.o)
    0x080036c8   0x00000014   Code   RO         3339    i.__mathlib_dbl_infnan  m_wm.l(dunder.o)
    0x080036dc   0x00000004   PAD
    0x080036e0   0x00000020   Code   RO         3342    i.__mathlib_dbl_overflow  m_wm.l(dunder.o)
    0x08003700   0x00000020   Code   RO         3344    i.__mathlib_dbl_underflow  m_wm.l(dunder.o)
    0x08003720   0x0000000e   Code   RO         3407    i.__scatterload_copy  mc_w.l(handlers.o)
    0x0800372e   0x00000002   Code   RO         3408    i.__scatterload_null  mc_w.l(handlers.o)
    0x08003730   0x0000000e   Code   RO         3409    i.__scatterload_zeroinit  mc_w.l(handlers.o)
    0x0800373e   0x00000002   PAD
    0x08003740   0x0000000c   Code   RO         3381    i.__set_errno       mc_w.l(errno.o)
    0x0800374c   0x00000184   Code   RO         3309    i._fp_digits        mc_w.l(printfa.o)
    0x080038d0   0x000006dc   Code   RO         3310    i._printf_core      mc_w.l(printfa.o)
    0x08003fac   0x00000024   Code   RO         3311    i._printf_post_padding  mc_w.l(printfa.o)
    0x08003fd0   0x0000002e   Code   RO         3312    i._printf_pre_padding  mc_w.l(printfa.o)
    0x08003ffe   0x00000002   PAD
    0x08004000   0x00000014   Code   RO         2660    i.delay_init        delay.o
    0x08004014   0x0000001a   Code   RO         2661    i.delay_ms          delay.o
    0x0800402e   0x00000002   PAD
    0x08004030   0x00000034   Code   RO         2662    i.delay_us          delay.o
    0x08004064   0x00000014   Code   RO         2702    i.fputc             usart.o
    0x08004078   0x000009cc   Code   RO         2350    i.main              main.o
    0x08004a44   0x00000038   Code   RO         2703    i.uart_init         usart.o
    0x08004a7c   0x00000014   Code   RO         2937    i.x_Set_speed       motor_control.o
    0x08004a90   0x00000024   Code   RO         2939    i.xy_Set_speed      motor_control.o
    0x08004ab4   0x00000014   Code   RO         2943    i.y_Set_speed       motor_control.o
    0x08004ac8   0x00000014   Code   RO         2945    i.z_Set_speed       motor_control.o
    0x08004adc   0x00000010   Data   RO         2596    .constdata          system_stm32f4xx.o
    0x08004aec   0x00000008   Data   RO         2597    .constdata          system_stm32f4xx.o
    0x08004af4   0x00000004   PAD
    0x08004af8   0x00000058   Data   RO         3053    .constdata          m_wm.l(exp.o)
    0x08004b50   0x00000020   Data   RO         3405    Region$$Table       anon$$obj.o


    Execution Region RW_IRAM1 (Base: 0x20000000, Size: 0x00002048, Max: 0x00020000, ABSOLUTE)

    Base Addr    Size         Type   Attr      Idx    E Section Name        Object

    0x20000000   0x0000000c   Data   RW         1441    .data               stm32f4xx_hal.o
    0x2000000c   0x00000024   Data   RW         2353    .data               main.o
    0x20000030   0x00000004   Data   RW         2598    .data               system_stm32f4xx.o
    0x20000034   0x00000004   Data   RW         2663    .data               delay.o
    0x20000038   0x00000004   Data   RW         2705    .data               usart.o
    0x2000003c   0x00000004   Data   RW         2706    .data               usart.o
    0x20000040   0x0000000c   Data   RW         2774    .data               tim.o
    0x2000004c   0x00000006   Data   RW         2846    .data               key_limit.o
    0x20000052   0x00000001   Data   RW         2886    .data               arm_control.o
    0x20000053   0x00000001   PAD
    0x20000054   0x00000004   Data   RW         3382    .data               mc_w.l(errno.o)
    0x20000058   0x0000189c   Zero   RW         2351    .bss                main.o
    0x200018f4   0x00000060   Zero   RW         2352    .bss                main.o
    0x20001954   0x00000108   Zero   RW         2704    .bss                usart.o
    0x20001a5c   0x000001e0   Zero   RW         2773    .bss                tim.o
    0x20001c3c   0x0000000c   Zero   RW         2883    .bss                arm_control.o
    0x20001c48   0x00000400   Zero   RW            1    STACK               startup_stm32f407xx.o


==============================================================================

Image component sizes


      Code (inc. data)   RO Data    RW Data    ZI Data      Debug   Object Name

       400         64          0          1         12       3712   arm_control.o
        98          8          0          4          0       2167   delay.o
       548         50          0          6          0       1968   key_limit.o
      2838        250          0         36       6396       8206   main.o
       158         20          0          0          0       2778   motor_control.o
       244         44          0          0          0       1069   s_algorithm.o
        36          8        392          0       1024        872   startup_stm32f407xx.o
       144         24          0         12          0       4293   stm32f4xx_hal.o
       228         14          0          0          0      32665   stm32f4xx_hal_cortex.o
       452          4          0          0          0       2568   stm32f4xx_hal_dma.o
       476         50          0          0          0     682642   stm32f4xx_hal_gpio.o
       524         54          0          0          0       2840   stm32f4xx_hal_msp.o
      1260         76          0          0          0       5500   stm32f4xx_hal_rcc.o
      1824         96          0          0          0      19082   stm32f4xx_hal_tim.o
        84          0          0          0          0       2650   stm32f4xx_hal_tim_ex.o
      1422         14          0          0          0       9027   stm32f4xx_hal_uart.o
       184         48          0          0          0       9955   stm32f4xx_it.o
       124          8          0          0          0       1247   sys.o
        84         18         24          4          0       1339   system_stm32f4xx.o
      2028        358          0         12        480       7993   tim.o
       332         52          0          8        264       5273   usart.o

    ----------------------------------------------------------------------
     13512       1260        452         84       8176     807846   Object Totals
         0          0         32          0          0          0   (incl. Generated)
        24          0          4          1          0          0   (incl. Padding)

    ----------------------------------------------------------------------

      Code (inc. data)   RO Data    RW Data    ZI Data      Debug   Library Member Name

        84         16          0          0          0        372   dunder.o
       856        142         88          0          0        288   exp.o
        48          0          0          0          0        124   fpclassify.o
       248          0          0          0          0        152   poly.o
         0          0          0          0          0          0   entry.o
         0          0          0          0          0          0   entry10a.o
         0          0          0          0          0          0   entry11a.o
         8          4          0          0          0          0   entry2.o
         4          0          0          0          0          0   entry5.o
         0          0          0          0          0          0   entry7b.o
         0          0          0          0          0          0   entry8b.o
         8          4          0          0          0          0   entry9a.o
        12          6          0          4          0         68   errno.o
        30          0          0          0          0          0   handlers.o
        36          8          0          0          0         68   init.o
         0          0          0          0          0          0   iusefp.o
        30          0          0          0          0         68   llshl.o
        36          0          0          0          0         68   llsshr.o
        32          0          0          0          0         68   llushr.o
      2258         90          0          0          0        452   printfa.o
        44          0          0          0          0         80   uidiv.o
        98          0          0          0          0         92   uldiv.o
        48          0          0          0          0         68   cdcmple.o
        48          0          0          0          0         68   cdrcmple.o
        56          0          0          0          0         88   d2f.o
       334          0          0          0          0        148   dadd.o
       222          0          0          0          0        100   ddiv.o
       186          0          0          0          0        176   depilogue.o
        62          0          0          0          0         80   dfixi.o
        48          0          0          0          0         68   dfixul.o
        34          0          0          0          0         76   dflti.o
       228          0          0          0          0         96   dmul.o
        38          0          0          0          0         68   f2d.o
       110          0          0          0          0        168   fepilogue.o

    ----------------------------------------------------------------------
      5260        270         88          4          0       3104   Library Totals
        14          0          0          0          0          0   (incl. Padding)

    ----------------------------------------------------------------------

      Code (inc. data)   RO Data    RW Data    ZI Data      Debug   Library Name

      1236        158         88          0          0        936   m_wm.l
      2596        112          0          4          0        964   mc_w.l
      1414          0          0          0          0       1204   mf_w.l

    ----------------------------------------------------------------------
      5260        270         88          4          0       3104   Library Totals

    ----------------------------------------------------------------------

==============================================================================


      Code (inc. data)   RO Data    RW Data    ZI Data      Debug   

     18772       1530        540         88       8176     798462   Grand Totals
     18772       1530        540         88       8176     798462   ELF Image Totals
     18772       1530        540         88          0          0   ROM Totals

==============================================================================

    Total RO  Size (Code + RO Data)                19312 (  18.86kB)
    Total RW  Size (RW Data + ZI Data)              8264 (   8.07kB)
    Total ROM Size (Code + RO Data + RW Data)      19400 (  18.95kB)

==============================================================================

