Component: ARM Compiler 5.06 update 4 (build 422) Tool: armlink [4d35d2]

==============================================================================

Section Cross References

    main.o(i.main) refers to stm32f4xx_hal.o(i.HAL_Init) for HAL_Init
    main.o(i.main) refers to sys.o(i.Stm32_Clock_Init) for Stm32_Clock_Init
    main.o(i.main) refers to delay.o(i.delay_init) for delay_init
    main.o(i.main) refers to usart.o(i.uart_init) for uart_init
    main.o(i.main) refers to led.o(i.LED_Init) for LED_Init
    main.o(i.main) refers to key.o(i.KEY_Init) for KEY_Init
    main.o(i.main) refers to w25qxx.o(i.W25QXX_Init) for W25QXX_Init
    main.o(i.main) refers to spi.o(i.SPI1_Init) for SPI1_Init
    main.o(i.main) refers to scara_control.o(i.Mechaical_Arm_Init) for Mechaical_Arm_Init
    main.o(i.main) refers to delay.o(i.delay_ms) for delay_ms
    main.o(i.main) refers to noretval__2printf.o(.text) for __2printf
    main.o(i.main) refers to w25qxx.o(i.W25QXX_ReadID) for W25QXX_ReadID
    main.o(i.main) refers to key.o(i.KEY_Scan) for KEY_Scan
    main.o(i.main) refers to w25qxx.o(i.W25QXX_Write) for W25QXX_Write
    main.o(i.main) refers to hmi.o(i.tran_3_0xff) for tran_3_0xff
    main.o(i.main) refers to stm32f4xx_hal_uart.o(i.HAL_UART_Transmit) for HAL_UART_Transmit
    main.o(i.main) refers to hmi.o(i.Hmi_Commun) for Hmi_Commun
    main.o(i.main) refers to main.o(.constdata) for Text_Buffer
    main.o(i.main) refers to usart.o(.data) for USART_RX_STA
    main.o(i.main) refers to usart.o(.bss) for USART_RX_BUF
    stm32f4xx_hal_msp.o(i.HAL_TIM_MspPostInit) refers to noretval__2printf.o(.text) for __2printf
    stm32f4xx_hal_msp.o(i.HAL_TIM_MspPostInit) refers to stm32f4xx_hal_gpio.o(i.HAL_GPIO_Init) for HAL_GPIO_Init
    stm32f4xx_it.o(i.SysTick_Handler) refers to stm32f4xx_hal.o(i.HAL_IncTick) for HAL_IncTick
    system_stm32f4xx.o(i.SystemCoreClockUpdate) refers to system_stm32f4xx.o(.data) for SystemCoreClock
    system_stm32f4xx.o(i.SystemCoreClockUpdate) refers to system_stm32f4xx.o(.constdata) for AHBPrescTable
    startup_stm32f407xx.o(STACK) refers (Special) to heapauxi.o(.text) for __use_two_region_memory
    startup_stm32f407xx.o(HEAP) refers (Special) to heapauxi.o(.text) for __use_two_region_memory
    startup_stm32f407xx.o(RESET) refers (Special) to heapauxi.o(.text) for __use_two_region_memory
    startup_stm32f407xx.o(RESET) refers to startup_stm32f407xx.o(STACK) for __initial_sp
    startup_stm32f407xx.o(RESET) refers to startup_stm32f407xx.o(.text) for Reset_Handler
    startup_stm32f407xx.o(RESET) refers to stm32f4xx_it.o(i.NMI_Handler) for NMI_Handler
    startup_stm32f407xx.o(RESET) refers to stm32f4xx_it.o(i.HardFault_Handler) for HardFault_Handler
    startup_stm32f407xx.o(RESET) refers to stm32f4xx_it.o(i.MemManage_Handler) for MemManage_Handler
    startup_stm32f407xx.o(RESET) refers to stm32f4xx_it.o(i.BusFault_Handler) for BusFault_Handler
    startup_stm32f407xx.o(RESET) refers to stm32f4xx_it.o(i.UsageFault_Handler) for UsageFault_Handler
    startup_stm32f407xx.o(RESET) refers to stm32f4xx_it.o(i.SVC_Handler) for SVC_Handler
    startup_stm32f407xx.o(RESET) refers to stm32f4xx_it.o(i.DebugMon_Handler) for DebugMon_Handler
    startup_stm32f407xx.o(RESET) refers to stm32f4xx_it.o(i.PendSV_Handler) for PendSV_Handler
    startup_stm32f407xx.o(RESET) refers to stm32f4xx_it.o(i.SysTick_Handler) for SysTick_Handler
    startup_stm32f407xx.o(RESET) refers to pwm.o(i.TIM1_UP_TIM10_IRQHandler) for TIM1_UP_TIM10_IRQHandler
    startup_stm32f407xx.o(RESET) refers to pwm.o(i.TIM1_TRG_COM_TIM11_IRQHandler) for TIM1_TRG_COM_TIM11_IRQHandler
    startup_stm32f407xx.o(RESET) refers to encoder.o(i.TIM2_IRQHandler) for TIM2_IRQHandler
    startup_stm32f407xx.o(RESET) refers to encoder.o(i.TIM3_IRQHandler) for TIM3_IRQHandler
    startup_stm32f407xx.o(RESET) refers to usart.o(i.USART1_IRQHandler) for USART1_IRQHandler
    startup_stm32f407xx.o(RESET) refers to pwm.o(i.TIM8_UP_TIM13_IRQHandler) for TIM8_UP_TIM13_IRQHandler
    startup_stm32f407xx.o(RESET) refers to encoder.o(i.TIM5_IRQHandler) for TIM5_IRQHandler
    startup_stm32f407xx.o(RESET) refers to timer.o(i.TIM6_DAC_IRQHandler) for TIM6_DAC_IRQHandler
    startup_stm32f407xx.o(RESET) refers to timer.o(i.TIM7_IRQHandler) for TIM7_IRQHandler
    startup_stm32f407xx.o(.text) refers (Special) to heapauxi.o(.text) for __use_two_region_memory
    startup_stm32f407xx.o(.text) refers to system_stm32f4xx.o(i.SystemInit) for SystemInit
    startup_stm32f407xx.o(.text) refers to __main.o(!!!main) for __main
    startup_stm32f407xx.o(.text) refers to startup_stm32f407xx.o(HEAP) for Heap_Mem
    startup_stm32f407xx.o(.text) refers to startup_stm32f407xx.o(STACK) for Stack_Mem
    delay.o(i.delay_init) refers to stm32f4xx_hal_cortex.o(i.HAL_SYSTICK_CLKSourceConfig) for HAL_SYSTICK_CLKSourceConfig
    delay.o(i.delay_init) refers to delay.o(.data) for fac_us
    delay.o(i.delay_ms) refers to delay.o(i.delay_us) for delay_us
[...]
    i.UsageFault_Handler                     0x0800447c   Section        0  stm32f4xx_it.o(i.UsageFault_Handler)
    i.W25QXX_Erase_Sector                    0x08004480   Section        0  w25qxx.o(i.W25QXX_Erase_Sector)
    i.W25QXX_Init                            0x080044d8   Section        0  w25qxx.o(i.W25QXX_Init)
    i.W25QXX_Read                            0x08004574   Section        0  w25qxx.o(i.W25QXX_Read)
    i.W25QXX_ReadID                          0x080045d8   Section        0  w25qxx.o(i.W25QXX_ReadID)
    i.W25QXX_ReadSR                          0x08004620   Section        0  w25qxx.o(i.W25QXX_ReadSR)
    i.W25QXX_Wait_Busy                       0x08004670   Section        0  w25qxx.o(i.W25QXX_Wait_Busy)
    i.W25QXX_Write                           0x08004684   Section        0  w25qxx.o(i.W25QXX_Write)
    i.W25QXX_Write_Enable                    0x0800473c   Section        0  w25qxx.o(i.W25QXX_Write_Enable)
    i.W25QXX_Write_NoCheck                   0x0800475c   Section        0  w25qxx.o(i.W25QXX_Write_NoCheck)
    i.W25QXX_Write_Page                      0x080047a4   Section        0  w25qxx.o(i.W25QXX_Write_Page)
    i.X_PWM_Init                             0x08004810   Section        0  pwm.o(i.X_PWM_Init)
    i.X_Set_AutoReload                       0x080048cc   Section        0  motor.o(i.X_Set_AutoReload)
    i.X_Set_Speed                            0x080048f0   Section        0  motor.o(i.X_Set_Speed)
    i.X_Start                                0x08004954   Section        0  motor.o(i.X_Start)
    i.X_Stop                                 0x0800497c   Section        0  motor.o(i.X_Stop)
    i.Y_PWM_Init                             0x08004994   Section        0  pwm.o(i.Y_PWM_Init)
    i.Y_Set_AutoReload                       0x08004a50   Section        0  motor.o(i.Y_Set_AutoReload)
    i.Y_Set_Speed                            0x08004a74   Section        0  motor.o(i.Y_Set_Speed)
    i.Y_Start                                0x08004b34   Section        0  motor.o(i.Y_Start)
    i.Y_Stop                                 0x08004b5c   Section        0  motor.o(i.Y_Stop)
    i.Z_PWM_Init                             0x08004b74   Section        0  pwm.o(i.Z_PWM_Init)
    i.Z_Set_AutoReload                       0x08004c30   Section        0  motor.o(i.Z_Set_AutoReload)
    i.Z_Set_Speed                            0x08004c54   Section        0  motor.o(i.Z_Set_Speed)
    i.Z_Start                                0x08004d0c   Section        0  motor.o(i.Z_Start)
    i.Z_Stop                                 0x08004d34   Section        0  motor.o(i.Z_Stop)
    i._Error_Handler                         0x08004d4c   Section        0  main.o(i._Error_Handler)
    i.__ARM_fpclassify                       0x08004d50   Section        0  fpclassify.o(i.__ARM_fpclassify)
    i.__hardfp_exp                           0x08004d80   Section        0  exp.o(i.__hardfp_exp)
    i.__kernel_poly                          0x080050d8   Section        0  poly.o(i.__kernel_poly)
    i.__mathlib_dbl_infnan                   0x080051d0   Section        0  dunder.o(i.__mathlib_dbl_infnan)
    i.__mathlib_dbl_overflow                 0x080051e8   Section        0  dunder.o(i.__mathlib_dbl_overflow)
    i.__mathlib_dbl_underflow                0x08005208   Section        0  dunder.o(i.__mathlib_dbl_underflow)
    i._sys_exit                              0x08005228   Section        0  usart.o(i._sys_exit)
    i.delay_init                             0x0800522c   Section        0  delay.o(i.delay_init)
    i.delay_ms                               0x08005240   Section        0  delay.o(i.delay_ms)
    i.delay_us                               0x08005258   Section        0  delay.o(i.delay_us)
    i.fputc                                  0x080052a0   Section        0  usart.o(i.fputc)
    i.main                                   0x080052bc   Section        0  main.o(i.main)
    i.tran_3_0xff                            0x08005410   Section        0  hmi.o(i.tran_3_0xff)
    i.uart_init                              0x08005430   Section        0  usart.o(i.uart_init)
    locale$$code                             0x08005468   Section       44  lc_numeric_c.o(locale$$code)
    x$fpl$d2f                                0x08005494   Section       98  d2f.o(x$fpl$d2f)
    $v0                                      0x08005494   Number         0  d2f.o(x$fpl$d2f)
    x$fpl$dadd                               0x080054f8   Section      336  daddsub_clz.o(x$fpl$dadd)
    $v0                                      0x080054f8   Number         0  daddsub_clz.o(x$fpl$dadd)
    _dadd1                                   0x08005509   Thumb Code     0  daddsub_clz.o(x$fpl$dadd)
    x$fpl$dcmpinf                            0x08005648   Section       24  dcmpi.o(x$fpl$dcmpinf)
    $v0                                      0x08005648   Number         0  dcmpi.o(x$fpl$dcmpinf)
    x$fpl$ddiv                               0x08005660   Section      688  ddiv.o(x$fpl$ddiv)
    $v0                                      0x08005660   Number         0  ddiv.o(x$fpl$ddiv)
    ddiv_entry                               0x08005667   Thumb Code     0  ddiv.o(x$fpl$ddiv)
    x$fpl$dfix                               0x08005910   Section       94  dfix.o(x$fpl$dfix)
    $v0                                      0x08005910   Number         0  dfix.o(x$fpl$dfix)
    x$fpl$dflt                               0x0800596e   Section       46  dflt_clz.o(x$fpl$dflt)
    $v0                                      0x0800596e   Number         0  dflt_clz.o(x$fpl$dflt)
    x$fpl$dleqf                              0x0800599c   Section      120  dleqf.o(x$fpl$dleqf)
    $v0                                      0x0800599c   Number         0  dleqf.o(x$fpl$dleqf)
    x$fpl$dmul                               0x08005a14   Section      340  dmul.o(x$fpl$dmul)
    $v0                                      0x08005a14   Number         0  dmul.o(x$fpl$dmul)
    x$fpl$dnaninf                            0x08005b68   Section      156  dnaninf.o(x$fpl$dnaninf)
    $v0                                      0x08005b68   Number         0  dnaninf.o(x$fpl$dnaninf)
    x$fpl$dretinf                            0x08005c04   Section       12  dretinf.o(x$fpl$dretinf)
    $v0                                      0x08005c04   Number         0  dretinf.o(x$fpl$dretinf)
    x$fpl$drleqf                             0x08005c10   Section      108  drleqf.o(x$fpl$drleqf)
    $v0                                      0x08005c10   Number         0  drleqf.o(x$fpl$drleqf)
    x$fpl$drsb                               0x08005c7c   Section       22  daddsub_clz.o(x$fpl$drsb)
    $v0                                      0x08005c7c   Number         0  daddsub_clz.o(x$fpl$drsb)
    x$fpl$dsub                               0x08005c94   Section      468  daddsub_clz.o(x$fpl$dsub)
    $v0                                      0x08005c94   Number         0  daddsub_clz.o(x$fpl$dsub)
    _dsub1                                   0x08005ca5   Thumb Code     0  daddsub_clz.o(x$fpl$dsub)
    x$fpl$f2d                                0x08005e68   Section       86  f2d.o(x$fpl$f2d)
    $v0                                      0x08005e68   Number         0  f2d.o(x$fpl$f2d)
    x$fpl$fnaninf                            0x08005ebe   Section      140  fnaninf.o(x$fpl$fnaninf)
    $v0                                      0x08005ebe   Number         0  fnaninf.o(x$fpl$fnaninf)
    x$fpl$fpinit                             0x08005f4a   Section       10  fpinit.o(x$fpl$fpinit)
    $v0                                      0x08005f4a   Number         0  fpinit.o(x$fpl$fpinit)
    x$fpl$fretinf                            0x08005f54   Section       10  fretinf.o(x$fpl$fretinf)
    $v0                                      0x08005f54   Number         0  fretinf.o(x$fpl$fretinf)
    x$fpl$printf1                            0x08005f5e   Section        4  printf1.o(x$fpl$printf1)
    $v0                                      0x08005f5e   Number         0  printf1.o(x$fpl$printf1)
    .constdata                               0x08005f62   Section       33  main.o(.constdata)
    x$fpl$usenofp                            0x08005f62   Section        0  usenofp.o(x$fpl$usenofp)
    .constdata                               0x08005f83   Section       24  system_stm32f4xx.o(.constdata)
    .constdata                               0x08005f9c   Section        4  hmi.o(.constdata)
    .constdata                               0x08005fa0   Section       88  exp.o(.constdata)
    halF                                     0x08005fa0   Data          16  exp.o(.constdata)
    ln2HI                                    0x08005fb0   Data          16  exp.o(.constdata)
    ln2LO                                    0x08005fc0   Data          16  exp.o(.constdata)
    P                                        0x08005fd0   Data          40  exp.o(.constdata)
    .constdata                               0x08005ff8   Section      148  bigflt0.o(.constdata)
    tenpwrs_x                                0x08005ff8   Data          60  bigflt0.o(.constdata)
    tenpwrs_i                                0x08006034   Data          64  bigflt0.o(.constdata)
    locale$$data                             0x080060ac   Section       28  lc_numeric_c.o(locale$$data)
    __lcnum_c_name                           0x080060b0   Data           2  lc_numeric_c.o(locale$$data)
    __lcnum_c_start                          0x080060b8   Data           0  lc_numeric_c.o(locale$$data)
    __lcnum_c_point                          0x080060c4   Data           0  lc_numeric_c.o(locale$$data)
    __lcnum_c_thousands                      0x080060c6   Data           0  lc_numeric_c.o(locale$$data)
    __lcnum_c_grouping                       0x080060c7   Data           0  lc_numeric_c.o(locale$$data)
    __lcnum_c_end                            0x080060c8   Data           0  lc_numeric_c.o(locale$$data)
    .data                                    0x20000000   Section        4  system_stm32f4xx.o(.data)
    .data                                    0x20000004   Section        4  delay.o(.data)
    fac_us                                   0x20000004   Data           4  delay.o(.data)
    .data                                    0x20000008   Section        8  usart.o(.data)
    .data                                    0x20000010   Section        9  stm32f4xx_hal.o(.data)
    .data                                    0x20000019   Section        1  key.o(.data)
    key_up                                   0x20000019   Data           1  key.o(.data)
    .data                                    0x2000001a   Section        2  w25qxx.o(.data)
    .data                                    0x2000001c   Section        6  motor.o(.data)
    .data                                    0x20000024   Section        4  hmi.o(.data)
    data                                     0x20000024   Data           4  hmi.o(.data)
    .data                                    0x20000028   Section       56  scara_alg.o(.data)
    .data                                    0x20000060   Section       14  scara_control.o(.data)
    i                                        0x2000006a   Data           2  scara_control.o(.data)
    init                                     0x2000006c   Data           2  scara_control.o(.data)
    .data                                    0x2000006e   Section       17  it.o(.data)
    .bss                                     0x20000080   Section      264  usart.o(.bss)
    .bss                                     0x20000188   Section      120  timer.o(.bss)
    .bss                                     0x20000200   Section       88  spi.o(.bss)
    .bss                                     0x20000258   Section     4096  w25qxx.o(.bss)
    .bss                                     0x20001258   Section      288  encoder.o(.bss)
    .bss                                     0x20001378   Section      240  pwm.o(.bss)
    .bss                                     0x20001468   Section     6612  scara_control.o(.bss)
    .bss                                     0x20002e3c   Section       96  libspace.o(.bss)
    HEAP                                     0x20002ea0   Section      512  startup_stm32f407xx.o(HEAP)
    Heap_Mem                                 0x20002ea0   Data         512  startup_stm32f407xx.o(HEAP)
    STACK                                    0x200030a0   Section     1024  startup_stm32f407xx.o(STACK)
    Stack_Mem                                0x200030a0   Data        1024  startup_stm32f407xx.o(STACK)
    __initial_sp                             0x200034a0   Data           0  startup_stm32f407xx.o(STACK)

    Global Symbols

    Symbol Name                              Value     Ov Type        Size  Object(Section)

    BuildAttributes$$THM_ISAv4$E$P$D$K$B$S$7EM$VFPi3$EXTD16$VFPS$VFMA$PE$A:L22UL41UL21$X:L11$S22US41US21$IEEE1$IW$USESV6$~STKCKD$USESV7$~SHL$OTIME$ROPI$IEEEX$EBA8$UX$STANDARDLIB$REQ8$PRES8$EABIv2 0x00000000   Number         0  anon$$obj.o ABSOLUTE
    __ARM_use_no_argv                        0x00000000   Number         0  main.o ABSOLUTE
    __ARM_exceptions_init                     - Undefined Weak Reference
    __alloca_initialize                       - Undefined Weak Reference
    __arm_preinit_                            - Undefined Weak Reference
    __cpp_initialize__aeabi_                  - Undefined Weak Reference
    __cxa_finalize                            - Undefined Weak Reference
    __sigvec_lookup                           - Undefined Weak Reference
    _atexit_init                              - Undefined Weak Reference
    _call_atexit_fns                          - Undefined Weak Reference
    _clock_init                               - Undefined Weak Reference
    _fp_trap_init                             - Undefined Weak Reference
    _fp_trap_shutdown                         - Undefined Weak Reference
    _get_lc_collate                           - Undefined Weak Reference
    _get_lc_ctype                             - Undefined Weak Reference
    _get_lc_monetary                          - Undefined Weak Reference
    _get_lc_time                              - Undefined Weak Reference
    _getenv_init                              - Undefined Weak Reference
    _handle_redirection                       - Undefined Weak Reference
    _init_alloc                               - Undefined Weak Reference
    _init_user_alloc                          - Undefined Weak Reference
    _initio                                   - Undefined Weak Reference
    _mutex_acquire                            - Undefined Weak Reference
    _mutex_release                            - Undefined Weak Reference
    _printf_post_padding                      - Undefined Weak Reference
    _printf_pre_padding                       - Undefined Weak Reference
    _printf_truncate_signed                   - Undefined Weak Reference
    _printf_truncate_unsigned                 - Undefined Weak Reference
    _rand_init                                - Undefined Weak Reference
    _signal_finish                            - Undefined Weak Reference
    _signal_init                              - Undefined Weak Reference
    _terminate_alloc                          - Undefined Weak Reference
    _terminate_user_alloc                     - Undefined Weak Reference
    _terminateio                              - Undefined Weak Reference
    __Vectors_Size                           0x00000188   Number         0  startup_stm32f407xx.o ABSOLUTE
    __Vectors                                0x08000000   Data           4  startup_stm32f407xx.o(RESET)
    __Vectors_End                            0x08000188   Data           0  startup_stm32f407xx.o(RESET)
    __main                                   0x08000189   Thumb Code     8  __main.o(!!!main)
    __scatterload                            0x08000191   Thumb Code     0  __scatter.o(!!!scatter)
    __scatterload_rt2                        0x08000191   Thumb Code    44  __scatter.o(!!!scatter)
    __scatterload_rt2_thumb_only             0x08000191   Thumb Code     0  __scatter.o(!!!scatter)
    __scatterload_null                       0x0800019f   Thumb Code     0  __scatter.o(!!!scatter)
    __scatterload_copy                       0x080001c5   Thumb Code    26  __scatter_copy.o(!!handler_copy)
    __scatterload_zeroinit                   0x080001e1   Thumb Code    28  __scatter_zi.o(!!handler_zi)
    _printf_f                                0x080001fd   Thumb Code     0  _printf_f.o(.ARM.Collect$$_printf_percent$$00000003)
    _printf_percent                          0x080001fd   Thumb Code     0  _printf_percent.o(.ARM.Collect$$_printf_percent$$00000000)
    _printf_d                                0x08000203   Thumb Code     0  _printf_d.o(.ARM.Collect$$_printf_percent$$00000009)
    _printf_percent_end                      0x08000209   Thumb Code     0  _printf_percent_end.o(.ARM.Collect$$_printf_percent$$00000017)
    __rt_lib_init                            0x0800020d   Thumb Code     0  libinit.o(.ARM.Collect$$libinit$$00000000)
    __rt_lib_init_fp_1                       0x0800020f   Thumb Code     0  libinit2.o(.ARM.Collect$$libinit$$00000001)
    __rt_lib_init_heap_1                     0x08000213   Thumb Code     0  libinit2.o(.ARM.Collect$$libinit$$0000000A)
    __rt_lib_init_lc_common                  0x08000213   Thumb Code     0  libinit2.o(.ARM.Collect$$libinit$$0000000F)
    __rt_lib_init_preinit_1                  0x08000213   Thumb Code     0  libinit2.o(.ARM.Collect$$libinit$$00000004)
    __rt_lib_init_rand_1                     0x08000213   Thumb Code     0  libinit2.o(.ARM.Collect$$libinit$$0000000E)
    __rt_lib_init_user_alloc_1               0x08000213   Thumb Code     0  libinit2.o(.ARM.Collect$$libinit$$0000000C)
    __rt_lib_init_lc_collate_1               0x08000219   Thumb Code     0  libinit2.o(.ARM.Collect$$libinit$$00000011)
    __rt_lib_init_lc_ctype_1                 0x08000219   Thumb Code     0  libinit2.o(.ARM.Collect$$libinit$$00000013)
    __rt_lib_init_lc_monetary_1              0x08000219   Thumb Code     0  libinit2.o(.ARM.Collect$$libinit$$00000015)
    __rt_lib_init_lc_numeric_2               0x08000219   Thumb Code     0  libinit2.o(.ARM.Collect$$libinit$$00000016)
    __rt_lib_init_alloca_1                   0x08000223   Thumb Code     0  libinit2.o(.ARM.Collect$$libinit$$0000002E)
    __rt_lib_init_argv_1                     0x08000223   Thumb Code     0  libinit2.o(.ARM.Collect$$libinit$$0000002C)
    __rt_lib_init_atexit_1                   0x08000223   Thumb Code     0  libinit2.o(.ARM.Collect$$libinit$$0000001B)
    __rt_lib_init_clock_1                    0x08000223   Thumb Code     0  libinit2.o(.ARM.Collect$$libinit$$00000021)
    __rt_lib_init_cpp_1                      0x08000223   Thumb Code     0  libinit2.o(.ARM.Collect$$libinit$$00000032)
    __rt_lib_init_exceptions_1               0x08000223   Thumb Code     0  libinit2.o(.ARM.Collect$$libinit$$00000030)
    __rt_lib_init_fp_trap_1                  0x08000223   Thumb Code     0  libinit2.o(.ARM.Collect$$libinit$$0000001F)
    __rt_lib_init_getenv_1                   0x08000223   Thumb Code     0  libinit2.o(.ARM.Collect$$libinit$$00000023)
    __rt_lib_init_lc_numeric_1               0x08000223   Thumb Code     0  libinit2.o(.ARM.Collect$$libinit$$00000017)
    __rt_lib_init_lc_time_1                  0x08000223   Thumb Code     0  libinit2.o(.ARM.Collect$$libinit$$00000019)
    __rt_lib_init_return                     0x08000223   Thumb Code     0  libinit2.o(.ARM.Collect$$libinit$$00000033)
    __rt_lib_init_signal_1                   0x08000223   Thumb Code     0  libinit2.o(.ARM.Collect$$libinit$$0000001D)
    __rt_lib_init_stdio_1                    0x08000223   Thumb Code     0  libinit2.o(.ARM.Collect$$libinit$$00000025)
    __rt_lib_shutdown                        0x08000225   Thumb Code     0  libshutdown.o(.ARM.Collect$$libshutdown$$00000000)
    __rt_lib_shutdown_cpp_1                  0x08000227   Thumb Code     0  libshutdown2.o(.ARM.Collect$$libshutdown$$00000002)
    __rt_lib_shutdown_fp_trap_1              0x08000227   Thumb Code     0  libshutdown2.o(.ARM.Collect$$libshutdown$$00000007)
    __rt_lib_shutdown_heap_1                 0x08000227   Thumb Code     0  libshutdown2.o(.ARM.Collect$$libshutdown$$0000000F)
    __rt_lib_shutdown_return                 0x08000227   Thumb Code     0  libshutdown2.o(.ARM.Collect$$libshutdown$$00000010)
    __rt_lib_shutdown_signal_1               0x08000227   Thumb Code     0  libshutdown2.o(.ARM.Collect$$libshutdown$$0000000A)
    __rt_lib_shutdown_stdio_1                0x08000227   Thumb Code     0  libshutdown2.o(.ARM.Collect$$libshutdown$$00000004)
    __rt_lib_shutdown_user_alloc_1           0x08000227   Thumb Code     0  libshutdown2.o(.ARM.Collect$$libshutdown$$0000000C)
    __rt_entry                               0x08000229   Thumb Code     0  __rtentry.o(.ARM.Collect$$rtentry$$00000000)
    __rt_entry_presh_1                       0x08000229   Thumb Code     0  __rtentry2.o(.ARM.Collect$$rtentry$$00000002)
    __rt_entry_sh                            0x08000229   Thumb Code     0  __rtentry4.o(.ARM.Collect$$rtentry$$00000004)
    __rt_entry_li                            0x0800022f   Thumb Code     0  __rtentry2.o(.ARM.Collect$$rtentry$$0000000A)
    __rt_entry_postsh_1                      0x0800022f   Thumb Code     0  __rtentry2.o(.ARM.Collect$$rtentry$$00000009)
    __rt_entry_main                          0x08000233   Thumb Code     0  __rtentry2.o(.ARM.Collect$$rtentry$$0000000D)
    __rt_entry_postli_1                      0x08000233   Thumb Code     0  __rtentry2.o(.ARM.Collect$$rtentry$$0000000C)
    __rt_exit                                0x0800023b   Thumb Code     0  rtexit.o(.ARM.Collect$$rtexit$$00000000)
    __rt_exit_ls                             0x0800023d   Thumb Code     0  rtexit2.o(.ARM.Collect$$rtexit$$00000003)
    __rt_exit_prels_1                        0x0800023d   Thumb Code     0  rtexit2.o(.ARM.Collect$$rtexit$$00000002)
    __rt_exit_exit                           0x08000241   Thumb Code     0  rtexit2.o(.ARM.Collect$$rtexit$$00000004)
    Reset_Handler                            0x08000249   Thumb Code     8  startup_stm32f407xx.o(.text)
    ADC_IRQHandler                           0x08000263   Thumb Code     0  startup_stm32f407xx.o(.text)
    CAN1_RX0_IRQHandler                      0x08000263   Thumb Code     0  startup_stm32f407xx.o(.text)
    CAN1_RX1_IRQHandler                      0x08000263   Thumb Code     0  startup_stm32f407xx.o(.text)
    CAN1_SCE_IRQHandler                      0x08000263   Thumb Code     0  startup_stm32f407xx.o(.text)
    CAN1_TX_IRQHandler                       0x08000263   Thumb Code     0  startup_stm32f407xx.o(.text)
    CAN2_RX0_IRQHandler                      0x08000263   Thumb Code     0  startup_stm32f407xx.o(.text)
    CAN2_RX1_IRQHandler                      0x08000263   Thumb Code     0  startup_stm32f407xx.o(.text)
    CAN2_SCE_IRQHandler                      0x08000263   Thumb Code     0  startup_stm32f407xx.o(.text)
    CAN2_TX_IRQHandler                       0x08000263   Thumb Code     0  startup_stm32f407xx.o(.text)
    DCMI_IRQHandler                          0x08000263   Thumb Code     0  startup_stm32f407xx.o(.text)
    DMA1_Stream0_IRQHandler                  0x08000263   Thumb Code     0  startup_stm32f407xx.o(.text)
    DMA1_Stream1_IRQHandler                  0x08000263   Thumb Code     0  startup_stm32f407xx.o(.text)
    DMA1_Stream2_IRQHandler                  0x08000263   Thumb Code     0  startup_stm32f407xx.o(.text)
    DMA1_Stream3_IRQHandler                  0x08000263   Thumb Code     0  startup_stm32f407xx.o(.text)
    DMA1_Stream4_IRQHandler                  0x08000263   Thumb Code     0  startup_stm32f407xx.o(.text)
    DMA1_Stream5_IRQHandler                  0x08000263   Thumb Code     0  startup_stm32f407xx.o(.text)
    DMA1_Stream6_IRQHandler                  0x08000263   Thumb Code     0  startup_stm32f407xx.o(.text)
    DMA1_Stream7_IRQHandler                  0x08000263   Thumb Code     0  startup_stm32f407xx.o(.text)
    DMA2_Stream0_IRQHandler                  0x08000263   Thumb Code     0  startup_stm32f407xx.o(.text)
    DMA2_Stream1_IRQHandler                  0x08000263   Thumb Code     0  startup_stm32f407xx.o(.text)
    DMA2_Stream2_IRQHandler                  0x08000263   Thumb Code     0  startup_stm32f407xx.o(.text)
    DMA2_Stream3_IRQHandler                  0x08000263   Thumb Code     0  startup_stm32f407xx.o(.text)
    DMA2_Stream4_IRQHandler                  0x08000263   Thumb Code     0  startup_stm32f407xx.o(.text)
    DMA2_Stream5_IRQHandler                  0x08000263   Thumb Code     0  startup_stm32f407xx.o(.text)
    DMA2_Stream6_IRQHandler                  0x08000263   Thumb Code     0  startup_stm32f407xx.o(.text)
    DMA2_Stream7_IRQHandler                  0x08000263   Thumb Code     0  startup_stm32f407xx.o(.text)
    ETH_IRQHandler                           0x08000263   Thumb Code     0  startup_stm32f407xx.o(.text)
    ETH_WKUP_IRQHandler                      0x08000263   Thumb Code     0  startup_stm32f407xx.o(.text)
    EXTI0_IRQHandler                         0x08000263   Thumb Code     0  startup_stm32f407xx.o(.text)
    EXTI15_10_IRQHandler                     0x08000263   Thumb Code     0  startup_stm32f407xx.o(.text)
    EXTI1_IRQHandler                         0x08000263   Thumb Code     0  startup_stm32f407xx.o(.text)
    EXTI2_IRQHandler                         0x08000263   Thumb Code     0  startup_stm32f407xx.o(.text)
    EXTI3_IRQHandler                         0x08000263   Thumb Code     0  startup_stm32f407xx.o(.text)
    EXTI4_IRQHandler                         0x08000263   Thumb Code     0  startup_stm32f407xx.o(.text)
    EXTI9_5_IRQHandler                       0x08000263   Thumb Code     0  startup_stm32f407xx.o(.text)
    FLASH_IRQHandler                         0x08000263   Thumb Code     0  startup_stm32f407xx.o(.text)
    FMC_IRQHandler                           0x08000263   Thumb Code     0  startup_stm32f407xx.o(.text)
    FPU_IRQHandler                           0x08000263   Thumb Code     0  startup_stm32f407xx.o(.text)
    HASH_RNG_IRQHandler                      0x08000263   Thumb Code     0  startup_stm32f407xx.o(.text)
    I2C1_ER_IRQHandler                       0x08000263   Thumb Code     0  startup_stm32f407xx.o(.text)
    I2C1_EV_IRQHandler                       0x08000263   Thumb Code     0  startup_stm32f407xx.o(.text)
    I2C2_ER_IRQHandler                       0x08000263   Thumb Code     0  startup_stm32f407xx.o(.text)
    I2C2_EV_IRQHandler                       0x08000263   Thumb Code     0  startup_stm32f407xx.o(.text)
    I2C3_ER_IRQHandler                       0x08000263   Thumb Code     0  startup_stm32f407xx.o(.text)
    I2C3_EV_IRQHandler                       0x08000263   Thumb Code     0  startup_stm32f407xx.o(.text)
    OTG_FS_IRQHandler                        0x08000263   Thumb Code     0  startup_stm32f407xx.o(.text)
    OTG_FS_WKUP_IRQHandler                   0x08000263   Thumb Code     0  startup_stm32f407xx.o(.text)
    OTG_HS_EP1_IN_IRQHandler                 0x08000263   Thumb Code     0  startup_stm32f407xx.o(.text)
    OTG_HS_EP1_OUT_IRQHandler                0x08000263   Thumb Code     0  startup_stm32f407xx.o(.text)
    OTG_HS_IRQHandler                        0x08000263   Thumb Code     0  startup_stm32f407xx.o(.text)
    OTG_HS_WKUP_IRQHandler                   0x08000263   Thumb Code     0  startup_stm32f407xx.o(.text)
    PVD_IRQHandler                           0x08000263   Thumb Code     0  startup_stm32f407xx.o(.text)
    RCC_IRQHandler                           0x08000263   Thumb Code     0  startup_stm32f407xx.o(.text)
    RTC_Alarm_IRQHandler                     0x08000263   Thumb Code     0  startup_stm32f407xx.o(.text)
    RTC_WKUP_IRQHandler                      0x08000263   Thumb Code     0  startup_stm32f407xx.o(.text)
    SDIO_IRQHandler                          0x08000263   Thumb Code     0  startup_stm32f407xx.o(.text)
    SPI1_IRQHandler                          0x08000263   Thumb Code     0  startup_stm32f407xx.o(.text)
    SPI2_IRQHandler                          0x08000263   Thumb Code     0  startup_stm32f407xx.o(.text)
    SPI3_IRQHandler                          0x08000263   Thumb Code     0  startup_stm32f407xx.o(.text)
    TAMP_STAMP_IRQHandler                    0x08000263   Thumb Code     0  startup_stm32f407xx.o(.text)
    TIM1_BRK_TIM9_IRQHandler                 0x08000263   Thumb Code     0  startup_stm32f407xx.o(.text)
    TIM1_CC_IRQHandler                       0x08000263   Thumb Code     0  startup_stm32f407xx.o(.text)
    TIM4_IRQHandler                          0x08000263   Thumb Code     0  startup_stm32f407xx.o(.text)
    TIM8_BRK_TIM12_IRQHandler                0x08000263   Thumb Code     0  startup_stm32f407xx.o(.text)
    TIM8_CC_IRQHandler                       0x08000263   Thumb Code     0  startup_stm32f407xx.o(.text)
    TIM8_TRG_COM_TIM14_IRQHandler            0x08000263   Thumb Code     0  startup_stm32f407xx.o(.text)
    UART4_IRQHandler                         0x08000263   Thumb Code     0  startup_stm32f407xx.o(.text)
    UART5_IRQHandler                         0x08000263   Thumb Code     0  startup_stm32f407xx.o(.text)
    USART2_IRQHandler                        0x08000263   Thumb Code     0  startup_stm32f407xx.o(.text)
    USART3_IRQHandler                        0x08000263   Thumb Code     0  startup_stm32f407xx.o(.text)
    USART6_IRQHandler                        0x08000263   Thumb Code     0  startup_stm32f407xx.o(.text)
    WWDG_IRQHandler                          0x08000263   Thumb Code     0  startup_stm32f407xx.o(.text)
    __user_initial_stackheap                 0x08000265   Thumb Code     0  startup_stm32f407xx.o(.text)
    __use_no_semihosting                     0x08000289   Thumb Code     2  use_no_semi_2.o(.text)
    __aeabi_uldivmod                         0x0800028b   Thumb Code     0  lludivv7m.o(.text)
    _ll_udiv                                 0x0800028b   Thumb Code   238  lludivv7m.o(.text)
    __2printf                                0x08000379   Thumb Code    20  noretval__2printf.o(.text)
    __printf                                 0x08000391   Thumb Code   104  __printf.o(.text)
    _printf_int_dec                          0x080003f9   Thumb Code   104  _printf_dec.o(.text)
    __use_two_region_memory                  0x08000471   Thumb Code     2  heapauxi.o(.text)
    __rt_heap_escrow$2region                 0x08000473   Thumb Code     2  heapauxi.o(.text)
    __rt_heap_expand$2region                 0x08000475   Thumb Code     2  heapauxi.o(.text)
    __I$use$semihosting                      0x08000477   Thumb Code     0  use_no_semi.o(.text)
    __use_no_semihosting_swi                 0x08000477   Thumb Code     2  use_no_semi.o(.text)
    __read_errno                             0x08000479   Thumb Code    10  _rserrno.o(.text)
    __set_errno                              0x08000483   Thumb Code    12  _rserrno.o(.text)
    _printf_int_common                       0x0800048f   Thumb Code   178  _printf_intcommon.o(.text)
    __lib_sel_fp_printf                      0x08000541   Thumb Code     2  _printf_fp_dec.o(.text)
    _printf_fp_dec_real                      0x080006ef   Thumb Code   620  _printf_fp_dec.o(.text)
    _printf_char_file                        0x0800095d   Thumb Code    32  _printf_char_file.o(.text)
    __rt_locale                              0x08000981   Thumb Code     8  rt_locale_intlibspace.o(.text)
    __aeabi_errno_addr                       0x08000989   Thumb Code     8  rt_errno_addr_intlibspace.o(.text)
    __errno$intlibspace                      0x08000989   Thumb Code     0  rt_errno_addr_intlibspace.o(.text)
    __rt_errno_addr$intlibspace              0x08000989   Thumb Code     0  rt_errno_addr_intlibspace.o(.text)
    _ll_udiv10                               0x08000991   Thumb Code   138  lludiv10.o(.text)
    _printf_char_common                      0x08000a27   Thumb Code    32  _printf_char_common.o(.text)
    _printf_fp_infnan                        0x08000a4d   Thumb Code   112  _printf_fp_infnan.o(.text)
    _btod_etento                             0x08000acd   Thumb Code   216  bigflt0.o(.text)
    ferror                                   0x08000ba9   Thumb Code     8  ferror.o(.text)
    __user_libspace                          0x08000bb1   Thumb Code     8  libspace.o(.text)
    __user_perproc_libspace                  0x08000bb1   Thumb Code     0  libspace.o(.text)
    __user_perthread_libspace                0x08000bb1   Thumb Code     0  libspace.o(.text)
    __user_setup_stackheap                   0x08000bb9   Thumb Code    74  sys_stackheap_outer.o(.text)
    exit                                     0x08000c03   Thumb Code    18  exit.o(.text)
    strcmp                                   0x08000c15   Thumb Code   128  strcmpv7m.o(.text)
    _btod_d2e                                0x08000c95   Thumb Code    62  btod.o(CL$$btod_d2e)
    _d2e_denorm_low                          0x08000cd3   Thumb Code    70  btod.o(CL$$btod_d2e_denorm_low)
    _d2e_norm_op1                            0x08000d19   Thumb Code    96  btod.o(CL$$btod_d2e_norm_op1)
    __btod_div_common                        0x08000d79   Thumb Code   696  btod.o(CL$$btod_div_common)
    _e2e                                     0x080010b1   Thumb Code   198  btod.o(CL$$btod_e2e)
    _btod_ediv                               0x08001177   Thumb Code    40  btod.o(CL$$btod_ediv)
    _btod_emul                               0x0800119f   Thumb Code    40  btod.o(CL$$btod_emul)
    __btod_mult_common                       0x080011c7   Thumb Code   580  btod.o(CL$$btod_mult_common)
    BusFault_Handler                         0x0800140b   Thumb Code     4  stm32f4xx_it.o(i.BusFault_Handler)
    CalaculateSModel_Accel                   0x08001411   Thumb Code   228  s_algorithm.o(i.CalaculateSModel_Accel)
    DebugMon_Handler                         0x08001501   Thumb Code     2  stm32f4xx_it.o(i.DebugMon_Handler)
    HAL_DMA_Abort_IT                         0x08001503   Thumb Code    40  stm32f4xx_hal_dma.o(i.HAL_DMA_Abort_IT)
    HAL_GPIO_Init                            0x0800152d   Thumb Code   466  stm32f4xx_hal_gpio.o(i.HAL_GPIO_Init)
    HAL_GPIO_ReadPin                         0x0800172d   Thumb Code    16  stm32f4xx_hal_gpio.o(i.HAL_GPIO_ReadPin)
    HAL_GPIO_WritePin                        0x0800173d   Thumb Code    12  stm32f4xx_hal_gpio.o(i.HAL_GPIO_WritePin)
    HAL_GetTick                              0x08001749   Thumb Code     6  stm32f4xx_hal.o(i.HAL_GetTick)
    HAL_IncTick                              0x08001755   Thumb Code    16  stm32f4xx_hal.o(i.HAL_IncTick)
    HAL_Init                                 0x0800176d   Thumb Code    54  stm32f4xx_hal.o(i.HAL_Init)
    HAL_InitTick                             0x080017a9   Thumb Code    64  stm32f4xx_hal.o(i.HAL_InitTick)
    HAL_MspInit                              0x080017f5   Thumb Code     2  stm32f4xx_hal_msp.o(i.HAL_MspInit)
    HAL_NVIC_EnableIRQ                       0x080017f7   Thumb Code    26  stm32f4xx_hal_cortex.o(i.HAL_NVIC_EnableIRQ)
    HAL_NVIC_SetPriority                     0x08001811   Thumb Code   124  stm32f4xx_hal_cortex.o(i.HAL_NVIC_SetPriority)
    HAL_NVIC_SetPriorityGrouping             0x0800188d   Thumb Code    32  stm32f4xx_hal_cortex.o(i.HAL_NVIC_SetPriorityGrouping)
    HAL_RCC_ClockConfig                      0x080018b5   Thumb Code   366  stm32f4xx_hal_rcc.o(i.HAL_RCC_ClockConfig)
    HAL_RCC_GetHCLKFreq                      0x08001a35   Thumb Code     6  stm32f4xx_hal_rcc.o(i.HAL_RCC_GetHCLKFreq)
    HAL_RCC_GetPCLK1Freq                     0x08001a41   Thumb Code    22  stm32f4xx_hal_rcc.o(i.HAL_RCC_GetPCLK1Freq)
    HAL_RCC_GetPCLK2Freq                     0x08001a61   Thumb Code    22  stm32f4xx_hal_rcc.o(i.HAL_RCC_GetPCLK2Freq)
    HAL_RCC_GetSysClockFreq                  0x08001a81   Thumb Code   162  stm32f4xx_hal_rcc.o(i.HAL_RCC_GetSysClockFreq)
    HAL_RCC_OscConfig                        0x08001b31   Thumb Code  1086  stm32f4xx_hal_rcc.o(i.HAL_RCC_OscConfig)
    HAL_SPI_Init                             0x08001f79   Thumb Code   160  stm32f4xx_hal_spi.o(i.HAL_SPI_Init)
    HAL_SPI_MspInit                          0x08002019   Thumb Code   106  spi.o(i.HAL_SPI_MspInit)
    HAL_SPI_TransmitReceive                  0x0800208d   Thumb Code   716  stm32f4xx_hal_spi.o(i.HAL_SPI_TransmitReceive)
    HAL_SYSTICK_CLKSourceConfig              0x08002359   Thumb Code    40  stm32f4xx_hal_cortex.o(i.HAL_SYSTICK_CLKSourceConfig)
    HAL_SYSTICK_Config                       0x08002381   Thumb Code    52  stm32f4xx_hal_cortex.o(i.HAL_SYSTICK_Config)
    HAL_TIMEx_BreakCallback                  0x080023b5   Thumb Code     2  stm32f4xx_hal_tim_ex.o(i.HAL_TIMEx_BreakCallback)
    HAL_TIMEx_CommutationCallback            0x080023b7   Thumb Code     2  stm32f4xx_hal_tim_ex.o(i.HAL_TIMEx_CommutationCallback)
    HAL_TIMEx_MasterConfigSynchronization    0x080023b9   Thumb Code    98  stm32f4xx_hal_tim_ex.o(i.HAL_TIMEx_MasterConfigSynchronization)
    HAL_TIM_Base_Init                        0x0800241b   Thumb Code    52  stm32f4xx_hal_tim.o(i.HAL_TIM_Base_Init)
    HAL_TIM_Base_MspInit                     0x08002451   Thumb Code   294  timer.o(i.HAL_TIM_Base_MspInit)
    HAL_TIM_Base_Start_IT                    0x08002591   Thumb Code    30  stm32f4xx_hal_tim.o(i.HAL_TIM_Base_Start_IT)
    HAL_TIM_Base_Stop_IT                     0x080025af   Thumb Code    56  stm32f4xx_hal_tim.o(i.HAL_TIM_Base_Stop_IT)
    HAL_TIM_ConfigClockSource                0x080025e7   Thumb Code   306  stm32f4xx_hal_tim.o(i.HAL_TIM_ConfigClockSource)
    HAL_TIM_IC_CaptureCallback               0x08002719   Thumb Code     2  stm32f4xx_hal_tim.o(i.HAL_TIM_IC_CaptureCallback)
    HAL_TIM_IRQHandler                       0x0800271b   Thumb Code   406  stm32f4xx_hal_tim.o(i.HAL_TIM_IRQHandler)
    HAL_TIM_MspPostInit                      0x080028b1   Thumb Code   372  stm32f4xx_hal_msp.o(i.HAL_TIM_MspPostInit)
    HAL_TIM_OC_DelayElapsedCallback          0x08002a9d   Thumb Code     2  stm32f4xx_hal_tim.o(i.HAL_TIM_OC_DelayElapsedCallback)
    HAL_TIM_PWM_ConfigChannel                0x08002a9f   Thumb Code   264  stm32f4xx_hal_tim.o(i.HAL_TIM_PWM_ConfigChannel)
    HAL_TIM_PWM_Init                         0x08002ba7   Thumb Code    52  stm32f4xx_hal_tim.o(i.HAL_TIM_PWM_Init)
    HAL_TIM_PWM_MspInit                      0x08002bdb   Thumb Code     2  stm32f4xx_hal_tim.o(i.HAL_TIM_PWM_MspInit)
    HAL_TIM_PWM_PulseFinishedCallback        0x08002bdd   Thumb Code     2  stm32f4xx_hal_tim.o(i.HAL_TIM_PWM_PulseFinishedCallback)
    HAL_TIM_PWM_Start                        0x08002be1   Thumb Code    68  stm32f4xx_hal_tim.o(i.HAL_TIM_PWM_Start)
    HAL_TIM_PWM_Stop                         0x08002c2d   Thumb Code   126  stm32f4xx_hal_tim.o(i.HAL_TIM_PWM_Stop)
    HAL_TIM_PeriodElapsedCallback            0x08002cb5   Thumb Code   686  it.o(i.HAL_TIM_PeriodElapsedCallback)
    HAL_TIM_TriggerCallback                  0x08002fc5   Thumb Code     2  stm32f4xx_hal_tim.o(i.HAL_TIM_TriggerCallback)
    HAL_UART_ErrorCallback                   0x08002fc7   Thumb Code     2  stm32f4xx_hal_uart.o(i.HAL_UART_ErrorCallback)
    HAL_UART_GetState                        0x08002fc9   Thumb Code    20  stm32f4xx_hal_uart.o(i.HAL_UART_GetState)
    HAL_UART_IRQHandler                      0x08002fdd   Thumb Code   326  stm32f4xx_hal_uart.o(i.HAL_UART_IRQHandler)
    HAL_UART_Init                            0x08003129   Thumb Code   114  stm32f4xx_hal_uart.o(i.HAL_UART_Init)
    HAL_UART_MspInit                         0x0800319d   Thumb Code   144  usart.o(i.HAL_UART_MspInit)
    HAL_UART_Receive_IT                      0x08003239   Thumb Code   100  stm32f4xx_hal_uart.o(i.HAL_UART_Receive_IT)
    HAL_UART_RxCpltCallback                  0x0800329d   Thumb Code   156  usart.o(i.HAL_UART_RxCpltCallback)
    HAL_UART_Transmit                        0x0800334d   Thumb Code   214  stm32f4xx_hal_uart.o(i.HAL_UART_Transmit)
    HAL_UART_TxCpltCallback                  0x08003423   Thumb Code     2  stm32f4xx_hal_uart.o(i.HAL_UART_TxCpltCallback)
    HardFault_Handler                        0x08003425   Thumb Code     4  stm32f4xx_it.o(i.HardFault_Handler)
    Hmi_Commun                               0x08003429   Thumb Code   426  hmi.o(i.Hmi_Commun)
    KEY_Init                                 0x080035f1   Thumb Code   118  key.o(i.KEY_Init)
    KEY_Scan                                 0x08003675   Thumb Code   150  key.o(i.KEY_Scan)
    LED_Init                                 0x08003719   Thumb Code    84  led.o(i.LED_Init)
    Mechaical_Arm_Init                       0x08003775   Thumb Code    60  scara_control.o(i.Mechaical_Arm_Init)
    MemManage_Handler                        0x080037c5   Thumb Code     4  stm32f4xx_it.o(i.MemManage_Handler)
    Motor_Dir_GPIO_Init                      0x080037c9   Thumb Code    64  motor.o(i.Motor_Dir_GPIO_Init)
    Motor_Max_Speed                          0x08003811   Thumb Code    58  scara_alg.o(i.Motor_Max_Speed)
    NMI_Handler                              0x08003861   Thumb Code     2  stm32f4xx_it.o(i.NMI_Handler)
    PendSV_Handler                           0x0800389d   Thumb Code     2  stm32f4xx_it.o(i.PendSV_Handler)
    SPI1_Init                                0x080038a1   Thumb Code    78  spi.o(i.SPI1_Init)
    SPI1_ReadWriteByte                       0x080038f9   Thumb Code    28  spi.o(i.SPI1_ReadWriteByte)
    SPI1_SetSpeed                            0x08003919   Thumb Code    66  spi.o(i.SPI1_SetSpeed)
    SVC_Handler                              0x08003a33   Thumb Code     2  stm32f4xx_it.o(i.SVC_Handler)
    Stm32_Clock_Init                         0x08003a35   Thumb Code   166  sys.o(i.Stm32_Clock_Init)
    SysTick_Handler                          0x08003ae5   Thumb Code     8  stm32f4xx_it.o(i.SysTick_Handler)
    SystemInit                               0x08003aed   Thumb Code    82  system_stm32f4xx.o(i.SystemInit)
    TIM1_TRG_COM_TIM11_IRQHandler            0x08003b51   Thumb Code    10  pwm.o(i.TIM1_TRG_COM_TIM11_IRQHandler)
    TIM1_UP_TIM10_IRQHandler                 0x08003b61   Thumb Code    10  pwm.o(i.TIM1_UP_TIM10_IRQHandler)
    TIM2_IRQHandler                          0x08003b71   Thumb Code    10  encoder.o(i.TIM2_IRQHandler)
    TIM3_IRQHandler                          0x08003b81   Thumb Code    10  encoder.o(i.TIM3_IRQHandler)
    TIM5_IRQHandler                          0x08003b91   Thumb Code    10  encoder.o(i.TIM5_IRQHandler)
    TIM6_DAC_IRQHandler                      0x08003ba1   Thumb Code    10  timer.o(i.TIM6_DAC_IRQHandler)
    TIM7_IRQHandler                          0x08003bb1   Thumb Code    10  timer.o(i.TIM7_IRQHandler)
    TIM8_UP_TIM13_IRQHandler                 0x08003bc1   Thumb Code    10  pwm.o(i.TIM8_UP_TIM13_IRQHandler)
    TIM_Base_SetConfig                       0x08003bd1   Thumb Code   184  stm32f4xx_hal_tim.o(i.TIM_Base_SetConfig)
    TIM_CCxChannelCmd                        0x08003cb5   Thumb Code    28  stm32f4xx_hal_tim.o(i.TIM_CCxChannelCmd)
    TIM_OC2_SetConfig                        0x08003d6d   Thumb Code   112  stm32f4xx_hal_tim.o(i.TIM_OC2_SetConfig)
    USART1_IRQHandler                        0x0800443d   Thumb Code    56  usart.o(i.USART1_IRQHandler)
    UsageFault_Handler                       0x0800447d   Thumb Code     4  stm32f4xx_it.o(i.UsageFault_Handler)
    W25QXX_Erase_Sector                      0x08004481   Thumb Code    78  w25qxx.o(i.W25QXX_Erase_Sector)
    W25QXX_Init                              0x080044d9   Thumb Code   134  w25qxx.o(i.W25QXX_Init)
    W25QXX_Read                              0x08004575   Thumb Code    92  w25qxx.o(i.W25QXX_Read)
    W25QXX_ReadID                            0x080045d9   Thumb Code    64  w25qxx.o(i.W25QXX_ReadID)
    W25QXX_ReadSR                            0x08004621   Thumb Code    72  w25qxx.o(i.W25QXX_ReadSR)
    W25QXX_Wait_Busy                         0x08004671   Thumb Code    20  w25qxx.o(i.W25QXX_Wait_Busy)
    W25QXX_Write                             0x08004685   Thumb Code   180  w25qxx.o(i.W25QXX_Write)
    W25QXX_Write_Enable                      0x0800473d   Thumb Code    24  w25qxx.o(i.W25QXX_Write_Enable)
    W25QXX_Write_NoCheck                     0x0800475d   Thumb Code    70  w25qxx.o(i.W25QXX_Write_NoCheck)
    W25QXX_Write_Page                        0x080047a5   Thumb Code    98  w25qxx.o(i.W25QXX_Write_Page)
    X_PWM_Init                               0x08004811   Thumb Code   154  pwm.o(i.X_PWM_Init)
    X_Set_AutoReload                         0x080048cd   Thumb Code    30  motor.o(i.X_Set_AutoReload)
    X_Set_Speed                              0x080048f1   Thumb Code    78  motor.o(i.X_Set_Speed)
    X_Start                                  0x08004955   Thumb Code    34  motor.o(i.X_Start)
    X_Stop                                   0x0800497d   Thumb Code    18  motor.o(i.X_Stop)
    Y_PWM_Init                               0x08004995   Thumb Code   154  pwm.o(i.Y_PWM_Init)
    Y_Set_AutoReload                         0x08004a51   Thumb Code    30  motor.o(i.Y_Set_AutoReload)
    Y_Set_Speed                              0x08004a75   Thumb Code   122  motor.o(i.Y_Set_Speed)
    Y_Start                                  0x08004b35   Thumb Code    34  motor.o(i.Y_Start)
    Y_Stop                                   0x08004b5d   Thumb Code    18  motor.o(i.Y_Stop)
    Z_PWM_Init                               0x08004b75   Thumb Code   154  pwm.o(i.Z_PWM_Init)
    Z_Set_AutoReload                         0x08004c31   Thumb Code    30  motor.o(i.Z_Set_AutoReload)
    Z_Set_Speed                              0x08004c55   Thumb Code   122  motor.o(i.Z_Set_Speed)
    Z_Start                                  0x08004d0d   Thumb Code    34  motor.o(i.Z_Start)
    Z_Stop                                   0x08004d35   Thumb Code    18  motor.o(i.Z_Stop)
    _Error_Handler                           0x08004d4d   Thumb Code     4  main.o(i._Error_Handler)
    __ARM_fpclassify                         0x08004d51   Thumb Code    48  fpclassify.o(i.__ARM_fpclassify)
    __hardfp_exp                             0x08004d81   Thumb Code   714  exp.o(i.__hardfp_exp)
    __kernel_poly                            0x080050d9   Thumb Code   248  poly.o(i.__kernel_poly)
    __mathlib_dbl_infnan                     0x080051d1   Thumb Code    20  dunder.o(i.__mathlib_dbl_infnan)
    __mathlib_dbl_overflow                   0x080051e9   Thumb Code    24  dunder.o(i.__mathlib_dbl_overflow)
    __mathlib_dbl_underflow                  0x08005209   Thumb Code    24  dunder.o(i.__mathlib_dbl_underflow)
    _sys_exit                                0x08005229   Thumb Code     4  usart.o(i._sys_exit)
    delay_init                               0x0800522d   Thumb Code    16  delay.o(i.delay_init)
    delay_ms                                 0x08005241   Thumb Code    24  delay.o(i.delay_ms)
    delay_us                                 0x08005259   Thumb Code    68  delay.o(i.delay_us)
    fputc                                    0x080052a1   Thumb Code    22  usart.o(i.fputc)
    main                                     0x080052bd   Thumb Code   244  main.o(i.main)
    tran_3_0xff                              0x08005411   Thumb Code    22  hmi.o(i.tran_3_0xff)
    uart_init                                0x08005431   Thumb Code    44  usart.o(i.uart_init)
    _get_lc_numeric                          0x08005469   Thumb Code    44  lc_numeric_c.o(locale$$code)
    __aeabi_d2f                              0x08005495   Thumb Code     0  d2f.o(x$fpl$d2f)
    _d2f                                     0x08005495   Thumb Code    98  d2f.o(x$fpl$d2f)
    __aeabi_dadd                             0x080054f9   Thumb Code     0  daddsub_clz.o(x$fpl$dadd)
    _dadd                                    0x080054f9   Thumb Code   332  daddsub_clz.o(x$fpl$dadd)
    __fpl_dcmp_Inf                           0x08005649   Thumb Code    24  dcmpi.o(x$fpl$dcmpinf)
    __aeabi_ddiv                             0x08005661   Thumb Code     0  ddiv.o(x$fpl$ddiv)
    _ddiv                                    0x08005661   Thumb Code   552  ddiv.o(x$fpl$ddiv)
    __aeabi_d2iz                             0x08005911   Thumb Code     0  dfix.o(x$fpl$dfix)
    _dfix                                    0x08005911   Thumb Code    94  dfix.o(x$fpl$dfix)
    __aeabi_i2d                              0x0800596f   Thumb Code     0  dflt_clz.o(x$fpl$dflt)
    _dflt                                    0x0800596f   Thumb Code    46  dflt_clz.o(x$fpl$dflt)
    __aeabi_cdcmple                          0x0800599d   Thumb Code     0  dleqf.o(x$fpl$dleqf)
    _dcmple                                  0x0800599d   Thumb Code   120  dleqf.o(x$fpl$dleqf)
    __fpl_dcmple_InfNaN                      0x080059ff   Thumb Code     0  dleqf.o(x$fpl$dleqf)
    __aeabi_dmul                             0x08005a15   Thumb Code     0  dmul.o(x$fpl$dmul)
    _dmul                                    0x08005a15   Thumb Code   332  dmul.o(x$fpl$dmul)
    __fpl_dnaninf                            0x08005b69   Thumb Code   156  dnaninf.o(x$fpl$dnaninf)
    __fpl_dretinf                            0x08005c05   Thumb Code    12  dretinf.o(x$fpl$dretinf)
    __aeabi_cdrcmple                         0x08005c11   Thumb Code     0  drleqf.o(x$fpl$drleqf)
    _drcmple                                 0x08005c11   Thumb Code   108  drleqf.o(x$fpl$drleqf)
    __aeabi_drsub                            0x08005c7d   Thumb Code     0  daddsub_clz.o(x$fpl$drsb)
    _drsb                                    0x08005c7d   Thumb Code    22  daddsub_clz.o(x$fpl$drsb)
    __aeabi_dsub                             0x08005c95   Thumb Code     0  daddsub_clz.o(x$fpl$dsub)
    _dsub                                    0x08005c95   Thumb Code   464  daddsub_clz.o(x$fpl$dsub)
    __aeabi_f2d                              0x08005e69   Thumb Code     0  f2d.o(x$fpl$f2d)
    _f2d                                     0x08005e69   Thumb Code    86  f2d.o(x$fpl$f2d)
    __fpl_fnaninf                            0x08005ebf   Thumb Code   140  fnaninf.o(x$fpl$fnaninf)
    _fp_init                                 0x08005f4b   Thumb Code    10  fpinit.o(x$fpl$fpinit)
    __fplib_config_fpu_vfp                   0x08005f53   Thumb Code     0  fpinit.o(x$fpl$fpinit)
    __fplib_config_pureend_doubles           0x08005f53   Thumb Code     0  fpinit.o(x$fpl$fpinit)
    __fpl_fretinf                            0x08005f55   Thumb Code    10  fretinf.o(x$fpl$fretinf)
    _printf_fp_dec                           0x08005f5f   Thumb Code     4  printf1.o(x$fpl$printf1)
    Text_Buffer                              0x08005f62   Data          33  main.o(.constdata)
    __I$use$fp                               0x08005f62   Number         0  usenofp.o(x$fpl$usenofp)
    AHBPrescTable                            0x08005f83   Data          16  system_stm32f4xx.o(.constdata)
    APBPrescTable                            0x08005f93   Data           8  system_stm32f4xx.o(.constdata)
    Region$$Table$$Base                      0x0800608c   Number         0  anon$$obj.o(Region$$Table)
    Region$$Table$$Limit                     0x080060ac   Number         0  anon$$obj.o(Region$$Table)
    SystemCoreClock                          0x20000000   Data           4  system_stm32f4xx.o(.data)
    __stdout                                 0x20000008   Data           4  usart.o(.data)
    USART_RX_STA                             0x2000000c   Data           2  usart.o(.data)
    Handle_Flag                              0x2000000e   Data           1  usart.o(.data)
    aRxBuffer                                0x2000000f   Data           1  usart.o(.data)
    uwTick                                   0x20000010   Data           4  stm32f4xx_hal.o(.data)
    uwTickPrio                               0x20000014   Data           4  stm32f4xx_hal.o(.data)
    uwTickFreq                               0x20000018   Data           1  stm32f4xx_hal.o(.data)
    W25QXX_TYPE                              0x2000001a   Data           2  w25qxx.o(.data)
    X_IT_Num                                 0x2000001c   Data           2  motor.o(.data)
    Y_IT_Num                                 0x2000001e   Data           2  motor.o(.data)
    Z_IT_Num                                 0x20000020   Data           2  motor.o(.data)
    XY_Angle                                 0x20000028   Data           8  scara_alg.o(.data)
    YZ_Angle                                 0x20000030   Data           8  scara_alg.o(.data)
    Z_Coor_High                              0x20000038   Data           8  scara_alg.o(.data)
    X_Coordinate                             0x20000040   Data           8  scara_alg.o(.data)
    Y_Coordinate                             0x20000048   Data           8  scara_alg.o(.data)
    Z_Coordinate                             0x20000050   Data           8  scara_alg.o(.data)
    XY_Min_AutoReload                        0x20000058   Data           2  scara_alg.o(.data)
    Z_Min_AutoReload                         0x2000005a   Data           2  scara_alg.o(.data)
    XY_Max_AutoReload                        0x2000005c   Data           2  scara_alg.o(.data)
    Z_Max_AutoReload                         0x2000005e   Data           2  scara_alg.o(.data)
    Dire                                     0x20000060   Data           3  scara_control.o(.data)
    X_run_point                              0x20000063   Data           1  scara_control.o(.data)
    Y_run_point                              0x20000064   Data           1  scara_control.o(.data)
    Z_run_point                              0x20000065   Data           1  scara_control.o(.data)
    max_run_point                            0x20000066   Data           1  scara_control.o(.data)
    main_flag                                0x20000067   Data           1  scara_control.o(.data)
    Point_Num                                0x20000068   Data           1  scara_control.o(.data)
    Z_Num                                    0x2000006e   Data           2  it.o(.data)
    Y_Num                                    0x20000070   Data           2  it.o(.data)
    X_Num                                    0x20000072   Data           2  it.o(.data)
    X_Decel_Num                              0x20000074   Data           2  it.o(.data)
    Y_Decel_Num                              0x20000076   Data           2  it.o(.data)
    Z_Decel_Num                              0x20000078   Data           2  it.o(.data)
    X_IT_point                               0x2000007a   Data           1  it.o(.data)
    Y_IT_point                               0x2000007b   Data           1  it.o(.data)
    Z_IT_point                               0x2000007c   Data           1  it.o(.data)
    Teach_Status_flag                        0x2000007d   Data           1  it.o(.data)
    Run_status_flag                          0x2000007e   Data           1  it.o(.data)
    USART_RX_BUF                             0x20000080   Data         200  usart.o(.bss)
    UART1_Handler                            0x20000148   Data          64  usart.o(.bss)
    TIM6_Handler                             0x20000188   Data          60  timer.o(.bss)
    TIM7_Handler                             0x200001c4   Data          60  timer.o(.bss)
    SPI1_Handler                             0x20000200   Data          88  spi.o(.bss)
    W25QXX_BUFFER                            0x20000258   Data        4096  w25qxx.o(.bss)
    TIM2_Handler                             0x20001258   Data          60  encoder.o(.bss)
    TIM3_Handler                             0x20001294   Data          60  encoder.o(.bss)
    TIM5_Handler                             0x200012d0   Data          60  encoder.o(.bss)
    X_Encoder                                0x2000130c   Data          36  encoder.o(.bss)
    Y_Encoder                                0x20001330   Data          36  encoder.o(.bss)
    Z_Encoder                                0x20001354   Data          36  encoder.o(.bss)
    htim10                                   0x20001378   Data          60  pwm.o(.bss)
    htim11                                   0x200013b4   Data          60  pwm.o(.bss)
    htim13                                   0x200013f0   Data          60  pwm.o(.bss)
    htim4                                    0x2000142c   Data          60  pwm.o(.bss)
    Z_Accel_Freq                             0x20001468   Data        4000  scara_control.o(.bss)
    XY_Accel_Freq                            0x20002408   Data         400  scara_control.o(.bss)
    Z_Accel_Period                           0x20002598   Data        2000  scara_control.o(.bss)
    XY_Accel_Period                          0x20002d68   Data         200  scara_control.o(.bss)
    Dist                                     0x20002e30   Data          12  scara_control.o(.bss)
    __libspace_start                         0x20002e3c   Data          96  libspace.o(.bss)
    __temporary_stack_top$libspace           0x20002e9c   Data           0  libspace.o(.bss)



==============================================================================

Memory Map of the image

  Image Entry point : 0x08000189

  Load Region LR_IROM1 (Base: 0x08000000, Size: 0x00006148, Max: 0x00100000, ABSOLUTE)

    Execution Region ER_IROM1 (Base: 0x08000000, Size: 0x000060c8, Max: 0x00100000, ABSOLUTE)

    Base Addr    Size         Type   Attr      Idx    E Section Name        Object

    0x08000000   0x00000188   Data   RO          349    RESET               startup_stm32f407xx.o
    0x08000188   0x00000008   Code   RO         3984  * !!!main             c_w.l(__main.o)
    0x08000190   0x00000034   Code   RO         4376    !!!scatter          c_w.l(__scatter.o)
    0x080001c4   0x0000001a   Code   RO         4378    !!handler_copy      c_w.l(__scatter_copy.o)
    0x080001de   0x00000002   PAD
    0x080001e0   0x0000001c   Code   RO         4380    !!handler_zi        c_w.l(__scatter_zi.o)
    0x080001fc   0x00000000   Code   RO         3981    .ARM.Collect$$_printf_percent$$00000000  c_w.l(_printf_percent.o)
    0x080001fc   0x00000006   Code   RO         3980    .ARM.Collect$$_printf_percent$$00000003  c_w.l(_printf_f.o)
    0x08000202   0x00000006   Code   RO         3979    .ARM.Collect$$_printf_percent$$00000009  c_w.l(_printf_d.o)
    0x08000208   0x00000004   Code   RO         4097    .ARM.Collect$$_printf_percent$$00000017  c_w.l(_printf_percent_end.o)
    0x0800020c   0x00000002   Code   RO         4253    .ARM.Collect$$libinit$$00000000  c_w.l(libinit.o)
    0x0800020e   0x00000004   Code   RO         4254    .ARM.Collect$$libinit$$00000001  c_w.l(libinit2.o)
    0x08000212   0x00000000   Code   RO         4257    .ARM.Collect$$libinit$$00000004  c_w.l(libinit2.o)
    0x08000212   0x00000000   Code   RO         4260    .ARM.Collect$$libinit$$0000000A  c_w.l(libinit2.o)
    0x08000212   0x00000000   Code   RO         4262    .ARM.Collect$$libinit$$0000000C  c_w.l(libinit2.o)
    0x08000212   0x00000000   Code   RO         4264    .ARM.Collect$$libinit$$0000000E  c_w.l(libinit2.o)
    0x08000212   0x00000006   Code   RO         4265    .ARM.Collect$$libinit$$0000000F  c_w.l(libinit2.o)
    0x08000218   0x00000000   Code   RO         4267    .ARM.Collect$$libinit$$00000011  c_w.l(libinit2.o)
    0x08000218   0x00000000   Code   RO         4269    .ARM.Collect$$libinit$$00000013  c_w.l(libinit2.o)
    0x08000218   0x00000000   Code   RO         4271    .ARM.Collect$$libinit$$00000015  c_w.l(libinit2.o)
    0x08000218   0x0000000a   Code   RO         4272    .ARM.Collect$$libinit$$00000016  c_w.l(libinit2.o)
    0x08000222   0x00000000   Code   RO         4273    .ARM.Collect$$libinit$$00000017  c_w.l(libinit2.o)
    0x08000222   0x00000000   Code   RO         4275    .ARM.Collect$$libinit$$00000019  c_w.l(libinit2.o)
    0x08000222   0x00000000   Code   RO         4277    .ARM.Collect$$libinit$$0000001B  c_w.l(libinit2.o)
    0x08000222   0x00000000   Code   RO         4279    .ARM.Collect$$libinit$$0000001D  c_w.l(libinit2.o)
    0x08000222   0x00000000   Code   RO         4281    .ARM.Collect$$libinit$$0000001F  c_w.l(libinit2.o)
    0x08000222   0x00000000   Code   RO         4283    .ARM.Collect$$libinit$$00000021  c_w.l(libinit2.o)
    0x08000222   0x00000000   Code   RO         4285    .ARM.Collect$$libinit$$00000023  c_w.l(libinit2.o)
    0x08000222   0x00000000   Code   RO         4287    .ARM.Collect$$libinit$$00000025  c_w.l(libinit2.o)
    0x08000222   0x00000000   Code   RO         4291    .ARM.Collect$$libinit$$0000002C  c_w.l(libinit2.o)
    0x08000222   0x00000000   Code   RO         4293    .ARM.Collect$$libinit$$0000002E  c_w.l(libinit2.o)
    0x08000222   0x00000000   Code   RO         4295    .ARM.Collect$$libinit$$00000030  c_w.l(libinit2.o)
    0x08000222   0x00000000   Code   RO         4297    .ARM.Collect$$libinit$$00000032  c_w.l(libinit2.o)
    0x08000222   0x00000002   Code   RO         4298    .ARM.Collect$$libinit$$00000033  c_w.l(libinit2.o)
    0x08000224   0x00000002   Code   RO         4340    .ARM.Collect$$libshutdown$$00000000  c_w.l(libshutdown.o)
    0x08000226   0x00000000   Code   RO         4359    .ARM.Collect$$libshutdown$$00000002  c_w.l(libshutdown2.o)
    0x08000226   0x00000000   Code   RO         4361    .ARM.Collect$$libshutdown$$00000004  c_w.l(libshutdown2.o)
    0x08000226   0x00000000   Code   RO         4364    .ARM.Collect$$libshutdown$$00000007  c_w.l(libshutdown2.o)
    0x08000226   0x00000000   Code   RO         4367    .ARM.Collect$$libshutdown$$0000000A  c_w.l(libshutdown2.o)
    0x08000226   0x00000000   Code   RO         4369    .ARM.Collect$$libshutdown$$0000000C  c_w.l(libshutdown2.o)
    0x08000226   0x00000000   Code   RO         4372    .ARM.Collect$$libshutdown$$0000000F  c_w.l(libshutdown2.o)
    0x08000226   0x00000002   Code   RO         4373    .ARM.Collect$$libshutdown$$00000010  c_w.l(libshutdown2.o)
    0x08000228   0x00000000   Code   RO         4084    .ARM.Collect$$rtentry$$00000000  c_w.l(__rtentry.o)
    0x08000228   0x00000000   Code   RO         4165    .ARM.Collect$$rtentry$$00000002  c_w.l(__rtentry2.o)
    0x08000228   0x00000006   Code   RO         4177    .ARM.Collect$$rtentry$$00000004  c_w.l(__rtentry4.o)
    0x0800022e   0x00000000   Code   RO         4167    .ARM.Collect$$rtentry$$00000009  c_w.l(__rtentry2.o)
    0x0800022e   0x00000004   Code   RO         4168    .ARM.Collect$$rtentry$$0000000A  c_w.l(__rtentry2.o)
    0x08000232   0x00000000   Code   RO         4170    .ARM.Collect$$rtentry$$0000000C  c_w.l(__rtentry2.o)
    0x08000232   0x00000008   Code   RO         4171    .ARM.Collect$$rtentry$$0000000D  c_w.l(__rtentry2.o)
    0x0800023a   0x00000002   Code   RO         4299    .ARM.Collect$$rtexit$$00000000  c_w.l(rtexit.o)
    0x0800023c   0x00000000   Code   RO         4312    .ARM.Collect$$rtexit$$00000002  c_w.l(rtexit2.o)
    0x0800023c   0x00000004   Code   RO         4313    .ARM.Collect$$rtexit$$00000003  c_w.l(rtexit2.o)
    0x08000240   0x00000006   Code   RO         4314    .ARM.Collect$$rtexit$$00000004  c_w.l(rtexit2.o)
    0x08000246   0x00000002   PAD
    0x08000248   0x00000040   Code   RO          350    .text               startup_stm32f407xx.o
    0x08000288   0x00000002   Code   RO         3947    .text               c_w.l(use_no_semi_2.o)
    0x0800028a   0x000000ee   Code   RO         3949    .text               c_w.l(lludivv7m.o)
    0x08000378   0x00000018   Code   RO         3953    .text               c_w.l(noretval__2printf.o)
    0x08000390   0x00000068   Code   RO         3955    .text               c_w.l(__printf.o)
    0x080003f8   0x00000078   Code   RO         3957    .text               c_w.l(_printf_dec.o)
    0x08000470   0x00000006   Code   RO         3982    .text               c_w.l(heapauxi.o)
    0x08000476   0x00000002   Code   RO         4082    .text               c_w.l(use_no_semi.o)
    0x08000478   0x00000016   Code   RO         4089    .text               c_w.l(_rserrno.o)
    0x0800048e   0x000000b2   Code   RO         4091    .text               c_w.l(_printf_intcommon.o)
    0x08000540   0x0000041a   Code   RO         4093    .text               c_w.l(_printf_fp_dec.o)
    0x0800095a   0x00000002   PAD
    0x0800095c   0x00000024   Code   RO         4095    .text               c_w.l(_printf_char_file.o)
    0x08000980   0x00000008   Code   RO         4184    .text               c_w.l(rt_locale_intlibspace.o)
    0x08000988   0x00000008   Code   RO         4189    .text               c_w.l(rt_errno_addr_intlibspace.o)
    0x08000990   0x0000008a   Code   RO         4191    .text               c_w.l(lludiv10.o)
    0x08000a1a   0x00000002   PAD
    0x08000a1c   0x00000030   Code   RO         4193    .text               c_w.l(_printf_char_common.o)
    0x08000a4c   0x00000080   Code   RO         4195    .text               c_w.l(_printf_fp_infnan.o)
    0x08000acc   0x000000dc   Code   RO         4197    .text               c_w.l(bigflt0.o)
    0x08000ba8   0x00000008   Code   RO         4222    .text               c_w.l(ferror.o)
    0x08000bb0   0x00000008   Code   RO         4233    .text               c_w.l(libspace.o)
    0x08000bb8   0x0000004a   Code   RO         4236    .text               c_w.l(sys_stackheap_outer.o)
    0x08000c02   0x00000012   Code   RO         4240    .text               c_w.l(exit.o)
    0x08000c14   0x00000080   Code   RO         4246    .text               c_w.l(strcmpv7m.o)
    0x08000c94   0x0000003e   Code   RO         4200    CL$$btod_d2e        c_w.l(btod.o)
    0x08000cd2   0x00000046   Code   RO         4202    CL$$btod_d2e_denorm_low  c_w.l(btod.o)
    0x08000d18   0x00000060   Code   RO         4201    CL$$btod_d2e_norm_op1  c_w.l(btod.o)
    0x08000d78   0x00000338   Code   RO         4210    CL$$btod_div_common  c_w.l(btod.o)
    0x080010b0   0x000000c6   Code   RO         4207    CL$$btod_e2e        c_w.l(btod.o)
    0x08001176   0x00000028   Code   RO         4204    CL$$btod_ediv       c_w.l(btod.o)
    0x0800119e   0x00000028   Code   RO         4203    CL$$btod_emul       c_w.l(btod.o)
    0x080011c6   0x00000244   Code   RO         4209    CL$$btod_mult_common  c_w.l(btod.o)
    0x0800140a   0x00000004   Code   RO          216    i.BusFault_Handler  stm32f4xx_it.o
    0x0800140e   0x00000002   PAD
    0x08001410   0x000000f0   Code   RO         3785    i.CalaculateSModel_Accel  s_algorithm.o
    0x08001500   0x00000002   Code   RO          217    i.DebugMon_Handler  stm32f4xx_it.o
    0x08001502   0x00000028   Code   RO         2428    i.HAL_DMA_Abort_IT  stm32f4xx_hal_dma.o
    0x0800152a   0x00000002   PAD
    0x0800152c   0x00000200   Code   RO          491    i.HAL_GPIO_Init     stm32f4xx_hal_gpio.o
    0x0800172c   0x00000010   Code   RO          493    i.HAL_GPIO_ReadPin  stm32f4xx_hal_gpio.o
    0x0800173c   0x0000000c   Code   RO          495    i.HAL_GPIO_WritePin  stm32f4xx_hal_gpio.o
    0x08001748   0x0000000c   Code   RO         2126    i.HAL_GetTick       stm32f4xx_hal.o
    0x08001754   0x00000018   Code   RO         2130    i.HAL_IncTick       stm32f4xx_hal.o
    0x0800176c   0x0000003c   Code   RO         2131    i.HAL_Init          stm32f4xx_hal.o
    0x080017a8   0x0000004c   Code   RO         2132    i.HAL_InitTick      stm32f4xx_hal.o
    0x080017f4   0x00000002   Code   RO          178    i.HAL_MspInit       stm32f4xx_hal_msp.o
    0x080017f6   0x0000001a   Code   RO         2289    i.HAL_NVIC_EnableIRQ  stm32f4xx_hal_cortex.o
    0x08001810   0x0000007c   Code   RO         2295    i.HAL_NVIC_SetPriority  stm32f4xx_hal_cortex.o
    0x0800188c   0x00000028   Code   RO         2296    i.HAL_NVIC_SetPriorityGrouping  stm32f4xx_hal_cortex.o
    0x080018b4   0x00000180   Code   RO          729    i.HAL_RCC_ClockConfig  stm32f4xx_hal_rcc.o
    0x08001a34   0x0000000c   Code   RO          734    i.HAL_RCC_GetHCLKFreq  stm32f4xx_hal_rcc.o
    0x08001a40   0x00000020   Code   RO          736    i.HAL_RCC_GetPCLK1Freq  stm32f4xx_hal_rcc.o
    0x08001a60   0x00000020   Code   RO          737    i.HAL_RCC_GetPCLK2Freq  stm32f4xx_hal_rcc.o
    0x08001a80   0x000000b0   Code   RO          738    i.HAL_RCC_GetSysClockFreq  stm32f4xx_hal_rcc.o
    0x08001b30   0x00000448   Code   RO          741    i.HAL_RCC_OscConfig  stm32f4xx_hal_rcc.o
    0x08001f78   0x000000a0   Code   RO         2805    i.HAL_SPI_Init      stm32f4xx_hal_spi.o
    0x08002018   0x00000074   Code   RO         3241    i.HAL_SPI_MspInit   spi.o
    0x0800208c   0x000002cc   Code   RO         2814    i.HAL_SPI_TransmitReceive  stm32f4xx_hal_spi.o
    0x08002358   0x00000028   Code   RO         2298    i.HAL_SYSTICK_CLKSourceConfig  stm32f4xx_hal_cortex.o
    0x08002380   0x00000034   Code   RO         2300    i.HAL_SYSTICK_Config  stm32f4xx_hal_cortex.o
    0x080023b4   0x00000002   Code   RO         1525    i.HAL_TIMEx_BreakCallback  stm32f4xx_hal_tim_ex.o
    0x080023b6   0x00000002   Code   RO         1526    i.HAL_TIMEx_CommutationCallback  stm32f4xx_hal_tim_ex.o
    0x080023b8   0x00000062   Code   RO         1542    i.HAL_TIMEx_MasterConfigSynchronization  stm32f4xx_hal_tim_ex.o
    0x0800241a   0x00000034   Code   RO          886    i.HAL_TIM_Base_Init  stm32f4xx_hal_tim.o
    0x0800244e   0x00000002   PAD
    0x08002450   0x00000140   Code   RO         3186    i.HAL_TIM_Base_MspInit  timer.o
    0x08002590   0x0000001e   Code   RO          891    i.HAL_TIM_Base_Start_IT  stm32f4xx_hal_tim.o
    0x080025ae   0x00000038   Code   RO          894    i.HAL_TIM_Base_Stop_IT  stm32f4xx_hal_tim.o
    0x080025e6   0x00000132   Code   RO          895    i.HAL_TIM_ConfigClockSource  stm32f4xx_hal_tim.o
    0x08002718   0x00000002   Code   RO          915    i.HAL_TIM_IC_CaptureCallback  stm32f4xx_hal_tim.o
    0x0800271a   0x00000196   Code   RO          928    i.HAL_TIM_IRQHandler  stm32f4xx_hal_tim.o
    0x080028b0   0x000001ec   Code   RO          179    i.HAL_TIM_MspPostInit  stm32f4xx_hal_msp.o
    0x08002a9c   0x00000002   Code   RO          931    i.HAL_TIM_OC_DelayElapsedCallback  stm32f4xx_hal_tim.o
    0x08002a9e   0x00000108   Code   RO          952    i.HAL_TIM_PWM_ConfigChannel  stm32f4xx_hal_tim.o
    0x08002ba6   0x00000034   Code   RO          955    i.HAL_TIM_PWM_Init  stm32f4xx_hal_tim.o
    0x08002bda   0x00000002   Code   RO          957    i.HAL_TIM_PWM_MspInit  stm32f4xx_hal_tim.o
    0x08002bdc   0x00000002   Code   RO          958    i.HAL_TIM_PWM_PulseFinishedCallback  stm32f4xx_hal_tim.o
    0x08002bde   0x00000002   PAD
    0x08002be0   0x0000004c   Code   RO          959    i.HAL_TIM_PWM_Start  stm32f4xx_hal_tim.o
    0x08002c2c   0x00000088   Code   RO          962    i.HAL_TIM_PWM_Stop  stm32f4xx_hal_tim.o
    0x08002cb4   0x00000310   Code   RO         3920    i.HAL_TIM_PeriodElapsedCallback  it.o
    0x08002fc4   0x00000002   Code   RO          969    i.HAL_TIM_TriggerCallback  stm32f4xx_hal_tim.o
    0x08002fc6   0x00000002   Code   RO         1785    i.HAL_UART_ErrorCallback  stm32f4xx_hal_uart.o
    0x08002fc8   0x00000014   Code   RO         1787    i.HAL_UART_GetState  stm32f4xx_hal_uart.o
    0x08002fdc   0x0000014c   Code   RO         1788    i.HAL_UART_IRQHandler  stm32f4xx_hal_uart.o
    0x08003128   0x00000072   Code   RO         1789    i.HAL_UART_Init     stm32f4xx_hal_uart.o
    0x0800319a   0x00000002   PAD
    0x0800319c   0x0000009c   Code   RO          423    i.HAL_UART_MspInit  usart.o
    0x08003238   0x00000064   Code   RO         1794    i.HAL_UART_Receive_IT  stm32f4xx_hal_uart.o
    0x0800329c   0x000000b0   Code   RO          424    i.HAL_UART_RxCpltCallback  usart.o
    0x0800334c   0x000000d6   Code   RO         1797    i.HAL_UART_Transmit  stm32f4xx_hal_uart.o
    0x08003422   0x00000002   Code   RO         1800    i.HAL_UART_TxCpltCallback  stm32f4xx_hal_uart.o
    0x08003424   0x00000004   Code   RO          218    i.HardFault_Handler  stm32f4xx_it.o
    0x08003428   0x000001c8   Code   RO         3747    i.Hmi_Commun        hmi.o
    0x080035f0   0x00000084   Code   RO         3131    i.KEY_Init          key.o
    0x08003674   0x000000a4   Code   RO         3132    i.KEY_Scan          key.o
    0x08003718   0x0000005c   Code   RO         3162    i.LED_Init          led.o
    0x08003774   0x00000050   Code   RO         3887    i.Mechaical_Arm_Init  scara_control.o
    0x080037c4   0x00000004   Code   RO          219    i.MemManage_Handler  stm32f4xx_it.o
    0x080037c8   0x00000048   Code   RO         3599    i.Motor_Dir_GPIO_Init  motor.o
    0x08003810   0x00000050   Code   RO         3824    i.Motor_Max_Speed   scara_alg.o
    0x08003860   0x00000002   Code   RO          220    i.NMI_Handler       stm32f4xx_it.o
    0x08003862   0x00000002   PAD
    0x08003864   0x00000010   Code   RO         2302    i.NVIC_GetPriorityGrouping  stm32f4xx_hal_cortex.o
    0x08003874   0x00000028   Code   RO         2303    i.NVIC_SetPriority  stm32f4xx_hal_cortex.o
    0x0800389c   0x00000002   Code   RO          221    i.PendSV_Handler    stm32f4xx_it.o
    0x0800389e   0x00000002   PAD
    0x080038a0   0x00000058   Code   RO         3242    i.SPI1_Init         spi.o
    0x080038f8   0x00000020   Code   RO         3243    i.SPI1_ReadWriteByte  spi.o
    0x08003918   0x00000048   Code   RO         3244    i.SPI1_SetSpeed     spi.o
    0x08003960   0x00000028   Code   RO         2831    i.SPI_CheckFlag_BSY  stm32f4xx_hal_spi.o
    0x08003988   0x000000aa   Code   RO         2851    i.SPI_WaitFlagStateUntilTimeout  stm32f4xx_hal_spi.o
    0x08003a32   0x00000002   Code   RO          222    i.SVC_Handler       stm32f4xx_it.o
    0x08003a34   0x000000b0   Code   RO          396    i.Stm32_Clock_Init  sys.o
    0x08003ae4   0x00000008   Code   RO          223    i.SysTick_Handler   stm32f4xx_it.o
    0x08003aec   0x00000064   Code   RO          292    i.SystemInit        system_stm32f4xx.o
    0x08003b50   0x00000010   Code   RO         3536    i.TIM1_TRG_COM_TIM11_IRQHandler  pwm.o
    0x08003b60   0x00000010   Code   RO         3537    i.TIM1_UP_TIM10_IRQHandler  pwm.o
    0x08003b70   0x00000010   Code   RO         3441    i.TIM2_IRQHandler   encoder.o
    0x08003b80   0x00000010   Code   RO         3442    i.TIM3_IRQHandler   encoder.o
    0x08003b90   0x00000010   Code   RO         3443    i.TIM5_IRQHandler   encoder.o
    0x08003ba0   0x00000010   Code   RO         3187    i.TIM6_DAC_IRQHandler  timer.o
    0x08003bb0   0x00000010   Code   RO         3189    i.TIM7_IRQHandler   timer.o
    0x08003bc0   0x00000010   Code   RO         3539    i.TIM8_UP_TIM13_IRQHandler  pwm.o
    0x08003bd0   0x000000e4   Code   RO          970    i.TIM_Base_SetConfig  stm32f4xx_hal_tim.o
    0x08003cb4   0x0000001c   Code   RO          971    i.TIM_CCxChannelCmd  stm32f4xx_hal_tim.o
    0x08003cd0   0x00000018   Code   RO          977    i.TIM_ETR_SetConfig  stm32f4xx_hal_tim.o
    0x08003ce8   0x00000014   Code   RO          978    i.TIM_ITRx_SetConfig  stm32f4xx_hal_tim.o
    0x08003cfc   0x00000070   Code   RO          979    i.TIM_OC1_SetConfig  stm32f4xx_hal_tim.o
    0x08003d6c   0x00000078   Code   RO          980    i.TIM_OC2_SetConfig  stm32f4xx_hal_tim.o
    0x08003de4   0x00000078   Code   RO          981    i.TIM_OC3_SetConfig  stm32f4xx_hal_tim.o
    0x08003e5c   0x00000060   Code   RO          982    i.TIM_OC4_SetConfig  stm32f4xx_hal_tim.o
    0x08003ebc   0x0000002a   Code   RO          984    i.TIM_TI1_ConfigInputStage  stm32f4xx_hal_tim.o
    0x08003ee6   0x0000002c   Code   RO          986    i.TIM_TI2_ConfigInputStage  stm32f4xx_hal_tim.o
    0x08003f12   0x00000014   Code   RO         1802    i.UART_DMAAbortOnError  stm32f4xx_hal_uart.o
    0x08003f26   0x00000020   Code   RO         1812    i.UART_EndRxTransfer  stm32f4xx_hal_uart.o
    0x08003f46   0x00000020   Code   RO         1813    i.UART_EndTransmit_IT  stm32f4xx_hal_uart.o
    0x08003f66   0x0000009a   Code   RO         1815    i.UART_Receive_IT   stm32f4xx_hal_uart.o
    0x08004000   0x00000368   Code   RO         1816    i.UART_SetConfig    stm32f4xx_hal_uart.o
    0x08004368   0x00000068   Code   RO         1817    i.UART_Transmit_IT  stm32f4xx_hal_uart.o
    0x080043d0   0x0000006c   Code   RO         1818    i.UART_WaitOnFlagUntilTimeout  stm32f4xx_hal_uart.o
    0x0800443c   0x00000040   Code   RO          425    i.USART1_IRQHandler  usart.o
    0x0800447c   0x00000004   Code   RO          224    i.UsageFault_Handler  stm32f4xx_it.o
    0x08004480   0x00000058   Code   RO         3326    i.W25QXX_Erase_Sector  w25qxx.o
    0x080044d8   0x0000009c   Code   RO         3327    i.W25QXX_Init       w25qxx.o
    0x08004574   0x00000064   Code   RO         3329    i.W25QXX_Read       w25qxx.o
    0x080045d8   0x00000048   Code   RO         3330    i.W25QXX_ReadID     w25qxx.o
    0x08004620   0x00000050   Code   RO         3331    i.W25QXX_ReadSR     w25qxx.o
    0x08004670   0x00000014   Code   RO         3333    i.W25QXX_Wait_Busy  w25qxx.o
    0x08004684   0x000000b8   Code   RO         3334    i.W25QXX_Write      w25qxx.o
    0x0800473c   0x00000020   Code   RO         3336    i.W25QXX_Write_Enable  w25qxx.o
    0x0800475c   0x00000046   Code   RO         3337    i.W25QXX_Write_NoCheck  w25qxx.o
    0x080047a2   0x00000002   PAD
    0x080047a4   0x0000006c   Code   RO         3338    i.W25QXX_Write_Page  w25qxx.o
    0x08004810   0x000000bc   Code   RO         3540    i.X_PWM_Init        pwm.o
    0x080048cc   0x00000024   Code   RO         3605    i.X_Set_AutoReload  motor.o
    0x080048f0   0x00000064   Code   RO         3606    i.X_Set_Speed       motor.o
    0x08004954   0x00000028   Code   RO         3607    i.X_Start           motor.o
    0x0800497c   0x00000018   Code   RO         3608    i.X_Stop            motor.o
    0x08004994   0x000000bc   Code   RO         3541    i.Y_PWM_Init        pwm.o
    0x08004a50   0x00000024   Code   RO         3611    i.Y_Set_AutoReload  motor.o
    0x08004a74   0x000000c0   Code   RO         3612    i.Y_Set_Speed       motor.o
    0x08004b34   0x00000028   Code   RO         3613    i.Y_Start           motor.o
    0x08004b5c   0x00000018   Code   RO         3614    i.Y_Stop            motor.o
    0x08004b74   0x000000bc   Code   RO         3542    i.Z_PWM_Init        pwm.o
    0x08004c30   0x00000024   Code   RO         3616    i.Z_Set_AutoReload  motor.o
    0x08004c54   0x000000b8   Code   RO         3617    i.Z_Set_Speed       motor.o
    0x08004d0c   0x00000028   Code   RO         3618    i.Z_Start           motor.o
    0x08004d34   0x00000018   Code   RO         3619    i.Z_Stop            motor.o
    0x08004d4c   0x00000004   Code   RO            4    i._Error_Handler    main.o
    0x08004d50   0x00000030   Code   RO         4148    i.__ARM_fpclassify  m_wm.l(fpclassify.o)
    0x08004d80   0x00000358   Code   RO         4044    i.__hardfp_exp      m_wm.l(exp.o)
    0x080050d8   0x000000f8   Code   RO         4150    i.__kernel_poly     m_wm.l(poly.o)
    0x080051d0   0x00000014   Code   RO         4129    i.__mathlib_dbl_infnan  m_wm.l(dunder.o)
    0x080051e4   0x00000004   PAD
    0x080051e8   0x00000020   Code   RO         4132    i.__mathlib_dbl_overflow  m_wm.l(dunder.o)
    0x08005208   0x00000020   Code   RO         4134    i.__mathlib_dbl_underflow  m_wm.l(dunder.o)
    0x08005228   0x00000004   Code   RO          426    i._sys_exit         usart.o
    0x0800522c   0x00000014   Code   RO          357    i.delay_init        delay.o
    0x08005240   0x00000018   Code   RO          358    i.delay_ms          delay.o
    0x08005258   0x00000048   Code   RO          359    i.delay_us          delay.o
    0x080052a0   0x0000001c   Code   RO          427    i.fputc             usart.o
    0x080052bc   0x00000154   Code   RO            5    i.main              main.o
    0x08005410   0x00000020   Code   RO         3748    i.tran_3_0xff       hmi.o
    0x08005430   0x00000038   Code   RO          428    i.uart_init         usart.o
    0x08005468   0x0000002c   Code   RO         4227    locale$$code        c_w.l(lc_numeric_c.o)
    0x08005494   0x00000062   Code   RO         3986    x$fpl$d2f           fz_wm.l(d2f.o)
    0x080054f6   0x00000002   PAD
    0x080054f8   0x00000150   Code   RO         3988    x$fpl$dadd          fz_wm.l(daddsub_clz.o)
    0x08005648   0x00000018   Code   RO         4229    x$fpl$dcmpinf       fz_wm.l(dcmpi.o)
    0x08005660   0x000002b0   Code   RO         3995    x$fpl$ddiv          fz_wm.l(ddiv.o)
    0x08005910   0x0000005e   Code   RO         4100    x$fpl$dfix          fz_wm.l(dfix.o)
    0x0800596e   0x0000002e   Code   RO         4105    x$fpl$dflt          fz_wm.l(dflt_clz.o)
    0x0800599c   0x00000078   Code   RO         4110    x$fpl$dleqf         fz_wm.l(dleqf.o)
    0x08005a14   0x00000154   Code   RO         3998    x$fpl$dmul          fz_wm.l(dmul.o)
    0x08005b68   0x0000009c   Code   RO         4112    x$fpl$dnaninf       fz_wm.l(dnaninf.o)
    0x08005c04   0x0000000c   Code   RO         4114    x$fpl$dretinf       fz_wm.l(dretinf.o)
    0x08005c10   0x0000006c   Code   RO         4116    x$fpl$drleqf        fz_wm.l(drleqf.o)
    0x08005c7c   0x00000016   Code   RO         3989    x$fpl$drsb          fz_wm.l(daddsub_clz.o)
    0x08005c92   0x00000002   PAD
    0x08005c94   0x000001d4   Code   RO         3990    x$fpl$dsub          fz_wm.l(daddsub_clz.o)
    0x08005e68   0x00000056   Code   RO         4000    x$fpl$f2d           fz_wm.l(f2d.o)
    0x08005ebe   0x0000008c   Code   RO         4120    x$fpl$fnaninf       fz_wm.l(fnaninf.o)
    0x08005f4a   0x0000000a   Code   RO         4309    x$fpl$fpinit        fz_wm.l(fpinit.o)
    0x08005f54   0x0000000a   Code   RO         4122    x$fpl$fretinf       fz_wm.l(fretinf.o)
    0x08005f5e   0x00000004   Code   RO         4002    x$fpl$printf1       fz_wm.l(printf1.o)
    0x08005f62   0x00000000   Code   RO         4124    x$fpl$usenofp       fz_wm.l(usenofp.o)
    0x08005f62   0x00000021   Data   RO            6    .constdata          main.o
    0x08005f83   0x00000018   Data   RO          293    .constdata          system_stm32f4xx.o
    0x08005f9b   0x00000001   PAD
    0x08005f9c   0x00000004   Data   RO         3750    .constdata          hmi.o
    0x08005fa0   0x00000058   Data   RO         4047    .constdata          m_wm.l(exp.o)
    0x08005ff8   0x00000094   Data   RO         4198    .constdata          c_w.l(bigflt0.o)
    0x0800608c   0x00000020   Data   RO         4374    Region$$Table       anon$$obj.o
    0x080060ac   0x0000001c   Data   RO         4226    locale$$data        c_w.l(lc_numeric_c.o)


    Execution Region RW_IRAM1 (Base: 0x20000000, Size: 0x000034a0, Max: 0x00020000, ABSOLUTE)

    Base Addr    Size         Type   Attr      Idx    E Section Name        Object

    0x20000000   0x00000004   Data   RW          294    .data               system_stm32f4xx.o
    0x20000004   0x00000004   Data   RW          360    .data               delay.o
    0x20000008   0x00000008   Data   RW          430    .data               usart.o
    0x20000010   0x00000009   Data   RW         2138    .data               stm32f4xx_hal.o
    0x20000019   0x00000001   Data   RW         3133    .data               key.o
    0x2000001a   0x00000002   Data   RW         3341    .data               w25qxx.o
    0x2000001c   0x00000006   Data   RW         3620    .data               motor.o
    0x20000022   0x00000002   PAD
    0x20000024   0x00000004   Data   RW         3751    .data               hmi.o
    0x20000028   0x00000038   Data   RW         3830    .data               scara_alg.o
    0x20000060   0x0000000e   Data   RW         3889    .data               scara_control.o
    0x2000006e   0x00000011   Data   RW         3921    .data               it.o
    0x2000007f   0x00000001   PAD
    0x20000080   0x00000108   Zero   RW          429    .bss                usart.o
    0x20000188   0x00000078   Zero   RW         3191    .bss                timer.o
    0x20000200   0x00000058   Zero   RW         3245    .bss                spi.o
    0x20000258   0x00001000   Zero   RW         3340    .bss                w25qxx.o
    0x20001258   0x00000120   Zero   RW         3447    .bss                encoder.o
    0x20001378   0x000000f0   Zero   RW         3543    .bss                pwm.o
    0x20001468   0x000019d4   Zero   RW         3888    .bss                scara_control.o
    0x20002e3c   0x00000060   Zero   RW         4234    .bss                c_w.l(libspace.o)
    0x20002e9c   0x00000004   PAD
    0x20002ea0   0x00000200   Zero   RW          348    HEAP                startup_stm32f407xx.o
    0x200030a0   0x00000400   Zero   RW          347    STACK               startup_stm32f407xx.o


==============================================================================

Image component sizes


      Code (inc. data)   RO Data    RW Data    ZI Data      Debug   Object Name

       116          8          0          4          0       2119   delay.o
        48         18          0          0        288       2081   encoder.o
       488         40          4          4          0       1751   hmi.o
       784         98          0         17          0       2571   it.o
       296         28          0          1          0       1734   key.o
        92          8          0          0          0        923   led.o
       344         96         33          0          0     689001   main.o
       848        216          0          6          0       8302   motor.o
       612        120          0          0        240       4438   pwm.o
       240         12          0          0          0       1105   s_algorithm.o
        80         22          0         56          0       1371   scara_alg.o
        80         20          0         14       6612       2412   scara_control.o
       308         30          0          0         88       3006   spi.o
        64         26        392          0       1536        856   startup_stm32f407xx.o
       172         32          0          9          0       4169   stm32f4xx_hal.o
       338         22          0          0          0      31713   stm32f4xx_hal_cortex.o
        40          0          0          0          0       1207   stm32f4xx_hal_dma.o
       540         46          0          0          0       3143   stm32f4xx_hal_gpio.o
       494        120          0          0          0       1916   stm32f4xx_hal_msp.o
      1732         84          0          0          0       5816   stm32f4xx_hal_rcc.o
      1086          0          0          0          0       4681   stm32f4xx_hal_spi.o
      2222         98          0          0          0      18302   stm32f4xx_hal_tim.o
       102          0          0          0          0       2494   stm32f4xx_hal_tim_ex.o
      2106         14          0          0          0      11171   stm32f4xx_hal_uart.o
        32          0          0          0          0       4438   stm32f4xx_it.o
       176         10          0          0          0       1303   sys.o
       100         18         24          4          0       1215   system_stm32f4xx.o
       352         38          0          0        120       2619   timer.o
       484         58          0          8        264       5821   usart.o
       910         78          0          2       4096       7957   w25qxx.o

    ----------------------------------------------------------------------
     15302       1360        486        128      13244     829635   Object Totals
         0          0         32          0          0          0   (incl. Generated)
        16          0          1          3          0          0   (incl. Padding)

    ----------------------------------------------------------------------

      Code (inc. data)   RO Data    RW Data    ZI Data      Debug   Library Member Name

         8          0          0          0          0         68   __main.o
       104          0          0          0          0         84   __printf.o
         0          0          0          0          0          0   __rtentry.o
        12          0          0          0          0          0   __rtentry2.o
         6          0          0          0          0          0   __rtentry4.o
        52          8          0          0          0          0   __scatter.o
        26          0          0          0          0          0   __scatter_copy.o
        28          0          0          0          0          0   __scatter_zi.o
        48          6          0          0          0         96   _printf_char_common.o
        36          4          0          0          0         80   _printf_char_file.o
         6          0          0          0          0          0   _printf_d.o
       120         16          0          0          0         92   _printf_dec.o
         6          0          0          0          0          0   _printf_f.o
      1050          0          0          0          0        216   _printf_fp_dec.o
       128         16          0          0          0         84   _printf_fp_infnan.o
       178          0          0          0          0         88   _printf_intcommon.o
         0          0          0          0          0          0   _printf_percent.o
         4          0          0          0          0          0   _printf_percent_end.o
        22          0          0          0          0        100   _rserrno.o
       220          4        148          0          0         96   bigflt0.o
      1910        128          0          0          0        672   btod.o
        18          0          0          0          0         80   exit.o
         8          0          0          0          0         68   ferror.o
         6          0          0          0          0        152   heapauxi.o
        44         10         28          0          0         76   lc_numeric_c.o
         2          0          0          0          0          0   libinit.o
        22          0          0          0          0          0   libinit2.o
         2          0          0          0          0          0   libshutdown.o
         2          0          0          0          0          0   libshutdown2.o
         8          4          0          0         96         68   libspace.o
       138          0          0          0          0         80   lludiv10.o
       238          0          0          0          0        100   lludivv7m.o
        24          4          0          0          0         84   noretval__2printf.o
         8          4          0          0          0         68   rt_errno_addr_intlibspace.o
         8          4          0          0          0         68   rt_locale_intlibspace.o
         2          0          0          0          0          0   rtexit.o
        10          0          0          0          0          0   rtexit2.o
       128          0          0          0          0         68   strcmpv7m.o
        74          0          0          0          0         80   sys_stackheap_outer.o
         2          0          0          0          0         68   use_no_semi.o
         2          0          0          0          0         68   use_no_semi_2.o
        98          4          0          0          0        140   d2f.o
       826         16          0          0          0        492   daddsub_clz.o
        24          0          0          0          0        116   dcmpi.o
       688        140          0          0          0        256   ddiv.o
        94          4          0          0          0        140   dfix.o
        46          0          0          0          0        116   dflt_clz.o
       120          4          0          0          0        140   dleqf.o
       340         12          0          0          0        152   dmul.o
       156          4          0          0          0        140   dnaninf.o
        12          0          0          0          0        116   dretinf.o
       108          0          0          0          0        128   drleqf.o
        86          4          0          0          0        132   f2d.o
       140          4          0          0          0        132   fnaninf.o
        10          0          0          0          0        116   fpinit.o
        10          0          0          0          0        116   fretinf.o
         4          0          0          0          0        116   printf1.o
         0          0          0          0          0          0   usenofp.o
        84         16          0          0          0        372   dunder.o
       856        142         88          0          0        288   exp.o
        48          0          0          0          0        124   fpclassify.o
       248          0          0          0          0        152   poly.o

    ----------------------------------------------------------------------
      8724        558        264          0        100       6288   Library Totals
        16          0          0          0          4          0   (incl. Padding)

    ----------------------------------------------------------------------

      Code (inc. data)   RO Data    RW Data    ZI Data      Debug   Library Name

      4710        208        176          0         96       2804   c_w.l
      2762        192          0          0          0       2548   fz_wm.l
      1236        158         88          0          0        936   m_wm.l

    ----------------------------------------------------------------------
      8724        558        264          0        100       6288   Library Totals

    ----------------------------------------------------------------------

==============================================================================


      Code (inc. data)   RO Data    RW Data    ZI Data      Debug   

     24026       1918        750        128      13344     819115   Grand Totals
     24026       1918        750        128      13344     819115   ELF Image Totals
     24026       1918        750        128          0          0   ROM Totals

==============================================================================

    Total RO  Size (Code + RO Data)                24776 (  24.20kB)
    Total RW  Size (RW Data + ZI Data)             13472 (  13.16kB)
    Total ROM Size (Code + RO Data + RW Data)      24904 (  24.32kB)

==============================================================================

