Component: ARM Compiler 5.06 update 4 (build 422) Tool: armlink [4d35d2]

==============================================================================

Section Cross References

    main.o(i.main) refers to _printf_percent.o(.ARM.Collect$$_printf_percent$$00000000) for _printf_percent
    main.o(i.main) refers to _printf_s.o(.ARM.Collect$$_printf_percent$$00000014) for _printf_s
    main.o(i.main) refers to _printf_str.o(.text) for _printf_str
    main.o(i.main) refers to stm32f4xx_hal.o(i.HAL_Init) for HAL_Init
    main.o(i.main) refers to sys.o(i.Stm32_Clock_Init) for Stm32_Clock_Init
    main.o(i.main) refers to delay.o(i.delay_init) for delay_init
    main.o(i.main) refers to usart.o(i.uart_init) for uart_init
    main.o(i.main) refers to led.o(i.LED_Init) for LED_Init
    main.o(i.main) refers to key.o(i.KEY_Init) for KEY_Init
    main.o(i.main) refers to w25qxx.o(i.W25QXX_Init) for W25QXX_Init
    main.o(i.main) refers to spi.o(i.SPI1_Init) for SPI1_Init
    main.o(i.main) refers to scara_control.o(i.Mechaical_Arm_Init) for Mechaical_Arm_Init
    main.o(i.main) refers to delay.o(i.delay_ms) for delay_ms
    main.o(i.main) refers to noretval__2printf.o(.text) for __2printf
    main.o(i.main) refers to w25qxx.o(i.W25QXX_ReadID) for W25QXX_ReadID
    main.o(i.main) refers to key.o(i.KEY_Scan) for KEY_Scan
    main.o(i.main) refers to w25qxx.o(i.W25QXX_Write) for W25QXX_Write
    main.o(i.main) refers to w25qxx.o(i.W25QXX_Read) for W25QXX_Read
    main.o(i.main) refers to hmi.o(i.tran_3_0xff) for tran_3_0xff
    main.o(i.main) refers to stm32f4xx_hal_uart.o(i.HAL_UART_Transmit) for HAL_UART_Transmit
    main.o(i.main) refers to hmi.o(i.Hmi_Commun) for Hmi_Commun
    main.o(i.main) refers to main.o(.constdata) for Text_Buffer
    main.o(i.main) refers to usart.o(.data) for USART_RX_STA
    main.o(i.main) refers to usart.o(.bss) for USART_RX_BUF
    stm32f4xx_hal_msp.o(i.HAL_TIM_MspPostInit) refers to noretval__2printf.o(.text) for __2printf
    stm32f4xx_hal_msp.o(i.HAL_TIM_MspPostInit) refers to stm32f4xx_hal_gpio.o(i.HAL_GPIO_Init) for HAL_GPIO_Init
    stm32f4xx_it.o(i.SysTick_Handler) refers to stm32f4xx_hal.o(i.HAL_IncTick) for HAL_IncTick
    system_stm32f4xx.o(i.SystemCoreClockUpdate) refers to system_stm32f4xx.o(.data) for SystemCoreClock
    system_stm32f4xx.o(i.SystemCoreClockUpdate) refers to system_stm32f4xx.o(.constdata) for AHBPrescTable
    startup_stm32f407xx.o(STACK) refers (Special) to heapauxi.o(.text) for __use_two_region_memory
    startup_stm32f407xx.o(HEAP) refers (Special) to heapauxi.o(.text) for __use_two_region_memory
    startup_stm32f407xx.o(RESET) refers (Special) to heapauxi.o(.text) for __use_two_region_memory
    startup_stm32f407xx.o(RESET) refers to startup_stm32f407xx.o(STACK) for __initial_sp
    startup_stm32f407xx.o(RESET) refers to startup_stm32f407xx.o(.text) for Reset_Handler
    startup_stm32f407xx.o(RESET) refers to stm32f4xx_it.o(i.NMI_Handler) for NMI_Handler
    startup_stm32f407xx.o(RESET) refers to stm32f4xx_it.o(i.HardFault_Handler) for HardFault_Handler
    startup_stm32f407xx.o(RESET) refers to stm32f4xx_it.o(i.MemManage_Handler) for MemManage_Handler
    startup_stm32f407xx.o(RESET) refers to stm32f4xx_it.o(i.BusFault_Handler) for BusFault_Handler
    startup_stm32f407xx.o(RESET) refers to stm32f4xx_it.o(i.UsageFault_Handler) for UsageFault_Handler
    startup_stm32f407xx.o(RESET) refers to stm32f4xx_it.o(i.SVC_Handler) for SVC_Handler
    startup_stm32f407xx.o(RESET) refers to stm32f4xx_it.o(i.DebugMon_Handler) for DebugMon_Handler
    startup_stm32f407xx.o(RESET) refers to stm32f4xx_it.o(i.PendSV_Handler) for PendSV_Handler
    startup_stm32f407xx.o(RESET) refers to stm32f4xx_it.o(i.SysTick_Handler) for SysTick_Handler
    startup_stm32f407xx.o(RESET) refers to pwm.o(i.TIM1_UP_TIM10_IRQHandler) for TIM1_UP_TIM10_IRQHandler
    startup_stm32f407xx.o(RESET) refers to pwm.o(i.TIM1_TRG_COM_TIM11_IRQHandler) for TIM1_TRG_COM_TIM11_IRQHandler
    startup_stm32f407xx.o(RESET) refers to encoder.o(i.TIM2_IRQHandler) for TIM2_IRQHandler
    startup_stm32f407xx.o(RESET) refers to encoder.o(i.TIM3_IRQHandler) for TIM3_IRQHandler
    startup_stm32f407xx.o(RESET) refers to usart.o(i.USART1_IRQHandler) for USART1_IRQHandler
    startup_stm32f407xx.o(RESET) refers to pwm.o(i.TIM8_UP_TIM13_IRQHandler) for TIM8_UP_TIM13_IRQHandler
    startup_stm32f407xx.o(RESET) refers to encoder.o(i.TIM5_IRQHandler) for TIM5_IRQHandler
    startup_stm32f407xx.o(RESET) refers to timer.o(i.TIM6_DAC_IRQHandler) for TIM6_DAC_IRQHandler
    startup_stm32f407xx.o(RESET) refers to timer.o(i.TIM7_IRQHandler) for TIM7_IRQHandler
    startup_stm32f407xx.o(.text) refers (Special) to heapauxi.o(.text) for __use_two_region_memory
    startup_stm32f407xx.o(.text) refers to system_stm32f4xx.o(i.SystemInit) for SystemInit
    startup_stm32f407xx.o(.text) refers to __main.o(!!!main) for __main
    startup_stm32f407xx.o(.text) refers to startup_stm32f407xx.o(HEAP) for Heap_Mem
[...]
    i.Z_Stop                                 0x08004fa0   Section        0  motor.o(i.Z_Stop)
    i._Error_Handler                         0x08004fb8   Section        0  main.o(i._Error_Handler)
    i.__ARM_fpclassify                       0x08004fbc   Section        0  fpclassify.o(i.__ARM_fpclassify)
    i.__hardfp_exp                           0x08004ff0   Section        0  exp.o(i.__hardfp_exp)
    i.__kernel_poly                          0x08005348   Section        0  poly.o(i.__kernel_poly)
    i.__mathlib_dbl_infnan                   0x08005440   Section        0  dunder.o(i.__mathlib_dbl_infnan)
    i.__mathlib_dbl_overflow                 0x08005458   Section        0  dunder.o(i.__mathlib_dbl_overflow)
    i.__mathlib_dbl_underflow                0x08005478   Section        0  dunder.o(i.__mathlib_dbl_underflow)
    i._sys_exit                              0x08005498   Section        0  usart.o(i._sys_exit)
    i.delay_init                             0x0800549c   Section        0  delay.o(i.delay_init)
    i.delay_ms                               0x080054b0   Section        0  delay.o(i.delay_ms)
    i.delay_us                               0x080054c8   Section        0  delay.o(i.delay_us)
    i.fputc                                  0x08005510   Section        0  usart.o(i.fputc)
    i.main                                   0x0800552c   Section        0  main.o(i.main)
    i.tran_3_0xff                            0x080056bc   Section        0  hmi.o(i.tran_3_0xff)
    i.tran_str                               0x080056dc   Section        0  hmi.o(i.tran_str)
    i.uart_init                              0x080056f4   Section        0  usart.o(i.uart_init)
    locale$$code                             0x0800572c   Section       44  lc_numeric_c.o(locale$$code)
    x$fpl$d2f                                0x08005758   Section       98  d2f.o(x$fpl$d2f)
    $v0                                      0x08005758   Number         0  d2f.o(x$fpl$d2f)
    x$fpl$dadd                               0x080057bc   Section      336  daddsub_clz.o(x$fpl$dadd)
    $v0                                      0x080057bc   Number         0  daddsub_clz.o(x$fpl$dadd)
    _dadd1                                   0x080057cd   Thumb Code     0  daddsub_clz.o(x$fpl$dadd)
    x$fpl$dcmpinf                            0x0800590c   Section       24  dcmpi.o(x$fpl$dcmpinf)
    $v0                                      0x0800590c   Number         0  dcmpi.o(x$fpl$dcmpinf)
    x$fpl$ddiv                               0x08005924   Section      688  ddiv.o(x$fpl$ddiv)
    $v0                                      0x08005924   Number         0  ddiv.o(x$fpl$ddiv)
    ddiv_entry                               0x0800592b   Thumb Code     0  ddiv.o(x$fpl$ddiv)
    x$fpl$dfix                               0x08005bd4   Section       94  dfix.o(x$fpl$dfix)
    $v0                                      0x08005bd4   Number         0  dfix.o(x$fpl$dfix)
    x$fpl$dflt                               0x08005c32   Section       46  dflt_clz.o(x$fpl$dflt)
    $v0                                      0x08005c32   Number         0  dflt_clz.o(x$fpl$dflt)
    x$fpl$dleqf                              0x08005c60   Section      120  dleqf.o(x$fpl$dleqf)
    $v0                                      0x08005c60   Number         0  dleqf.o(x$fpl$dleqf)
    x$fpl$dmul                               0x08005cd8   Section      340  dmul.o(x$fpl$dmul)
    $v0                                      0x08005cd8   Number         0  dmul.o(x$fpl$dmul)
    x$fpl$dnaninf                            0x08005e2c   Section      156  dnaninf.o(x$fpl$dnaninf)
    $v0                                      0x08005e2c   Number         0  dnaninf.o(x$fpl$dnaninf)
    x$fpl$dretinf                            0x08005ec8   Section       12  dretinf.o(x$fpl$dretinf)
    $v0                                      0x08005ec8   Number         0  dretinf.o(x$fpl$dretinf)
    x$fpl$drleqf                             0x08005ed4   Section      108  drleqf.o(x$fpl$drleqf)
    $v0                                      0x08005ed4   Number         0  drleqf.o(x$fpl$drleqf)
    x$fpl$drsb                               0x08005f40   Section       22  daddsub_clz.o(x$fpl$drsb)
    $v0                                      0x08005f40   Number         0  daddsub_clz.o(x$fpl$drsb)
    x$fpl$dsub                               0x08005f58   Section      468  daddsub_clz.o(x$fpl$dsub)
    $v0                                      0x08005f58   Number         0  daddsub_clz.o(x$fpl$dsub)
    _dsub1                                   0x08005f69   Thumb Code     0  daddsub_clz.o(x$fpl$dsub)
    x$fpl$f2d                                0x0800612c   Section       86  f2d.o(x$fpl$f2d)
    $v0                                      0x0800612c   Number         0  f2d.o(x$fpl$f2d)
    x$fpl$fnaninf                            0x08006182   Section      140  fnaninf.o(x$fpl$fnaninf)
    $v0                                      0x08006182   Number         0  fnaninf.o(x$fpl$fnaninf)
    x$fpl$fpinit                             0x0800620e   Section       10  fpinit.o(x$fpl$fpinit)
    $v0                                      0x0800620e   Number         0  fpinit.o(x$fpl$fpinit)
    x$fpl$fretinf                            0x08006218   Section       10  fretinf.o(x$fpl$fretinf)
    $v0                                      0x08006218   Number         0  fretinf.o(x$fpl$fretinf)
    x$fpl$printf1                            0x08006222   Section        4  printf1.o(x$fpl$printf1)
    $v0                                      0x08006222   Number         0  printf1.o(x$fpl$printf1)
    .constdata                               0x08006226   Section        6  main.o(.constdata)
    x$fpl$usenofp                            0x08006226   Section        0  usenofp.o(x$fpl$usenofp)
    .constdata                               0x0800622c   Section       24  system_stm32f4xx.o(.constdata)
    .constdata                               0x08006248   Section       88  exp.o(.constdata)
    halF                                     0x08006248   Data          16  exp.o(.constdata)
    ln2HI                                    0x08006258   Data          16  exp.o(.constdata)
    ln2LO                                    0x08006268   Data          16  exp.o(.constdata)
    P                                        0x08006278   Data          40  exp.o(.constdata)
    .constdata                               0x080062a0   Section      148  bigflt0.o(.constdata)
    tenpwrs_x                                0x080062a0   Data          60  bigflt0.o(.constdata)
    tenpwrs_i                                0x080062dc   Data          64  bigflt0.o(.constdata)
    locale$$data                             0x08006354   Section       28  lc_numeric_c.o(locale$$data)
    __lcnum_c_name                           0x08006358   Data           2  lc_numeric_c.o(locale$$data)
    __lcnum_c_start                          0x08006360   Data           0  lc_numeric_c.o(locale$$data)
    __lcnum_c_point                          0x0800636c   Data           0  lc_numeric_c.o(locale$$data)
    __lcnum_c_thousands                      0x0800636e   Data           0  lc_numeric_c.o(locale$$data)
    __lcnum_c_grouping                       0x0800636f   Data           0  lc_numeric_c.o(locale$$data)
    __lcnum_c_end                            0x08006370   Data           0  lc_numeric_c.o(locale$$data)
    .data                                    0x20000000   Section        4  system_stm32f4xx.o(.data)
    .data                                    0x20000004   Section        4  delay.o(.data)
    fac_us                                   0x20000004   Data           4  delay.o(.data)
    .data                                    0x20000008   Section        8  usart.o(.data)
    .data                                    0x20000010   Section        9  stm32f4xx_hal.o(.data)
    .data                                    0x20000019   Section        1  key.o(.data)
    key_up                                   0x20000019   Data           1  key.o(.data)
    .data                                    0x2000001a   Section        2  w25qxx.o(.data)
    .data                                    0x2000001c   Section        6  motor.o(.data)
    .data                                    0x20000024   Section       16  hmi.o(.data)
    i                                        0x20000027   Data           1  hmi.o(.data)
    data                                     0x20000030   Data           4  hmi.o(.data)
    .data                                    0x20000038   Section       56  scara_alg.o(.data)
    .data                                    0x20000070   Section       10  scara_control.o(.data)
    buf_i                                    0x20000076   Data           2  scara_control.o(.data)
    init                                     0x20000078   Data           2  scara_control.o(.data)
    .data                                    0x2000007a   Section       17  it.o(.data)
    .bss                                     0x2000008c   Section      264  usart.o(.bss)
    .bss                                     0x20000194   Section      120  timer.o(.bss)
    .bss                                     0x2000020c   Section       88  spi.o(.bss)
    .bss                                     0x20000264   Section     4096  w25qxx.o(.bss)
    .bss                                     0x20001264   Section      288  encoder.o(.bss)
    .bss                                     0x20001384   Section      240  pwm.o(.bss)
    .bss                                     0x20001474   Section     1200  hmi.o(.bss)
    .bss                                     0x20001924   Section     7800  scara_control.o(.bss)
    .bss                                     0x2000379c   Section       96  libspace.o(.bss)
    HEAP                                     0x20003800   Section      512  startup_stm32f407xx.o(HEAP)
    Heap_Mem                                 0x20003800   Data         512  startup_stm32f407xx.o(HEAP)
    STACK                                    0x20003a00   Section     1024  startup_stm32f407xx.o(STACK)
    Stack_Mem                                0x20003a00   Data        1024  startup_stm32f407xx.o(STACK)
    __initial_sp                             0x20003e00   Data           0  startup_stm32f407xx.o(STACK)

    Global Symbols

    Symbol Name                              Value     Ov Type        Size  Object(Section)

    BuildAttributes$$THM_ISAv4$E$P$D$K$B$S$7EM$VFPi3$EXTD16$VFPS$VFMA$PE$A:L22UL41UL21$X:L11$S22US41US21$IEEE1$IW$USESV6$~STKCKD$USESV7$~SHL$OTIME$ROPI$IEEEX$EBA8$UX$STANDARDLIB$REQ8$PRES8$EABIv2 0x00000000   Number         0  anon$$obj.o ABSOLUTE
    __ARM_use_no_argv                        0x00000000   Number         0  main.o ABSOLUTE
    __ARM_exceptions_init                     - Undefined Weak Reference
    __alloca_initialize                       - Undefined Weak Reference
    __arm_preinit_                            - Undefined Weak Reference
    __cpp_initialize__aeabi_                  - Undefined Weak Reference
    __cxa_finalize                            - Undefined Weak Reference
    __sigvec_lookup                           - Undefined Weak Reference
    _atexit_init                              - Undefined Weak Reference
    _call_atexit_fns                          - Undefined Weak Reference
    _clock_init                               - Undefined Weak Reference
    _fp_trap_init                             - Undefined Weak Reference
    _fp_trap_shutdown                         - Undefined Weak Reference
    _get_lc_collate                           - Undefined Weak Reference
    _get_lc_ctype                             - Undefined Weak Reference
    _get_lc_monetary                          - Undefined Weak Reference
    _get_lc_time                              - Undefined Weak Reference
    _getenv_init                              - Undefined Weak Reference
    _handle_redirection                       - Undefined Weak Reference
    _init_alloc                               - Undefined Weak Reference
    _init_user_alloc                          - Undefined Weak Reference
    _initio                                   - Undefined Weak Reference
    _mutex_acquire                            - Undefined Weak Reference
    _mutex_release                            - Undefined Weak Reference
    _printf_mbtowc                            - Undefined Weak Reference
    _printf_post_padding                      - Undefined Weak Reference
    _printf_pre_padding                       - Undefined Weak Reference
    _printf_truncate_signed                   - Undefined Weak Reference
    _printf_truncate_unsigned                 - Undefined Weak Reference
    _rand_init                                - Undefined Weak Reference
    _signal_finish                            - Undefined Weak Reference
    _signal_init                              - Undefined Weak Reference
    _terminate_alloc                          - Undefined Weak Reference
    _terminate_user_alloc                     - Undefined Weak Reference
    _terminateio                              - Undefined Weak Reference
    __Vectors_Size                           0x00000188   Number         0  startup_stm32f407xx.o ABSOLUTE
    __Vectors                                0x08000000   Data           4  startup_stm32f407xx.o(RESET)
    __Vectors_End                            0x08000188   Data           0  startup_stm32f407xx.o(RESET)
    __main                                   0x08000189   Thumb Code     8  __main.o(!!!main)
    __scatterload                            0x08000191   Thumb Code     0  __scatter.o(!!!scatter)
    __scatterload_rt2                        0x08000191   Thumb Code    44  __scatter.o(!!!scatter)
    __scatterload_rt2_thumb_only             0x08000191   Thumb Code     0  __scatter.o(!!!scatter)
    __scatterload_null                       0x0800019f   Thumb Code     0  __scatter.o(!!!scatter)
    __scatterload_copy                       0x080001c5   Thumb Code    26  __scatter_copy.o(!!handler_copy)
    __scatterload_zeroinit                   0x080001e1   Thumb Code    28  __scatter_zi.o(!!handler_zi)
    _printf_f                                0x080001fd   Thumb Code     0  _printf_f.o(.ARM.Collect$$_printf_percent$$00000003)
    _printf_percent                          0x080001fd   Thumb Code     0  _printf_percent.o(.ARM.Collect$$_printf_percent$$00000000)
    _printf_d                                0x08000203   Thumb Code     0  _printf_d.o(.ARM.Collect$$_printf_percent$$00000009)
    _printf_s                                0x08000209   Thumb Code     0  _printf_s.o(.ARM.Collect$$_printf_percent$$00000014)
    _printf_percent_end                      0x0800020f   Thumb Code     0  _printf_percent_end.o(.ARM.Collect$$_printf_percent$$00000017)
    __rt_lib_init                            0x08000213   Thumb Code     0  libinit.o(.ARM.Collect$$libinit$$00000000)
    __rt_lib_init_fp_1                       0x08000215   Thumb Code     0  libinit2.o(.ARM.Collect$$libinit$$00000001)
    __rt_lib_init_heap_1                     0x08000219   Thumb Code     0  libinit2.o(.ARM.Collect$$libinit$$0000000A)
    __rt_lib_init_lc_common                  0x08000219   Thumb Code     0  libinit2.o(.ARM.Collect$$libinit$$0000000F)
    __rt_lib_init_preinit_1                  0x08000219   Thumb Code     0  libinit2.o(.ARM.Collect$$libinit$$00000004)
    __rt_lib_init_rand_1                     0x08000219   Thumb Code     0  libinit2.o(.ARM.Collect$$libinit$$0000000E)
    __rt_lib_init_user_alloc_1               0x08000219   Thumb Code     0  libinit2.o(.ARM.Collect$$libinit$$0000000C)
    __rt_lib_init_lc_collate_1               0x0800021f   Thumb Code     0  libinit2.o(.ARM.Collect$$libinit$$00000011)
    __rt_lib_init_lc_ctype_1                 0x0800021f   Thumb Code     0  libinit2.o(.ARM.Collect$$libinit$$00000013)
    __rt_lib_init_lc_monetary_1              0x0800021f   Thumb Code     0  libinit2.o(.ARM.Collect$$libinit$$00000015)
    __rt_lib_init_lc_numeric_2               0x0800021f   Thumb Code     0  libinit2.o(.ARM.Collect$$libinit$$00000016)
    __rt_lib_init_alloca_1                   0x08000229   Thumb Code     0  libinit2.o(.ARM.Collect$$libinit$$0000002E)
    __rt_lib_init_argv_1                     0x08000229   Thumb Code     0  libinit2.o(.ARM.Collect$$libinit$$0000002C)
    __rt_lib_init_atexit_1                   0x08000229   Thumb Code     0  libinit2.o(.ARM.Collect$$libinit$$0000001B)
    __rt_lib_init_clock_1                    0x08000229   Thumb Code     0  libinit2.o(.ARM.Collect$$libinit$$00000021)
    __rt_lib_init_cpp_1                      0x08000229   Thumb Code     0  libinit2.o(.ARM.Collect$$libinit$$00000032)
    __rt_lib_init_exceptions_1               0x08000229   Thumb Code     0  libinit2.o(.ARM.Collect$$libinit$$00000030)
    __rt_lib_init_fp_trap_1                  0x08000229   Thumb Code     0  libinit2.o(.ARM.Collect$$libinit$$0000001F)
    __rt_lib_init_getenv_1                   0x08000229   Thumb Code     0  libinit2.o(.ARM.Collect$$libinit$$00000023)
    __rt_lib_init_lc_numeric_1               0x08000229   Thumb Code     0  libinit2.o(.ARM.Collect$$libinit$$00000017)
    __rt_lib_init_lc_time_1                  0x08000229   Thumb Code     0  libinit2.o(.ARM.Collect$$libinit$$00000019)
    __rt_lib_init_return                     0x08000229   Thumb Code     0  libinit2.o(.ARM.Collect$$libinit$$00000033)
    __rt_lib_init_signal_1                   0x08000229   Thumb Code     0  libinit2.o(.ARM.Collect$$libinit$$0000001D)
    __rt_lib_init_stdio_1                    0x08000229   Thumb Code     0  libinit2.o(.ARM.Collect$$libinit$$00000025)
    __rt_lib_shutdown                        0x0800022b   Thumb Code     0  libshutdown.o(.ARM.Collect$$libshutdown$$00000000)
    __rt_lib_shutdown_cpp_1                  0x0800022d   Thumb Code     0  libshutdown2.o(.ARM.Collect$$libshutdown$$00000002)
    __rt_lib_shutdown_fp_trap_1              0x0800022d   Thumb Code     0  libshutdown2.o(.ARM.Collect$$libshutdown$$00000007)
    __rt_lib_shutdown_heap_1                 0x0800022d   Thumb Code     0  libshutdown2.o(.ARM.Collect$$libshutdown$$0000000F)
    __rt_lib_shutdown_return                 0x0800022d   Thumb Code     0  libshutdown2.o(.ARM.Collect$$libshutdown$$00000010)
    __rt_lib_shutdown_signal_1               0x0800022d   Thumb Code     0  libshutdown2.o(.ARM.Collect$$libshutdown$$0000000A)
    __rt_lib_shutdown_stdio_1                0x0800022d   Thumb Code     0  libshutdown2.o(.ARM.Collect$$libshutdown$$00000004)
    __rt_lib_shutdown_user_alloc_1           0x0800022d   Thumb Code     0  libshutdown2.o(.ARM.Collect$$libshutdown$$0000000C)
    __rt_entry                               0x0800022f   Thumb Code     0  __rtentry.o(.ARM.Collect$$rtentry$$00000000)
    __rt_entry_presh_1                       0x0800022f   Thumb Code     0  __rtentry2.o(.ARM.Collect$$rtentry$$00000002)
    __rt_entry_sh                            0x0800022f   Thumb Code     0  __rtentry4.o(.ARM.Collect$$rtentry$$00000004)
    __rt_entry_li                            0x08000235   Thumb Code     0  __rtentry2.o(.ARM.Collect$$rtentry$$0000000A)
    __rt_entry_postsh_1                      0x08000235   Thumb Code     0  __rtentry2.o(.ARM.Collect$$rtentry$$00000009)
    __rt_entry_main                          0x08000239   Thumb Code     0  __rtentry2.o(.ARM.Collect$$rtentry$$0000000D)
    __rt_entry_postli_1                      0x08000239   Thumb Code     0  __rtentry2.o(.ARM.Collect$$rtentry$$0000000C)
    __rt_exit                                0x08000241   Thumb Code     0  rtexit.o(.ARM.Collect$$rtexit$$00000000)
    __rt_exit_ls                             0x08000243   Thumb Code     0  rtexit2.o(.ARM.Collect$$rtexit$$00000003)
    __rt_exit_prels_1                        0x08000243   Thumb Code     0  rtexit2.o(.ARM.Collect$$rtexit$$00000002)
    __rt_exit_exit                           0x08000247   Thumb Code     0  rtexit2.o(.ARM.Collect$$rtexit$$00000004)
    Reset_Handler                            0x0800024d   Thumb Code     8  startup_stm32f407xx.o(.text)
    ADC_IRQHandler                           0x08000267   Thumb Code     0  startup_stm32f407xx.o(.text)
    CAN1_RX0_IRQHandler                      0x08000267   Thumb Code     0  startup_stm32f407xx.o(.text)
    CAN1_RX1_IRQHandler                      0x08000267   Thumb Code     0  startup_stm32f407xx.o(.text)
    CAN1_SCE_IRQHandler                      0x08000267   Thumb Code     0  startup_stm32f407xx.o(.text)
    CAN1_TX_IRQHandler                       0x08000267   Thumb Code     0  startup_stm32f407xx.o(.text)
    CAN2_RX0_IRQHandler                      0x08000267   Thumb Code     0  startup_stm32f407xx.o(.text)
    CAN2_RX1_IRQHandler                      0x08000267   Thumb Code     0  startup_stm32f407xx.o(.text)
    CAN2_SCE_IRQHandler                      0x08000267   Thumb Code     0  startup_stm32f407xx.o(.text)
    CAN2_TX_IRQHandler                       0x08000267   Thumb Code     0  startup_stm32f407xx.o(.text)
    DCMI_IRQHandler                          0x08000267   Thumb Code     0  startup_stm32f407xx.o(.text)
    DMA1_Stream0_IRQHandler                  0x08000267   Thumb Code     0  startup_stm32f407xx.o(.text)
    DMA1_Stream1_IRQHandler                  0x08000267   Thumb Code     0  startup_stm32f407xx.o(.text)
    DMA1_Stream2_IRQHandler                  0x08000267   Thumb Code     0  startup_stm32f407xx.o(.text)
    DMA1_Stream3_IRQHandler                  0x08000267   Thumb Code     0  startup_stm32f407xx.o(.text)
    DMA1_Stream4_IRQHandler                  0x08000267   Thumb Code     0  startup_stm32f407xx.o(.text)
    DMA1_Stream5_IRQHandler                  0x08000267   Thumb Code     0  startup_stm32f407xx.o(.text)
    DMA1_Stream6_IRQHandler                  0x08000267   Thumb Code     0  startup_stm32f407xx.o(.text)
    DMA1_Stream7_IRQHandler                  0x08000267   Thumb Code     0  startup_stm32f407xx.o(.text)
    DMA2_Stream0_IRQHandler                  0x08000267   Thumb Code     0  startup_stm32f407xx.o(.text)
    DMA2_Stream1_IRQHandler                  0x08000267   Thumb Code     0  startup_stm32f407xx.o(.text)
    DMA2_Stream2_IRQHandler                  0x08000267   Thumb Code     0  startup_stm32f407xx.o(.text)
    DMA2_Stream3_IRQHandler                  0x08000267   Thumb Code     0  startup_stm32f407xx.o(.text)
    DMA2_Stream4_IRQHandler                  0x08000267   Thumb Code     0  startup_stm32f407xx.o(.text)
    DMA2_Stream5_IRQHandler                  0x08000267   Thumb Code     0  startup_stm32f407xx.o(.text)
    DMA2_Stream6_IRQHandler                  0x08000267   Thumb Code     0  startup_stm32f407xx.o(.text)
    DMA2_Stream7_IRQHandler                  0x08000267   Thumb Code     0  startup_stm32f407xx.o(.text)
    ETH_IRQHandler                           0x08000267   Thumb Code     0  startup_stm32f407xx.o(.text)
    ETH_WKUP_IRQHandler                      0x08000267   Thumb Code     0  startup_stm32f407xx.o(.text)
    EXTI0_IRQHandler                         0x08000267   Thumb Code     0  startup_stm32f407xx.o(.text)
    EXTI15_10_IRQHandler                     0x08000267   Thumb Code     0  startup_stm32f407xx.o(.text)
    EXTI1_IRQHandler                         0x08000267   Thumb Code     0  startup_stm32f407xx.o(.text)
    EXTI2_IRQHandler                         0x08000267   Thumb Code     0  startup_stm32f407xx.o(.text)
    EXTI3_IRQHandler                         0x08000267   Thumb Code     0  startup_stm32f407xx.o(.text)
    EXTI4_IRQHandler                         0x08000267   Thumb Code     0  startup_stm32f407xx.o(.text)
    EXTI9_5_IRQHandler                       0x08000267   Thumb Code     0  startup_stm32f407xx.o(.text)
    FLASH_IRQHandler                         0x08000267   Thumb Code     0  startup_stm32f407xx.o(.text)
    FMC_IRQHandler                           0x08000267   Thumb Code     0  startup_stm32f407xx.o(.text)
    FPU_IRQHandler                           0x08000267   Thumb Code     0  startup_stm32f407xx.o(.text)
    HASH_RNG_IRQHandler                      0x08000267   Thumb Code     0  startup_stm32f407xx.o(.text)
    I2C1_ER_IRQHandler                       0x08000267   Thumb Code     0  startup_stm32f407xx.o(.text)
    I2C1_EV_IRQHandler                       0x08000267   Thumb Code     0  startup_stm32f407xx.o(.text)
    I2C2_ER_IRQHandler                       0x08000267   Thumb Code     0  startup_stm32f407xx.o(.text)
    I2C2_EV_IRQHandler                       0x08000267   Thumb Code     0  startup_stm32f407xx.o(.text)
    I2C3_ER_IRQHandler                       0x08000267   Thumb Code     0  startup_stm32f407xx.o(.text)
    I2C3_EV_IRQHandler                       0x08000267   Thumb Code     0  startup_stm32f407xx.o(.text)
    OTG_FS_IRQHandler                        0x08000267   Thumb Code     0  startup_stm32f407xx.o(.text)
    OTG_FS_WKUP_IRQHandler                   0x08000267   Thumb Code     0  startup_stm32f407xx.o(.text)
    OTG_HS_EP1_IN_IRQHandler                 0x08000267   Thumb Code     0  startup_stm32f407xx.o(.text)
    OTG_HS_EP1_OUT_IRQHandler                0x08000267   Thumb Code     0  startup_stm32f407xx.o(.text)
    OTG_HS_IRQHandler                        0x08000267   Thumb Code     0  startup_stm32f407xx.o(.text)
    OTG_HS_WKUP_IRQHandler                   0x08000267   Thumb Code     0  startup_stm32f407xx.o(.text)
    PVD_IRQHandler                           0x08000267   Thumb Code     0  startup_stm32f407xx.o(.text)
    RCC_IRQHandler                           0x08000267   Thumb Code     0  startup_stm32f407xx.o(.text)
    RTC_Alarm_IRQHandler                     0x08000267   Thumb Code     0  startup_stm32f407xx.o(.text)
    RTC_WKUP_IRQHandler                      0x08000267   Thumb Code     0  startup_stm32f407xx.o(.text)
    SDIO_IRQHandler                          0x08000267   Thumb Code     0  startup_stm32f407xx.o(.text)
    SPI1_IRQHandler                          0x08000267   Thumb Code     0  startup_stm32f407xx.o(.text)
    SPI2_IRQHandler                          0x08000267   Thumb Code     0  startup_stm32f407xx.o(.text)
    SPI3_IRQHandler                          0x08000267   Thumb Code     0  startup_stm32f407xx.o(.text)
    TAMP_STAMP_IRQHandler                    0x08000267   Thumb Code     0  startup_stm32f407xx.o(.text)
    TIM1_BRK_TIM9_IRQHandler                 0x08000267   Thumb Code     0  startup_stm32f407xx.o(.text)
    TIM1_CC_IRQHandler                       0x08000267   Thumb Code     0  startup_stm32f407xx.o(.text)
    TIM4_IRQHandler                          0x08000267   Thumb Code     0  startup_stm32f407xx.o(.text)
    TIM8_BRK_TIM12_IRQHandler                0x08000267   Thumb Code     0  startup_stm32f407xx.o(.text)
    TIM8_CC_IRQHandler                       0x08000267   Thumb Code     0  startup_stm32f407xx.o(.text)
    TIM8_TRG_COM_TIM14_IRQHandler            0x08000267   Thumb Code     0  startup_stm32f407xx.o(.text)
    UART4_IRQHandler                         0x08000267   Thumb Code     0  startup_stm32f407xx.o(.text)
    UART5_IRQHandler                         0x08000267   Thumb Code     0  startup_stm32f407xx.o(.text)
    USART2_IRQHandler                        0x08000267   Thumb Code     0  startup_stm32f407xx.o(.text)
    USART3_IRQHandler                        0x08000267   Thumb Code     0  startup_stm32f407xx.o(.text)
    USART6_IRQHandler                        0x08000267   Thumb Code     0  startup_stm32f407xx.o(.text)
    WWDG_IRQHandler                          0x08000267   Thumb Code     0  startup_stm32f407xx.o(.text)
    __user_initial_stackheap                 0x08000269   Thumb Code     0  startup_stm32f407xx.o(.text)
    __use_no_semihosting                     0x0800028d   Thumb Code     2  use_no_semi_2.o(.text)
    __aeabi_uldivmod                         0x0800028f   Thumb Code     0  lludivv7m.o(.text)
    _ll_udiv                                 0x0800028f   Thumb Code   238  lludivv7m.o(.text)
    __2printf                                0x0800037d   Thumb Code    20  noretval__2printf.o(.text)
    __printf                                 0x08000395   Thumb Code   104  __printf.o(.text)
    _printf_str                              0x080003fd   Thumb Code    82  _printf_str.o(.text)
    _printf_int_dec                          0x08000451   Thumb Code   104  _printf_dec.o(.text)
    __use_two_region_memory                  0x080004c9   Thumb Code     2  heapauxi.o(.text)
    __rt_heap_escrow$2region                 0x080004cb   Thumb Code     2  heapauxi.o(.text)
    __rt_heap_expand$2region                 0x080004cd   Thumb Code     2  heapauxi.o(.text)
    __I$use$semihosting                      0x080004cf   Thumb Code     0  use_no_semi.o(.text)
    __use_no_semihosting_swi                 0x080004cf   Thumb Code     2  use_no_semi.o(.text)
    __read_errno                             0x080004d1   Thumb Code    10  _rserrno.o(.text)
    __set_errno                              0x080004db   Thumb Code    12  _rserrno.o(.text)
    _printf_int_common                       0x080004e7   Thumb Code   178  _printf_intcommon.o(.text)
    __lib_sel_fp_printf                      0x08000599   Thumb Code     2  _printf_fp_dec.o(.text)
    _printf_fp_dec_real                      0x08000747   Thumb Code   620  _printf_fp_dec.o(.text)
    _printf_cs_common                        0x080009b3   Thumb Code    20  _printf_char.o(.text)
    _printf_char                             0x080009c7   Thumb Code    16  _printf_char.o(.text)
    _printf_string                           0x080009d7   Thumb Code     8  _printf_char.o(.text)
    _printf_char_file                        0x080009e1   Thumb Code    32  _printf_char_file.o(.text)
    __rt_locale                              0x08000a05   Thumb Code     8  rt_locale_intlibspace.o(.text)
    __aeabi_errno_addr                       0x08000a0d   Thumb Code     8  rt_errno_addr_intlibspace.o(.text)
    __errno$intlibspace                      0x08000a0d   Thumb Code     0  rt_errno_addr_intlibspace.o(.text)
    __rt_errno_addr$intlibspace              0x08000a0d   Thumb Code     0  rt_errno_addr_intlibspace.o(.text)
    _ll_udiv10                               0x08000a15   Thumb Code   138  lludiv10.o(.text)
    _printf_char_common                      0x08000aab   Thumb Code    32  _printf_char_common.o(.text)
    _printf_fp_infnan                        0x08000ad1   Thumb Code   112  _printf_fp_infnan.o(.text)
    _btod_etento                             0x08000b51   Thumb Code   216  bigflt0.o(.text)
    ferror                                   0x08000c2d   Thumb Code     8  ferror.o(.text)
    __user_libspace                          0x08000c35   Thumb Code     8  libspace.o(.text)
    __user_perproc_libspace                  0x08000c35   Thumb Code     0  libspace.o(.text)
    __user_perthread_libspace                0x08000c35   Thumb Code     0  libspace.o(.text)
    __user_setup_stackheap                   0x08000c3d   Thumb Code    74  sys_stackheap_outer.o(.text)
    exit                                     0x08000c87   Thumb Code    18  exit.o(.text)
    strcmp                                   0x08000c99   Thumb Code   128  strcmpv7m.o(.text)
    _btod_d2e                                0x08000d19   Thumb Code    62  btod.o(CL$$btod_d2e)
    _d2e_denorm_low                          0x08000d57   Thumb Code    70  btod.o(CL$$btod_d2e_denorm_low)
    _d2e_norm_op1                            0x08000d9d   Thumb Code    96  btod.o(CL$$btod_d2e_norm_op1)
    __btod_div_common                        0x08000dfd   Thumb Code   696  btod.o(CL$$btod_div_common)
    _e2e                                     0x08001135   Thumb Code   198  btod.o(CL$$btod_e2e)
    _btod_ediv                               0x080011fb   Thumb Code    40  btod.o(CL$$btod_ediv)
    _btod_emul                               0x08001223   Thumb Code    40  btod.o(CL$$btod_emul)
    __btod_mult_common                       0x0800124b   Thumb Code   580  btod.o(CL$$btod_mult_common)
    BusFault_Handler                         0x0800148f   Thumb Code     4  stm32f4xx_it.o(i.BusFault_Handler)
    CalaculateSModel_Accel                   0x08001495   Thumb Code   228  s_algorithm.o(i.CalaculateSModel_Accel)
    DebugMon_Handler                         0x08001585   Thumb Code     2  stm32f4xx_it.o(i.DebugMon_Handler)
    Flash_Write                              0x08001589   Thumb Code    36  hmi.o(i.Flash_Write)
    HAL_DMA_Abort_IT                         0x080015b9   Thumb Code    40  stm32f4xx_hal_dma.o(i.HAL_DMA_Abort_IT)
    HAL_GPIO_Init                            0x080015e1   Thumb Code   466  stm32f4xx_hal_gpio.o(i.HAL_GPIO_Init)
    HAL_GPIO_ReadPin                         0x080017e1   Thumb Code    16  stm32f4xx_hal_gpio.o(i.HAL_GPIO_ReadPin)
    HAL_GPIO_WritePin                        0x080017f1   Thumb Code    12  stm32f4xx_hal_gpio.o(i.HAL_GPIO_WritePin)
    HAL_GetTick                              0x080017fd   Thumb Code     6  stm32f4xx_hal.o(i.HAL_GetTick)
    HAL_IncTick                              0x08001809   Thumb Code    16  stm32f4xx_hal.o(i.HAL_IncTick)
    HAL_Init                                 0x08001821   Thumb Code    54  stm32f4xx_hal.o(i.HAL_Init)
    HAL_InitTick                             0x0800185d   Thumb Code    64  stm32f4xx_hal.o(i.HAL_InitTick)
    HAL_MspInit                              0x080018a9   Thumb Code     2  stm32f4xx_hal_msp.o(i.HAL_MspInit)
    HAL_NVIC_EnableIRQ                       0x080018ab   Thumb Code    26  stm32f4xx_hal_cortex.o(i.HAL_NVIC_EnableIRQ)
    HAL_NVIC_SetPriority                     0x080018c5   Thumb Code   124  stm32f4xx_hal_cortex.o(i.HAL_NVIC_SetPriority)
    HAL_NVIC_SetPriorityGrouping             0x08001941   Thumb Code    32  stm32f4xx_hal_cortex.o(i.HAL_NVIC_SetPriorityGrouping)
    HAL_RCC_ClockConfig                      0x08001969   Thumb Code   366  stm32f4xx_hal_rcc.o(i.HAL_RCC_ClockConfig)
    HAL_RCC_GetHCLKFreq                      0x08001ae9   Thumb Code     6  stm32f4xx_hal_rcc.o(i.HAL_RCC_GetHCLKFreq)
    HAL_RCC_GetPCLK1Freq                     0x08001af5   Thumb Code    22  stm32f4xx_hal_rcc.o(i.HAL_RCC_GetPCLK1Freq)
    HAL_RCC_GetPCLK2Freq                     0x08001b15   Thumb Code    22  stm32f4xx_hal_rcc.o(i.HAL_RCC_GetPCLK2Freq)
    HAL_RCC_GetSysClockFreq                  0x08001b35   Thumb Code   162  stm32f4xx_hal_rcc.o(i.HAL_RCC_GetSysClockFreq)
    HAL_RCC_OscConfig                        0x08001be5   Thumb Code  1086  stm32f4xx_hal_rcc.o(i.HAL_RCC_OscConfig)
    HAL_SPI_Init                             0x0800202d   Thumb Code   160  stm32f4xx_hal_spi.o(i.HAL_SPI_Init)
    HAL_SPI_MspInit                          0x080020cd   Thumb Code   106  spi.o(i.HAL_SPI_MspInit)
    HAL_SPI_TransmitReceive                  0x08002141   Thumb Code   716  stm32f4xx_hal_spi.o(i.HAL_SPI_TransmitReceive)
    HAL_SYSTICK_CLKSourceConfig              0x0800240d   Thumb Code    40  stm32f4xx_hal_cortex.o(i.HAL_SYSTICK_CLKSourceConfig)
    HAL_SYSTICK_Config                       0x08002435   Thumb Code    52  stm32f4xx_hal_cortex.o(i.HAL_SYSTICK_Config)
    HAL_TIMEx_BreakCallback                  0x08002469   Thumb Code     2  stm32f4xx_hal_tim_ex.o(i.HAL_TIMEx_BreakCallback)
    HAL_TIMEx_CommutationCallback            0x0800246b   Thumb Code     2  stm32f4xx_hal_tim_ex.o(i.HAL_TIMEx_CommutationCallback)
    HAL_TIMEx_MasterConfigSynchronization    0x0800246d   Thumb Code    98  stm32f4xx_hal_tim_ex.o(i.HAL_TIMEx_MasterConfigSynchronization)
    HAL_TIM_Base_Init                        0x080024cf   Thumb Code    52  stm32f4xx_hal_tim.o(i.HAL_TIM_Base_Init)
    HAL_TIM_Base_MspInit                     0x08002505   Thumb Code   294  timer.o(i.HAL_TIM_Base_MspInit)
    HAL_TIM_Base_Start_IT                    0x08002645   Thumb Code    30  stm32f4xx_hal_tim.o(i.HAL_TIM_Base_Start_IT)
    HAL_TIM_Base_Stop_IT                     0x08002663   Thumb Code    56  stm32f4xx_hal_tim.o(i.HAL_TIM_Base_Stop_IT)
    HAL_TIM_ConfigClockSource                0x0800269b   Thumb Code   306  stm32f4xx_hal_tim.o(i.HAL_TIM_ConfigClockSource)
    HAL_TIM_IC_CaptureCallback               0x080027cd   Thumb Code     2  stm32f4xx_hal_tim.o(i.HAL_TIM_IC_CaptureCallback)
    HAL_TIM_IRQHandler                       0x080027cf   Thumb Code   406  stm32f4xx_hal_tim.o(i.HAL_TIM_IRQHandler)
    HAL_TIM_MspPostInit                      0x08002965   Thumb Code   372  stm32f4xx_hal_msp.o(i.HAL_TIM_MspPostInit)
    HAL_TIM_OC_DelayElapsedCallback          0x08002b51   Thumb Code     2  stm32f4xx_hal_tim.o(i.HAL_TIM_OC_DelayElapsedCallback)
    HAL_TIM_PWM_ConfigChannel                0x08002b53   Thumb Code   264  stm32f4xx_hal_tim.o(i.HAL_TIM_PWM_ConfigChannel)
    HAL_TIM_PWM_Init                         0x08002c5b   Thumb Code    52  stm32f4xx_hal_tim.o(i.HAL_TIM_PWM_Init)
    HAL_TIM_PWM_MspInit                      0x08002c8f   Thumb Code     2  stm32f4xx_hal_tim.o(i.HAL_TIM_PWM_MspInit)
    HAL_TIM_PWM_PulseFinishedCallback        0x08002c91   Thumb Code     2  stm32f4xx_hal_tim.o(i.HAL_TIM_PWM_PulseFinishedCallback)
    HAL_TIM_PWM_Start                        0x08002c95   Thumb Code    68  stm32f4xx_hal_tim.o(i.HAL_TIM_PWM_Start)
    HAL_TIM_PWM_Stop                         0x08002ce1   Thumb Code   126  stm32f4xx_hal_tim.o(i.HAL_TIM_PWM_Stop)
    HAL_TIM_PeriodElapsedCallback            0x08002d69   Thumb Code   642  it.o(i.HAL_TIM_PeriodElapsedCallback)
    HAL_TIM_TriggerCallback                  0x0800304d   Thumb Code     2  stm32f4xx_hal_tim.o(i.HAL_TIM_TriggerCallback)
    HAL_UART_ErrorCallback                   0x0800304f   Thumb Code     2  stm32f4xx_hal_uart.o(i.HAL_UART_ErrorCallback)
    HAL_UART_GetState                        0x08003051   Thumb Code    20  stm32f4xx_hal_uart.o(i.HAL_UART_GetState)
    HAL_UART_IRQHandler                      0x08003065   Thumb Code   326  stm32f4xx_hal_uart.o(i.HAL_UART_IRQHandler)
    HAL_UART_Init                            0x080031b1   Thumb Code   114  stm32f4xx_hal_uart.o(i.HAL_UART_Init)
    HAL_UART_MspInit                         0x08003225   Thumb Code   144  usart.o(i.HAL_UART_MspInit)
    HAL_UART_Receive_IT                      0x080032c1   Thumb Code   100  stm32f4xx_hal_uart.o(i.HAL_UART_Receive_IT)
    HAL_UART_RxCpltCallback                  0x08003325   Thumb Code   156  usart.o(i.HAL_UART_RxCpltCallback)
    HAL_UART_Transmit                        0x080033d5   Thumb Code   214  stm32f4xx_hal_uart.o(i.HAL_UART_Transmit)
    HAL_UART_TxCpltCallback                  0x080034ab   Thumb Code     2  stm32f4xx_hal_uart.o(i.HAL_UART_TxCpltCallback)
    HardFault_Handler                        0x080034ad   Thumb Code     4  stm32f4xx_it.o(i.HardFault_Handler)
    Hmi_Commun                               0x080034b1   Thumb Code   816  hmi.o(i.Hmi_Commun)
    KEY_Init                                 0x08003831   Thumb Code   118  key.o(i.KEY_Init)
    KEY_Scan                                 0x080038b5   Thumb Code   150  key.o(i.KEY_Scan)
    LED_Init                                 0x08003959   Thumb Code    84  led.o(i.LED_Init)
    Mechaical_Arm_Init                       0x080039b5   Thumb Code    82  scara_control.o(i.Mechaical_Arm_Init)
    MemManage_Handler                        0x08003a2d   Thumb Code     4  stm32f4xx_it.o(i.MemManage_Handler)
    Motor_Dir_GPIO_Init                      0x08003a31   Thumb Code    64  motor.o(i.Motor_Dir_GPIO_Init)
    Motor_Max_Speed                          0x08003a79   Thumb Code    58  scara_alg.o(i.Motor_Max_Speed)
    NMI_Handler                              0x08003ac9   Thumb Code     2  stm32f4xx_it.o(i.NMI_Handler)
    PendSV_Handler                           0x08003b05   Thumb Code     2  stm32f4xx_it.o(i.PendSV_Handler)
    SPI1_Init                                0x08003b09   Thumb Code    78  spi.o(i.SPI1_Init)
    SPI1_ReadWriteByte                       0x08003b61   Thumb Code    28  spi.o(i.SPI1_ReadWriteByte)
    SPI1_SetSpeed                            0x08003b81   Thumb Code    66  spi.o(i.SPI1_SetSpeed)
    SVC_Handler                              0x08003c9b   Thumb Code     2  stm32f4xx_it.o(i.SVC_Handler)
    Stm32_Clock_Init                         0x08003c9d   Thumb Code   166  sys.o(i.Stm32_Clock_Init)
    SysTick_Handler                          0x08003d4d   Thumb Code     8  stm32f4xx_it.o(i.SysTick_Handler)
    SystemInit                               0x08003d55   Thumb Code    82  system_stm32f4xx.o(i.SystemInit)
    TIM1_TRG_COM_TIM11_IRQHandler            0x08003db9   Thumb Code    10  pwm.o(i.TIM1_TRG_COM_TIM11_IRQHandler)
    TIM1_UP_TIM10_IRQHandler                 0x08003dc9   Thumb Code    10  pwm.o(i.TIM1_UP_TIM10_IRQHandler)
    TIM2_IRQHandler                          0x08003dd9   Thumb Code    10  encoder.o(i.TIM2_IRQHandler)
    TIM3_IRQHandler                          0x08003de9   Thumb Code    10  encoder.o(i.TIM3_IRQHandler)
    TIM5_IRQHandler                          0x08003df9   Thumb Code    10  encoder.o(i.TIM5_IRQHandler)
    TIM6_DAC_IRQHandler                      0x08003e09   Thumb Code    10  timer.o(i.TIM6_DAC_IRQHandler)
    TIM7_IRQHandler                          0x08003e19   Thumb Code    10  timer.o(i.TIM7_IRQHandler)
    TIM8_UP_TIM13_IRQHandler                 0x08003e29   Thumb Code    10  pwm.o(i.TIM8_UP_TIM13_IRQHandler)
    TIM_Base_SetConfig                       0x08003e39   Thumb Code   184  stm32f4xx_hal_tim.o(i.TIM_Base_SetConfig)
    TIM_CCxChannelCmd                        0x08003f1d   Thumb Code    28  stm32f4xx_hal_tim.o(i.TIM_CCxChannelCmd)
    TIM_OC2_SetConfig                        0x08003fd5   Thumb Code   112  stm32f4xx_hal_tim.o(i.TIM_OC2_SetConfig)
    USART1_IRQHandler                        0x080046a5   Thumb Code    56  usart.o(i.USART1_IRQHandler)
    UsageFault_Handler                       0x080046e5   Thumb Code     4  stm32f4xx_it.o(i.UsageFault_Handler)
    W25QXX_Erase_Sector                      0x080046e9   Thumb Code    78  w25qxx.o(i.W25QXX_Erase_Sector)
    W25QXX_Init                              0x08004741   Thumb Code   134  w25qxx.o(i.W25QXX_Init)
    W25QXX_Read                              0x080047dd   Thumb Code    94  w25qxx.o(i.W25QXX_Read)
    W25QXX_ReadID                            0x08004845   Thumb Code    64  w25qxx.o(i.W25QXX_ReadID)
    W25QXX_ReadSR                            0x0800488d   Thumb Code    72  w25qxx.o(i.W25QXX_ReadSR)
    W25QXX_Wait_Busy                         0x080048dd   Thumb Code    20  w25qxx.o(i.W25QXX_Wait_Busy)
    W25QXX_Write                             0x080048f1   Thumb Code   180  w25qxx.o(i.W25QXX_Write)
    W25QXX_Write_Enable                      0x080049a9   Thumb Code    24  w25qxx.o(i.W25QXX_Write_Enable)
    W25QXX_Write_NoCheck                     0x080049c9   Thumb Code    70  w25qxx.o(i.W25QXX_Write_NoCheck)
    W25QXX_Write_Page                        0x08004a11   Thumb Code    98  w25qxx.o(i.W25QXX_Write_Page)
    X_PWM_Init                               0x08004a7d   Thumb Code   154  pwm.o(i.X_PWM_Init)
    X_Set_AutoReload                         0x08004b39   Thumb Code    30  motor.o(i.X_Set_AutoReload)
    X_Set_Speed                              0x08004b5d   Thumb Code    78  motor.o(i.X_Set_Speed)
    X_Start                                  0x08004bc1   Thumb Code    34  motor.o(i.X_Start)
    X_Stop                                   0x08004be9   Thumb Code    18  motor.o(i.X_Stop)
    Y_PWM_Init                               0x08004c01   Thumb Code   154  pwm.o(i.Y_PWM_Init)
    Y_Set_AutoReload                         0x08004cbd   Thumb Code    30  motor.o(i.Y_Set_AutoReload)
    Y_Set_Speed                              0x08004ce1   Thumb Code   122  motor.o(i.Y_Set_Speed)
    Y_Start                                  0x08004da1   Thumb Code    34  motor.o(i.Y_Start)
    Y_Stop                                   0x08004dc9   Thumb Code    18  motor.o(i.Y_Stop)
    Z_PWM_Init                               0x08004de1   Thumb Code   154  pwm.o(i.Z_PWM_Init)
    Z_Set_AutoReload                         0x08004e9d   Thumb Code    30  motor.o(i.Z_Set_AutoReload)
    Z_Set_Speed                              0x08004ec1   Thumb Code   122  motor.o(i.Z_Set_Speed)
    Z_Start                                  0x08004f79   Thumb Code    34  motor.o(i.Z_Start)
    Z_Stop                                   0x08004fa1   Thumb Code    18  motor.o(i.Z_Stop)
    _Error_Handler                           0x08004fb9   Thumb Code     4  main.o(i._Error_Handler)
    __ARM_fpclassify                         0x08004fbd   Thumb Code    48  fpclassify.o(i.__ARM_fpclassify)
    __hardfp_exp                             0x08004ff1   Thumb Code   714  exp.o(i.__hardfp_exp)
    __kernel_poly                            0x08005349   Thumb Code   248  poly.o(i.__kernel_poly)
    __mathlib_dbl_infnan                     0x08005441   Thumb Code    20  dunder.o(i.__mathlib_dbl_infnan)
    __mathlib_dbl_overflow                   0x08005459   Thumb Code    24  dunder.o(i.__mathlib_dbl_overflow)
    __mathlib_dbl_underflow                  0x08005479   Thumb Code    24  dunder.o(i.__mathlib_dbl_underflow)
    _sys_exit                                0x08005499   Thumb Code     4  usart.o(i._sys_exit)
    delay_init                               0x0800549d   Thumb Code    16  delay.o(i.delay_init)
    delay_ms                                 0x080054b1   Thumb Code    24  delay.o(i.delay_ms)
    delay_us                                 0x080054c9   Thumb Code    68  delay.o(i.delay_us)
    fputc                                    0x08005511   Thumb Code    22  usart.o(i.fputc)
    main                                     0x0800552d   Thumb Code   270  main.o(i.main)
    tran_3_0xff                              0x080056bd   Thumb Code    22  hmi.o(i.tran_3_0xff)
    tran_str                                 0x080056dd   Thumb Code    20  hmi.o(i.tran_str)
    uart_init                                0x080056f5   Thumb Code    44  usart.o(i.uart_init)
    _get_lc_numeric                          0x0800572d   Thumb Code    44  lc_numeric_c.o(locale$$code)
    __aeabi_d2f                              0x08005759   Thumb Code     0  d2f.o(x$fpl$d2f)
    _d2f                                     0x08005759   Thumb Code    98  d2f.o(x$fpl$d2f)
    __aeabi_dadd                             0x080057bd   Thumb Code     0  daddsub_clz.o(x$fpl$dadd)
    _dadd                                    0x080057bd   Thumb Code   332  daddsub_clz.o(x$fpl$dadd)
    __fpl_dcmp_Inf                           0x0800590d   Thumb Code    24  dcmpi.o(x$fpl$dcmpinf)
    __aeabi_ddiv                             0x08005925   Thumb Code     0  ddiv.o(x$fpl$ddiv)
    _ddiv                                    0x08005925   Thumb Code   552  ddiv.o(x$fpl$ddiv)
    __aeabi_d2iz                             0x08005bd5   Thumb Code     0  dfix.o(x$fpl$dfix)
    _dfix                                    0x08005bd5   Thumb Code    94  dfix.o(x$fpl$dfix)
    __aeabi_i2d                              0x08005c33   Thumb Code     0  dflt_clz.o(x$fpl$dflt)
    _dflt                                    0x08005c33   Thumb Code    46  dflt_clz.o(x$fpl$dflt)
    __aeabi_cdcmple                          0x08005c61   Thumb Code     0  dleqf.o(x$fpl$dleqf)
    _dcmple                                  0x08005c61   Thumb Code   120  dleqf.o(x$fpl$dleqf)
    __fpl_dcmple_InfNaN                      0x08005cc3   Thumb Code     0  dleqf.o(x$fpl$dleqf)
    __aeabi_dmul                             0x08005cd9   Thumb Code     0  dmul.o(x$fpl$dmul)
    _dmul                                    0x08005cd9   Thumb Code   332  dmul.o(x$fpl$dmul)
    __fpl_dnaninf                            0x08005e2d   Thumb Code   156  dnaninf.o(x$fpl$dnaninf)
    __fpl_dretinf                            0x08005ec9   Thumb Code    12  dretinf.o(x$fpl$dretinf)
    __aeabi_cdrcmple                         0x08005ed5   Thumb Code     0  drleqf.o(x$fpl$drleqf)
    _drcmple                                 0x08005ed5   Thumb Code   108  drleqf.o(x$fpl$drleqf)
    __aeabi_drsub                            0x08005f41   Thumb Code     0  daddsub_clz.o(x$fpl$drsb)
    _drsb                                    0x08005f41   Thumb Code    22  daddsub_clz.o(x$fpl$drsb)
    __aeabi_dsub                             0x08005f59   Thumb Code     0  daddsub_clz.o(x$fpl$dsub)
    _dsub                                    0x08005f59   Thumb Code   464  daddsub_clz.o(x$fpl$dsub)
    __aeabi_f2d                              0x0800612d   Thumb Code     0  f2d.o(x$fpl$f2d)
    _f2d                                     0x0800612d   Thumb Code    86  f2d.o(x$fpl$f2d)
    __fpl_fnaninf                            0x08006183   Thumb Code   140  fnaninf.o(x$fpl$fnaninf)
    _fp_init                                 0x0800620f   Thumb Code    10  fpinit.o(x$fpl$fpinit)
    __fplib_config_fpu_vfp                   0x08006217   Thumb Code     0  fpinit.o(x$fpl$fpinit)
    __fplib_config_pureend_doubles           0x08006217   Thumb Code     0  fpinit.o(x$fpl$fpinit)
    __fpl_fretinf                            0x08006219   Thumb Code    10  fretinf.o(x$fpl$fretinf)
    _printf_fp_dec                           0x08006223   Thumb Code     4  printf1.o(x$fpl$printf1)
    Text_Buffer                              0x08006226   Data           6  main.o(.constdata)
    __I$use$fp                               0x08006226   Number         0  usenofp.o(x$fpl$usenofp)
    AHBPrescTable                            0x0800622c   Data          16  system_stm32f4xx.o(.constdata)
    APBPrescTable                            0x0800623c   Data           8  system_stm32f4xx.o(.constdata)
    Region$$Table$$Base                      0x08006334   Number         0  anon$$obj.o(Region$$Table)
    Region$$Table$$Limit                     0x08006354   Number         0  anon$$obj.o(Region$$Table)
    SystemCoreClock                          0x20000000   Data           4  system_stm32f4xx.o(.data)
    __stdout                                 0x20000008   Data           4  usart.o(.data)
    USART_RX_STA                             0x2000000c   Data           2  usart.o(.data)
    Handle_Flag                              0x2000000e   Data           1  usart.o(.data)
    aRxBuffer                                0x2000000f   Data           1  usart.o(.data)
    uwTick                                   0x20000010   Data           4  stm32f4xx_hal.o(.data)
    uwTickPrio                               0x20000014   Data           4  stm32f4xx_hal.o(.data)
    uwTickFreq                               0x20000018   Data           1  stm32f4xx_hal.o(.data)
    W25QXX_TYPE                              0x2000001a   Data           2  w25qxx.o(.data)
    X_IT_Num                                 0x2000001c   Data           2  motor.o(.data)
    Y_IT_Num                                 0x2000001e   Data           2  motor.o(.data)
    Z_IT_Num                                 0x20000020   Data           2  motor.o(.data)
    X_Dir                                    0x20000024   Data           1  hmi.o(.data)
    Y_Dir                                    0x20000025   Data           1  hmi.o(.data)
    Z_Dir                                    0x20000026   Data           1  hmi.o(.data)
    Teach_Odom                               0x20000028   Data           6  hmi.o(.data)
    XY_Angle                                 0x20000038   Data           8  scara_alg.o(.data)
    YZ_Angle                                 0x20000040   Data           8  scara_alg.o(.data)
    Z_Coor_High                              0x20000048   Data           8  scara_alg.o(.data)
    X_Coordinate                             0x20000050   Data           8  scara_alg.o(.data)
    Y_Coordinate                             0x20000058   Data           8  scara_alg.o(.data)
    Z_Coordinate                             0x20000060   Data           8  scara_alg.o(.data)
    XY_Min_AutoReload                        0x20000068   Data           2  scara_alg.o(.data)
    Z_Min_AutoReload                         0x2000006a   Data           2  scara_alg.o(.data)
    XY_Max_AutoReload                        0x2000006c   Data           2  scara_alg.o(.data)
    Z_Max_AutoReload                         0x2000006e   Data           2  scara_alg.o(.data)
    X_run_point                              0x20000070   Data           1  scara_control.o(.data)
    Y_run_point                              0x20000071   Data           1  scara_control.o(.data)
    Z_run_point                              0x20000072   Data           1  scara_control.o(.data)
    max_run_point                            0x20000073   Data           1  scara_control.o(.data)
    main_flag                                0x20000074   Data           1  scara_control.o(.data)
    Point_Num                                0x20000075   Data           1  scara_control.o(.data)
    Z_Num                                    0x2000007a   Data           2  it.o(.data)
    Y_Num                                    0x2000007c   Data           2  it.o(.data)
    X_Num                                    0x2000007e   Data           2  it.o(.data)
    X_Decel_Num                              0x20000080   Data           2  it.o(.data)
    Y_Decel_Num                              0x20000082   Data           2  it.o(.data)
    Z_Decel_Num                              0x20000084   Data           2  it.o(.data)
    X_IT_point                               0x20000086   Data           1  it.o(.data)
    Y_IT_point                               0x20000087   Data           1  it.o(.data)
    Z_IT_point                               0x20000088   Data           1  it.o(.data)
    Teach_Status_flag                        0x20000089   Data           1  it.o(.data)
    Run_status_flag                          0x2000008a   Data           1  it.o(.data)
    USART_RX_BUF                             0x2000008c   Data         200  usart.o(.bss)
    UART1_Handler                            0x20000154   Data          64  usart.o(.bss)
    TIM6_Handler                             0x20000194   Data          60  timer.o(.bss)
    TIM7_Handler                             0x200001d0   Data          60  timer.o(.bss)
    SPI1_Handler                             0x2000020c   Data          88  spi.o(.bss)
    W25QXX_BUFFER                            0x20000264   Data        4096  w25qxx.o(.bss)
    TIM2_Handler                             0x20001264   Data          60  encoder.o(.bss)
    TIM3_Handler                             0x200012a0   Data          60  encoder.o(.bss)
    TIM5_Handler                             0x200012dc   Data          60  encoder.o(.bss)
    X_Encoder                                0x20001318   Data          36  encoder.o(.bss)
    Y_Encoder                                0x2000133c   Data          36  encoder.o(.bss)
    Z_Encoder                                0x20001360   Data          36  encoder.o(.bss)
    htim10                                   0x20001384   Data          60  pwm.o(.bss)
    htim11                                   0x200013c0   Data          60  pwm.o(.bss)
    htim13                                   0x200013fc   Data          60  pwm.o(.bss)
    htim4                                    0x20001438   Data          60  pwm.o(.bss)
    downl_x                                  0x20001474   Data         200  hmi.o(.bss)
    downl_y                                  0x2000153c   Data         200  hmi.o(.bss)
    downl_z                                  0x20001604   Data         200  hmi.o(.bss)
    X_odom                                   0x200016cc   Data         200  hmi.o(.bss)
    Y_odom                                   0x20001794   Data         200  hmi.o(.bss)
    Z_odom                                   0x2000185c   Data         200  hmi.o(.bss)
    Z_Accel_Freq                             0x20001924   Data        4000  scara_control.o(.bss)
    XY_Accel_Freq                            0x200028c4   Data         400  scara_control.o(.bss)
    Z_Accel_Period                           0x20002a54   Data        2000  scara_control.o(.bss)
    XY_Accel_Period                          0x20003224   Data         200  scara_control.o(.bss)
    Dist                                     0x200032ec   Data        1200  scara_control.o(.bss)
    __libspace_start                         0x2000379c   Data          96  libspace.o(.bss)
    __temporary_stack_top$libspace           0x200037fc   Data           0  libspace.o(.bss)



==============================================================================

Memory Map of the image

  Image Entry point : 0x08000189

  Load Region LR_IROM1 (Base: 0x08000000, Size: 0x000063fc, Max: 0x00100000, ABSOLUTE)

    Execution Region ER_IROM1 (Base: 0x08000000, Size: 0x00006370, Max: 0x00100000, ABSOLUTE)

    Base Addr    Size         Type   Attr      Idx    E Section Name        Object

    0x08000000   0x00000188   Data   RO          350    RESET               startup_stm32f407xx.o
    0x08000188   0x00000008   Code   RO         4002  * !!!main             c_w.l(__main.o)
    0x08000190   0x00000034   Code   RO         4396    !!!scatter          c_w.l(__scatter.o)
    0x080001c4   0x0000001a   Code   RO         4398    !!handler_copy      c_w.l(__scatter_copy.o)
    0x080001de   0x00000002   PAD
    0x080001e0   0x0000001c   Code   RO         4400    !!handler_zi        c_w.l(__scatter_zi.o)
    0x080001fc   0x00000000   Code   RO         3999    .ARM.Collect$$_printf_percent$$00000000  c_w.l(_printf_percent.o)
    0x080001fc   0x00000006   Code   RO         3998    .ARM.Collect$$_printf_percent$$00000003  c_w.l(_printf_f.o)
    0x08000202   0x00000006   Code   RO         3997    .ARM.Collect$$_printf_percent$$00000009  c_w.l(_printf_d.o)
    0x08000208   0x00000006   Code   RO         3996    .ARM.Collect$$_printf_percent$$00000014  c_w.l(_printf_s.o)
    0x0800020e   0x00000004   Code   RO         4117    .ARM.Collect$$_printf_percent$$00000017  c_w.l(_printf_percent_end.o)
    0x08000212   0x00000002   Code   RO         4273    .ARM.Collect$$libinit$$00000000  c_w.l(libinit.o)
    0x08000214   0x00000004   Code   RO         4274    .ARM.Collect$$libinit$$00000001  c_w.l(libinit2.o)
    0x08000218   0x00000000   Code   RO         4277    .ARM.Collect$$libinit$$00000004  c_w.l(libinit2.o)
    0x08000218   0x00000000   Code   RO         4280    .ARM.Collect$$libinit$$0000000A  c_w.l(libinit2.o)
    0x08000218   0x00000000   Code   RO         4282    .ARM.Collect$$libinit$$0000000C  c_w.l(libinit2.o)
    0x08000218   0x00000000   Code   RO         4284    .ARM.Collect$$libinit$$0000000E  c_w.l(libinit2.o)
    0x08000218   0x00000006   Code   RO         4285    .ARM.Collect$$libinit$$0000000F  c_w.l(libinit2.o)
    0x0800021e   0x00000000   Code   RO         4287    .ARM.Collect$$libinit$$00000011  c_w.l(libinit2.o)
    0x0800021e   0x00000000   Code   RO         4289    .ARM.Collect$$libinit$$00000013  c_w.l(libinit2.o)
    0x0800021e   0x00000000   Code   RO         4291    .ARM.Collect$$libinit$$00000015  c_w.l(libinit2.o)
    0x0800021e   0x0000000a   Code   RO         4292    .ARM.Collect$$libinit$$00000016  c_w.l(libinit2.o)
    0x08000228   0x00000000   Code   RO         4293    .ARM.Collect$$libinit$$00000017  c_w.l(libinit2.o)
    0x08000228   0x00000000   Code   RO         4295    .ARM.Collect$$libinit$$00000019  c_w.l(libinit2.o)
    0x08000228   0x00000000   Code   RO         4297    .ARM.Collect$$libinit$$0000001B  c_w.l(libinit2.o)
    0x08000228   0x00000000   Code   RO         4299    .ARM.Collect$$libinit$$0000001D  c_w.l(libinit2.o)
    0x08000228   0x00000000   Code   RO         4301    .ARM.Collect$$libinit$$0000001F  c_w.l(libinit2.o)
    0x08000228   0x00000000   Code   RO         4303    .ARM.Collect$$libinit$$00000021  c_w.l(libinit2.o)
    0x08000228   0x00000000   Code   RO         4305    .ARM.Collect$$libinit$$00000023  c_w.l(libinit2.o)
    0x08000228   0x00000000   Code   RO         4307    .ARM.Collect$$libinit$$00000025  c_w.l(libinit2.o)
    0x08000228   0x00000000   Code   RO         4311    .ARM.Collect$$libinit$$0000002C  c_w.l(libinit2.o)
    0x08000228   0x00000000   Code   RO         4313    .ARM.Collect$$libinit$$0000002E  c_w.l(libinit2.o)
    0x08000228   0x00000000   Code   RO         4315    .ARM.Collect$$libinit$$00000030  c_w.l(libinit2.o)
    0x08000228   0x00000000   Code   RO         4317    .ARM.Collect$$libinit$$00000032  c_w.l(libinit2.o)
    0x08000228   0x00000002   Code   RO         4318    .ARM.Collect$$libinit$$00000033  c_w.l(libinit2.o)
    0x0800022a   0x00000002   Code   RO         4360    .ARM.Collect$$libshutdown$$00000000  c_w.l(libshutdown.o)
    0x0800022c   0x00000000   Code   RO         4379    .ARM.Collect$$libshutdown$$00000002  c_w.l(libshutdown2.o)
    0x0800022c   0x00000000   Code   RO         4381    .ARM.Collect$$libshutdown$$00000004  c_w.l(libshutdown2.o)
    0x0800022c   0x00000000   Code   RO         4384    .ARM.Collect$$libshutdown$$00000007  c_w.l(libshutdown2.o)
    0x0800022c   0x00000000   Code   RO         4387    .ARM.Collect$$libshutdown$$0000000A  c_w.l(libshutdown2.o)
    0x0800022c   0x00000000   Code   RO         4389    .ARM.Collect$$libshutdown$$0000000C  c_w.l(libshutdown2.o)
    0x0800022c   0x00000000   Code   RO         4392    .ARM.Collect$$libshutdown$$0000000F  c_w.l(libshutdown2.o)
    0x0800022c   0x00000002   Code   RO         4393    .ARM.Collect$$libshutdown$$00000010  c_w.l(libshutdown2.o)
    0x0800022e   0x00000000   Code   RO         4102    .ARM.Collect$$rtentry$$00000000  c_w.l(__rtentry.o)
    0x0800022e   0x00000000   Code   RO         4185    .ARM.Collect$$rtentry$$00000002  c_w.l(__rtentry2.o)
    0x0800022e   0x00000006   Code   RO         4197    .ARM.Collect$$rtentry$$00000004  c_w.l(__rtentry4.o)
    0x08000234   0x00000000   Code   RO         4187    .ARM.Collect$$rtentry$$00000009  c_w.l(__rtentry2.o)
    0x08000234   0x00000004   Code   RO         4188    .ARM.Collect$$rtentry$$0000000A  c_w.l(__rtentry2.o)
    0x08000238   0x00000000   Code   RO         4190    .ARM.Collect$$rtentry$$0000000C  c_w.l(__rtentry2.o)
    0x08000238   0x00000008   Code   RO         4191    .ARM.Collect$$rtentry$$0000000D  c_w.l(__rtentry2.o)
    0x08000240   0x00000002   Code   RO         4319    .ARM.Collect$$rtexit$$00000000  c_w.l(rtexit.o)
    0x08000242   0x00000000   Code   RO         4332    .ARM.Collect$$rtexit$$00000002  c_w.l(rtexit2.o)
    0x08000242   0x00000004   Code   RO         4333    .ARM.Collect$$rtexit$$00000003  c_w.l(rtexit2.o)
    0x08000246   0x00000006   Code   RO         4334    .ARM.Collect$$rtexit$$00000004  c_w.l(rtexit2.o)
    0x0800024c   0x00000040   Code   RO          351    .text               startup_stm32f407xx.o
    0x0800028c   0x00000002   Code   RO         3962    .text               c_w.l(use_no_semi_2.o)
    0x0800028e   0x000000ee   Code   RO         3964    .text               c_w.l(lludivv7m.o)
    0x0800037c   0x00000018   Code   RO         3968    .text               c_w.l(noretval__2printf.o)
    0x08000394   0x00000068   Code   RO         3970    .text               c_w.l(__printf.o)
    0x080003fc   0x00000052   Code   RO         3972    .text               c_w.l(_printf_str.o)
    0x0800044e   0x00000002   PAD
    0x08000450   0x00000078   Code   RO         3974    .text               c_w.l(_printf_dec.o)
    0x080004c8   0x00000006   Code   RO         4000    .text               c_w.l(heapauxi.o)
    0x080004ce   0x00000002   Code   RO         4100    .text               c_w.l(use_no_semi.o)
    0x080004d0   0x00000016   Code   RO         4107    .text               c_w.l(_rserrno.o)
    0x080004e6   0x000000b2   Code   RO         4109    .text               c_w.l(_printf_intcommon.o)
    0x08000598   0x0000041a   Code   RO         4111    .text               c_w.l(_printf_fp_dec.o)
    0x080009b2   0x0000002c   Code   RO         4113    .text               c_w.l(_printf_char.o)
    0x080009de   0x00000002   PAD
    0x080009e0   0x00000024   Code   RO         4115    .text               c_w.l(_printf_char_file.o)
    0x08000a04   0x00000008   Code   RO         4204    .text               c_w.l(rt_locale_intlibspace.o)
    0x08000a0c   0x00000008   Code   RO         4209    .text               c_w.l(rt_errno_addr_intlibspace.o)
    0x08000a14   0x0000008a   Code   RO         4211    .text               c_w.l(lludiv10.o)
    0x08000a9e   0x00000002   PAD
    0x08000aa0   0x00000030   Code   RO         4213    .text               c_w.l(_printf_char_common.o)
    0x08000ad0   0x00000080   Code   RO         4215    .text               c_w.l(_printf_fp_infnan.o)
    0x08000b50   0x000000dc   Code   RO         4217    .text               c_w.l(bigflt0.o)
    0x08000c2c   0x00000008   Code   RO         4242    .text               c_w.l(ferror.o)
    0x08000c34   0x00000008   Code   RO         4253    .text               c_w.l(libspace.o)
    0x08000c3c   0x0000004a   Code   RO         4256    .text               c_w.l(sys_stackheap_outer.o)
    0x08000c86   0x00000012   Code   RO         4260    .text               c_w.l(exit.o)
    0x08000c98   0x00000080   Code   RO         4266    .text               c_w.l(strcmpv7m.o)
    0x08000d18   0x0000003e   Code   RO         4220    CL$$btod_d2e        c_w.l(btod.o)
    0x08000d56   0x00000046   Code   RO         4222    CL$$btod_d2e_denorm_low  c_w.l(btod.o)
    0x08000d9c   0x00000060   Code   RO         4221    CL$$btod_d2e_norm_op1  c_w.l(btod.o)
    0x08000dfc   0x00000338   Code   RO         4230    CL$$btod_div_common  c_w.l(btod.o)
    0x08001134   0x000000c6   Code   RO         4227    CL$$btod_e2e        c_w.l(btod.o)
    0x080011fa   0x00000028   Code   RO         4224    CL$$btod_ediv       c_w.l(btod.o)
    0x08001222   0x00000028   Code   RO         4223    CL$$btod_emul       c_w.l(btod.o)
    0x0800124a   0x00000244   Code   RO         4229    CL$$btod_mult_common  c_w.l(btod.o)
    0x0800148e   0x00000004   Code   RO          217    i.BusFault_Handler  stm32f4xx_it.o
    0x08001492   0x00000002   PAD
    0x08001494   0x000000f0   Code   RO         3799    i.CalaculateSModel_Accel  s_algorithm.o
    0x08001584   0x00000002   Code   RO          218    i.DebugMon_Handler  stm32f4xx_it.o
    0x08001586   0x00000002   PAD
    0x08001588   0x00000030   Code   RO         3749    i.Flash_Write       hmi.o
    0x080015b8   0x00000028   Code   RO         2429    i.HAL_DMA_Abort_IT  stm32f4xx_hal_dma.o
    0x080015e0   0x00000200   Code   RO          492    i.HAL_GPIO_Init     stm32f4xx_hal_gpio.o
    0x080017e0   0x00000010   Code   RO          494    i.HAL_GPIO_ReadPin  stm32f4xx_hal_gpio.o
    0x080017f0   0x0000000c   Code   RO          496    i.HAL_GPIO_WritePin  stm32f4xx_hal_gpio.o
    0x080017fc   0x0000000c   Code   RO         2127    i.HAL_GetTick       stm32f4xx_hal.o
    0x08001808   0x00000018   Code   RO         2131    i.HAL_IncTick       stm32f4xx_hal.o
    0x08001820   0x0000003c   Code   RO         2132    i.HAL_Init          stm32f4xx_hal.o
    0x0800185c   0x0000004c   Code   RO         2133    i.HAL_InitTick      stm32f4xx_hal.o
    0x080018a8   0x00000002   Code   RO          179    i.HAL_MspInit       stm32f4xx_hal_msp.o
    0x080018aa   0x0000001a   Code   RO         2290    i.HAL_NVIC_EnableIRQ  stm32f4xx_hal_cortex.o
    0x080018c4   0x0000007c   Code   RO         2296    i.HAL_NVIC_SetPriority  stm32f4xx_hal_cortex.o
    0x08001940   0x00000028   Code   RO         2297    i.HAL_NVIC_SetPriorityGrouping  stm32f4xx_hal_cortex.o
    0x08001968   0x00000180   Code   RO          730    i.HAL_RCC_ClockConfig  stm32f4xx_hal_rcc.o
    0x08001ae8   0x0000000c   Code   RO          735    i.HAL_RCC_GetHCLKFreq  stm32f4xx_hal_rcc.o
    0x08001af4   0x00000020   Code   RO          737    i.HAL_RCC_GetPCLK1Freq  stm32f4xx_hal_rcc.o
    0x08001b14   0x00000020   Code   RO          738    i.HAL_RCC_GetPCLK2Freq  stm32f4xx_hal_rcc.o
    0x08001b34   0x000000b0   Code   RO          739    i.HAL_RCC_GetSysClockFreq  stm32f4xx_hal_rcc.o
    0x08001be4   0x00000448   Code   RO          742    i.HAL_RCC_OscConfig  stm32f4xx_hal_rcc.o
    0x0800202c   0x000000a0   Code   RO         2806    i.HAL_SPI_Init      stm32f4xx_hal_spi.o
    0x080020cc   0x00000074   Code   RO         3242    i.HAL_SPI_MspInit   spi.o
    0x08002140   0x000002cc   Code   RO         2815    i.HAL_SPI_TransmitReceive  stm32f4xx_hal_spi.o
    0x0800240c   0x00000028   Code   RO         2299    i.HAL_SYSTICK_CLKSourceConfig  stm32f4xx_hal_cortex.o
    0x08002434   0x00000034   Code   RO         2301    i.HAL_SYSTICK_Config  stm32f4xx_hal_cortex.o
    0x08002468   0x00000002   Code   RO         1526    i.HAL_TIMEx_BreakCallback  stm32f4xx_hal_tim_ex.o
    0x0800246a   0x00000002   Code   RO         1527    i.HAL_TIMEx_CommutationCallback  stm32f4xx_hal_tim_ex.o
    0x0800246c   0x00000062   Code   RO         1543    i.HAL_TIMEx_MasterConfigSynchronization  stm32f4xx_hal_tim_ex.o
    0x080024ce   0x00000034   Code   RO          887    i.HAL_TIM_Base_Init  stm32f4xx_hal_tim.o
    0x08002502   0x00000002   PAD
    0x08002504   0x00000140   Code   RO         3187    i.HAL_TIM_Base_MspInit  timer.o
    0x08002644   0x0000001e   Code   RO          892    i.HAL_TIM_Base_Start_IT  stm32f4xx_hal_tim.o
    0x08002662   0x00000038   Code   RO          895    i.HAL_TIM_Base_Stop_IT  stm32f4xx_hal_tim.o
    0x0800269a   0x00000132   Code   RO          896    i.HAL_TIM_ConfigClockSource  stm32f4xx_hal_tim.o
    0x080027cc   0x00000002   Code   RO          916    i.HAL_TIM_IC_CaptureCallback  stm32f4xx_hal_tim.o
    0x080027ce   0x00000196   Code   RO          929    i.HAL_TIM_IRQHandler  stm32f4xx_hal_tim.o
    0x08002964   0x000001ec   Code   RO          180    i.HAL_TIM_MspPostInit  stm32f4xx_hal_msp.o
    0x08002b50   0x00000002   Code   RO          932    i.HAL_TIM_OC_DelayElapsedCallback  stm32f4xx_hal_tim.o
    0x08002b52   0x00000108   Code   RO          953    i.HAL_TIM_PWM_ConfigChannel  stm32f4xx_hal_tim.o
    0x08002c5a   0x00000034   Code   RO          956    i.HAL_TIM_PWM_Init  stm32f4xx_hal_tim.o
    0x08002c8e   0x00000002   Code   RO          958    i.HAL_TIM_PWM_MspInit  stm32f4xx_hal_tim.o
    0x08002c90   0x00000002   Code   RO          959    i.HAL_TIM_PWM_PulseFinishedCallback  stm32f4xx_hal_tim.o
    0x08002c92   0x00000002   PAD
    0x08002c94   0x0000004c   Code   RO          960    i.HAL_TIM_PWM_Start  stm32f4xx_hal_tim.o
    0x08002ce0   0x00000088   Code   RO          963    i.HAL_TIM_PWM_Stop  stm32f4xx_hal_tim.o
    0x08002d68   0x000002e4   Code   RO         3935    i.HAL_TIM_PeriodElapsedCallback  it.o
    0x0800304c   0x00000002   Code   RO          970    i.HAL_TIM_TriggerCallback  stm32f4xx_hal_tim.o
    0x0800304e   0x00000002   Code   RO         1786    i.HAL_UART_ErrorCallback  stm32f4xx_hal_uart.o
    0x08003050   0x00000014   Code   RO         1788    i.HAL_UART_GetState  stm32f4xx_hal_uart.o
    0x08003064   0x0000014c   Code   RO         1789    i.HAL_UART_IRQHandler  stm32f4xx_hal_uart.o
    0x080031b0   0x00000072   Code   RO         1790    i.HAL_UART_Init     stm32f4xx_hal_uart.o
    0x08003222   0x00000002   PAD
    0x08003224   0x0000009c   Code   RO          424    i.HAL_UART_MspInit  usart.o
    0x080032c0   0x00000064   Code   RO         1795    i.HAL_UART_Receive_IT  stm32f4xx_hal_uart.o
    0x08003324   0x000000b0   Code   RO          425    i.HAL_UART_RxCpltCallback  usart.o
    0x080033d4   0x000000d6   Code   RO         1798    i.HAL_UART_Transmit  stm32f4xx_hal_uart.o
    0x080034aa   0x00000002   Code   RO         1801    i.HAL_UART_TxCpltCallback  stm32f4xx_hal_uart.o
    0x080034ac   0x00000004   Code   RO          219    i.HardFault_Handler  stm32f4xx_it.o
    0x080034b0   0x00000380   Code   RO         3750    i.Hmi_Commun        hmi.o
    0x08003830   0x00000084   Code   RO         3132    i.KEY_Init          key.o
    0x080038b4   0x000000a4   Code   RO         3133    i.KEY_Scan          key.o
    0x08003958   0x0000005c   Code   RO         3163    i.LED_Init          led.o
    0x080039b4   0x00000078   Code   RO         3901    i.Mechaical_Arm_Init  scara_control.o
    0x08003a2c   0x00000004   Code   RO          220    i.MemManage_Handler  stm32f4xx_it.o
    0x08003a30   0x00000048   Code   RO         3601    i.Motor_Dir_GPIO_Init  motor.o
    0x08003a78   0x00000050   Code   RO         3838    i.Motor_Max_Speed   scara_alg.o
    0x08003ac8   0x00000002   Code   RO          221    i.NMI_Handler       stm32f4xx_it.o
    0x08003aca   0x00000002   PAD
    0x08003acc   0x00000010   Code   RO         2303    i.NVIC_GetPriorityGrouping  stm32f4xx_hal_cortex.o
    0x08003adc   0x00000028   Code   RO         2304    i.NVIC_SetPriority  stm32f4xx_hal_cortex.o
    0x08003b04   0x00000002   Code   RO          222    i.PendSV_Handler    stm32f4xx_it.o
    0x08003b06   0x00000002   PAD
    0x08003b08   0x00000058   Code   RO         3243    i.SPI1_Init         spi.o
    0x08003b60   0x00000020   Code   RO         3244    i.SPI1_ReadWriteByte  spi.o
    0x08003b80   0x00000048   Code   RO         3245    i.SPI1_SetSpeed     spi.o
    0x08003bc8   0x00000028   Code   RO         2832    i.SPI_CheckFlag_BSY  stm32f4xx_hal_spi.o
    0x08003bf0   0x000000aa   Code   RO         2852    i.SPI_WaitFlagStateUntilTimeout  stm32f4xx_hal_spi.o
    0x08003c9a   0x00000002   Code   RO          223    i.SVC_Handler       stm32f4xx_it.o
    0x08003c9c   0x000000b0   Code   RO          397    i.Stm32_Clock_Init  sys.o
    0x08003d4c   0x00000008   Code   RO          224    i.SysTick_Handler   stm32f4xx_it.o
    0x08003d54   0x00000064   Code   RO          293    i.SystemInit        system_stm32f4xx.o
    0x08003db8   0x00000010   Code   RO         3538    i.TIM1_TRG_COM_TIM11_IRQHandler  pwm.o
    0x08003dc8   0x00000010   Code   RO         3539    i.TIM1_UP_TIM10_IRQHandler  pwm.o
    0x08003dd8   0x00000010   Code   RO         3442    i.TIM2_IRQHandler   encoder.o
    0x08003de8   0x00000010   Code   RO         3443    i.TIM3_IRQHandler   encoder.o
    0x08003df8   0x00000010   Code   RO         3444    i.TIM5_IRQHandler   encoder.o
    0x08003e08   0x00000010   Code   RO         3188    i.TIM6_DAC_IRQHandler  timer.o
    0x08003e18   0x00000010   Code   RO         3190    i.TIM7_IRQHandler   timer.o
    0x08003e28   0x00000010   Code   RO         3541    i.TIM8_UP_TIM13_IRQHandler  pwm.o
    0x08003e38   0x000000e4   Code   RO          971    i.TIM_Base_SetConfig  stm32f4xx_hal_tim.o
    0x08003f1c   0x0000001c   Code   RO          972    i.TIM_CCxChannelCmd  stm32f4xx_hal_tim.o
    0x08003f38   0x00000018   Code   RO          978    i.TIM_ETR_SetConfig  stm32f4xx_hal_tim.o
    0x08003f50   0x00000014   Code   RO          979    i.TIM_ITRx_SetConfig  stm32f4xx_hal_tim.o
    0x08003f64   0x00000070   Code   RO          980    i.TIM_OC1_SetConfig  stm32f4xx_hal_tim.o
    0x08003fd4   0x00000078   Code   RO          981    i.TIM_OC2_SetConfig  stm32f4xx_hal_tim.o
    0x0800404c   0x00000078   Code   RO          982    i.TIM_OC3_SetConfig  stm32f4xx_hal_tim.o
    0x080040c4   0x00000060   Code   RO          983    i.TIM_OC4_SetConfig  stm32f4xx_hal_tim.o
    0x08004124   0x0000002a   Code   RO          985    i.TIM_TI1_ConfigInputStage  stm32f4xx_hal_tim.o
    0x0800414e   0x0000002c   Code   RO          987    i.TIM_TI2_ConfigInputStage  stm32f4xx_hal_tim.o
    0x0800417a   0x00000014   Code   RO         1803    i.UART_DMAAbortOnError  stm32f4xx_hal_uart.o
    0x0800418e   0x00000020   Code   RO         1813    i.UART_EndRxTransfer  stm32f4xx_hal_uart.o
    0x080041ae   0x00000020   Code   RO         1814    i.UART_EndTransmit_IT  stm32f4xx_hal_uart.o
    0x080041ce   0x0000009a   Code   RO         1816    i.UART_Receive_IT   stm32f4xx_hal_uart.o
    0x08004268   0x00000368   Code   RO         1817    i.UART_SetConfig    stm32f4xx_hal_uart.o
    0x080045d0   0x00000068   Code   RO         1818    i.UART_Transmit_IT  stm32f4xx_hal_uart.o
    0x08004638   0x0000006c   Code   RO         1819    i.UART_WaitOnFlagUntilTimeout  stm32f4xx_hal_uart.o
    0x080046a4   0x00000040   Code   RO          426    i.USART1_IRQHandler  usart.o
    0x080046e4   0x00000004   Code   RO          225    i.UsageFault_Handler  stm32f4xx_it.o
    0x080046e8   0x00000058   Code   RO         3327    i.W25QXX_Erase_Sector  w25qxx.o
    0x08004740   0x0000009c   Code   RO         3328    i.W25QXX_Init       w25qxx.o
    0x080047dc   0x00000068   Code   RO         3330    i.W25QXX_Read       w25qxx.o
    0x08004844   0x00000048   Code   RO         3331    i.W25QXX_ReadID     w25qxx.o
    0x0800488c   0x00000050   Code   RO         3332    i.W25QXX_ReadSR     w25qxx.o
    0x080048dc   0x00000014   Code   RO         3334    i.W25QXX_Wait_Busy  w25qxx.o
    0x080048f0   0x000000b8   Code   RO         3335    i.W25QXX_Write      w25qxx.o
    0x080049a8   0x00000020   Code   RO         3337    i.W25QXX_Write_Enable  w25qxx.o
    0x080049c8   0x00000046   Code   RO         3338    i.W25QXX_Write_NoCheck  w25qxx.o
    0x08004a0e   0x00000002   PAD
    0x08004a10   0x0000006c   Code   RO         3339    i.W25QXX_Write_Page  w25qxx.o
    0x08004a7c   0x000000bc   Code   RO         3542    i.X_PWM_Init        pwm.o
    0x08004b38   0x00000024   Code   RO         3607    i.X_Set_AutoReload  motor.o
    0x08004b5c   0x00000064   Code   RO         3608    i.X_Set_Speed       motor.o
    0x08004bc0   0x00000028   Code   RO         3609    i.X_Start           motor.o
    0x08004be8   0x00000018   Code   RO         3610    i.X_Stop            motor.o
    0x08004c00   0x000000bc   Code   RO         3543    i.Y_PWM_Init        pwm.o
    0x08004cbc   0x00000024   Code   RO         3613    i.Y_Set_AutoReload  motor.o
    0x08004ce0   0x000000c0   Code   RO         3614    i.Y_Set_Speed       motor.o
    0x08004da0   0x00000028   Code   RO         3615    i.Y_Start           motor.o
    0x08004dc8   0x00000018   Code   RO         3616    i.Y_Stop            motor.o
    0x08004de0   0x000000bc   Code   RO         3544    i.Z_PWM_Init        pwm.o
    0x08004e9c   0x00000024   Code   RO         3618    i.Z_Set_AutoReload  motor.o
    0x08004ec0   0x000000b8   Code   RO         3619    i.Z_Set_Speed       motor.o
    0x08004f78   0x00000028   Code   RO         3620    i.Z_Start           motor.o
    0x08004fa0   0x00000018   Code   RO         3621    i.Z_Stop            motor.o
    0x08004fb8   0x00000004   Code   RO            4    i._Error_Handler    main.o
    0x08004fbc   0x00000030   Code   RO         4168    i.__ARM_fpclassify  m_wm.l(fpclassify.o)
    0x08004fec   0x00000004   PAD
    0x08004ff0   0x00000358   Code   RO         4062    i.__hardfp_exp      m_wm.l(exp.o)
    0x08005348   0x000000f8   Code   RO         4170    i.__kernel_poly     m_wm.l(poly.o)
    0x08005440   0x00000014   Code   RO         4149    i.__mathlib_dbl_infnan  m_wm.l(dunder.o)
    0x08005454   0x00000004   PAD
    0x08005458   0x00000020   Code   RO         4152    i.__mathlib_dbl_overflow  m_wm.l(dunder.o)
    0x08005478   0x00000020   Code   RO         4154    i.__mathlib_dbl_underflow  m_wm.l(dunder.o)
    0x08005498   0x00000004   Code   RO          427    i._sys_exit         usart.o
    0x0800549c   0x00000014   Code   RO          358    i.delay_init        delay.o
    0x080054b0   0x00000018   Code   RO          359    i.delay_ms          delay.o
    0x080054c8   0x00000048   Code   RO          360    i.delay_us          delay.o
    0x08005510   0x0000001c   Code   RO          428    i.fputc             usart.o
    0x0800552c   0x00000190   Code   RO            5    i.main              main.o
    0x080056bc   0x00000020   Code   RO         3751    i.tran_3_0xff       hmi.o
    0x080056dc   0x00000018   Code   RO         3752    i.tran_str          hmi.o
    0x080056f4   0x00000038   Code   RO          429    i.uart_init         usart.o
    0x0800572c   0x0000002c   Code   RO         4247    locale$$code        c_w.l(lc_numeric_c.o)
    0x08005758   0x00000062   Code   RO         4004    x$fpl$d2f           fz_wm.l(d2f.o)
    0x080057ba   0x00000002   PAD
    0x080057bc   0x00000150   Code   RO         4006    x$fpl$dadd          fz_wm.l(daddsub_clz.o)
    0x0800590c   0x00000018   Code   RO         4249    x$fpl$dcmpinf       fz_wm.l(dcmpi.o)
    0x08005924   0x000002b0   Code   RO         4013    x$fpl$ddiv          fz_wm.l(ddiv.o)
    0x08005bd4   0x0000005e   Code   RO         4120    x$fpl$dfix          fz_wm.l(dfix.o)
    0x08005c32   0x0000002e   Code   RO         4125    x$fpl$dflt          fz_wm.l(dflt_clz.o)
    0x08005c60   0x00000078   Code   RO         4130    x$fpl$dleqf         fz_wm.l(dleqf.o)
    0x08005cd8   0x00000154   Code   RO         4016    x$fpl$dmul          fz_wm.l(dmul.o)
    0x08005e2c   0x0000009c   Code   RO         4132    x$fpl$dnaninf       fz_wm.l(dnaninf.o)
    0x08005ec8   0x0000000c   Code   RO         4134    x$fpl$dretinf       fz_wm.l(dretinf.o)
    0x08005ed4   0x0000006c   Code   RO         4136    x$fpl$drleqf        fz_wm.l(drleqf.o)
    0x08005f40   0x00000016   Code   RO         4007    x$fpl$drsb          fz_wm.l(daddsub_clz.o)
    0x08005f56   0x00000002   PAD
    0x08005f58   0x000001d4   Code   RO         4008    x$fpl$dsub          fz_wm.l(daddsub_clz.o)
    0x0800612c   0x00000056   Code   RO         4018    x$fpl$f2d           fz_wm.l(f2d.o)
    0x08006182   0x0000008c   Code   RO         4140    x$fpl$fnaninf       fz_wm.l(fnaninf.o)
    0x0800620e   0x0000000a   Code   RO         4329    x$fpl$fpinit        fz_wm.l(fpinit.o)
    0x08006218   0x0000000a   Code   RO         4142    x$fpl$fretinf       fz_wm.l(fretinf.o)
    0x08006222   0x00000004   Code   RO         4020    x$fpl$printf1       fz_wm.l(printf1.o)
    0x08006226   0x00000000   Code   RO         4144    x$fpl$usenofp       fz_wm.l(usenofp.o)
    0x08006226   0x00000006   Data   RO            6    .constdata          main.o
    0x0800622c   0x00000018   Data   RO          294    .constdata          system_stm32f4xx.o
    0x08006244   0x00000004   PAD
    0x08006248   0x00000058   Data   RO         4065    .constdata          m_wm.l(exp.o)
    0x080062a0   0x00000094   Data   RO         4218    .constdata          c_w.l(bigflt0.o)
    0x08006334   0x00000020   Data   RO         4394    Region$$Table       anon$$obj.o
    0x08006354   0x0000001c   Data   RO         4246    locale$$data        c_w.l(lc_numeric_c.o)


    Execution Region RW_IRAM1 (Base: 0x20000000, Size: 0x00003e00, Max: 0x00020000, ABSOLUTE)

    Base Addr    Size         Type   Attr      Idx    E Section Name        Object

    0x20000000   0x00000004   Data   RW          295    .data               system_stm32f4xx.o
    0x20000004   0x00000004   Data   RW          361    .data               delay.o
    0x20000008   0x00000008   Data   RW          431    .data               usart.o
    0x20000010   0x00000009   Data   RW         2139    .data               stm32f4xx_hal.o
    0x20000019   0x00000001   Data   RW         3134    .data               key.o
    0x2000001a   0x00000002   Data   RW         3342    .data               w25qxx.o
    0x2000001c   0x00000006   Data   RW         3622    .data               motor.o
    0x20000022   0x00000002   PAD
    0x20000024   0x00000010   Data   RW         3754    .data               hmi.o
    0x20000034   0x00000004   PAD
    0x20000038   0x00000038   Data   RW         3844    .data               scara_alg.o
    0x20000070   0x0000000a   Data   RW         3903    .data               scara_control.o
    0x2000007a   0x00000011   Data   RW         3936    .data               it.o
    0x2000008b   0x00000001   PAD
    0x2000008c   0x00000108   Zero   RW          430    .bss                usart.o
    0x20000194   0x00000078   Zero   RW         3192    .bss                timer.o
    0x2000020c   0x00000058   Zero   RW         3246    .bss                spi.o
    0x20000264   0x00001000   Zero   RW         3341    .bss                w25qxx.o
    0x20001264   0x00000120   Zero   RW         3448    .bss                encoder.o
    0x20001384   0x000000f0   Zero   RW         3545    .bss                pwm.o
    0x20001474   0x000004b0   Zero   RW         3753    .bss                hmi.o
    0x20001924   0x00001e78   Zero   RW         3902    .bss                scara_control.o
    0x2000379c   0x00000060   Zero   RW         4254    .bss                c_w.l(libspace.o)
    0x200037fc   0x00000004   PAD
    0x20003800   0x00000200   Zero   RW          349    HEAP                startup_stm32f407xx.o
    0x20003a00   0x00000400   Zero   RW          348    STACK               startup_stm32f407xx.o


==============================================================================

Image component sizes


      Code (inc. data)   RO Data    RW Data    ZI Data      Debug   Object Name

       116          8          0          4          0       2119   delay.o
        48         18          0          0        288       4452   encoder.o
      1000        106          0         16       1200       6213   hmi.o
       740         98          0         17          0       2613   it.o
       296         28          0          1          0       1734   key.o
        92          8          0          0          0        923   led.o
       404        130          6          0          0     689029   main.o
       848        216          0          6          0       8302   motor.o
       612        120          0          0        240       4438   pwm.o
       240         12          0          0          0       1105   s_algorithm.o
        80         22          0         56          0       1371   scara_alg.o
       120         38          0         10       7800       2480   scara_control.o
       308         30          0          0         88       3006   spi.o
        64         26        392          0       1536        856   startup_stm32f407xx.o
       172         32          0          9          0       4169   stm32f4xx_hal.o
       338         22          0          0          0      31713   stm32f4xx_hal_cortex.o
        40          0          0          0          0       1207   stm32f4xx_hal_dma.o
       540         46          0          0          0       3143   stm32f4xx_hal_gpio.o
       494        120          0          0          0       1916   stm32f4xx_hal_msp.o
      1732         84          0          0          0       5816   stm32f4xx_hal_rcc.o
      1086          0          0          0          0       4681   stm32f4xx_hal_spi.o
      2222         98          0          0          0      18302   stm32f4xx_hal_tim.o
       102          0          0          0          0       2494   stm32f4xx_hal_tim_ex.o
      2106         14          0          0          0      11171   stm32f4xx_hal_uart.o
        32          0          0          0          0       4438   stm32f4xx_it.o
       176         10          0          0          0       1303   sys.o
       100         18         24          4          0       1215   system_stm32f4xx.o
       352         38          0          0        120       2619   timer.o
       484         58          0          8        264       5821   usart.o
       914         80          0          2       4096       7961   w25qxx.o

    ----------------------------------------------------------------------
     15874       1480        458        140      15632     836610   Object Totals
         0          0         32          0          0          0   (incl. Generated)
        16          0          4          7          0          0   (incl. Padding)

    ----------------------------------------------------------------------

      Code (inc. data)   RO Data    RW Data    ZI Data      Debug   Library Member Name

         8          0          0          0          0         68   __main.o
       104          0          0          0          0         84   __printf.o
         0          0          0          0          0          0   __rtentry.o
        12          0          0          0          0          0   __rtentry2.o
         6          0          0          0          0          0   __rtentry4.o
        52          8          0          0          0          0   __scatter.o
        26          0          0          0          0          0   __scatter_copy.o
        28          0          0          0          0          0   __scatter_zi.o
        44          0          0          0          0        108   _printf_char.o
        48          6          0          0          0         96   _printf_char_common.o
        36          4          0          0          0         80   _printf_char_file.o
         6          0          0          0          0          0   _printf_d.o
       120         16          0          0          0         92   _printf_dec.o
         6          0          0          0          0          0   _printf_f.o
      1050          0          0          0          0        216   _printf_fp_dec.o
       128         16          0          0          0         84   _printf_fp_infnan.o
       178          0          0          0          0         88   _printf_intcommon.o
         0          0          0          0          0          0   _printf_percent.o
         4          0          0          0          0          0   _printf_percent_end.o
         6          0          0          0          0          0   _printf_s.o
        82          0          0          0          0         80   _printf_str.o
        22          0          0          0          0        100   _rserrno.o
       220          4        148          0          0         96   bigflt0.o
      1910        128          0          0          0        672   btod.o
        18          0          0          0          0         80   exit.o
         8          0          0          0          0         68   ferror.o
         6          0          0          0          0        152   heapauxi.o
        44         10         28          0          0         76   lc_numeric_c.o
         2          0          0          0          0          0   libinit.o
        22          0          0          0          0          0   libinit2.o
         2          0          0          0          0          0   libshutdown.o
         2          0          0          0          0          0   libshutdown2.o
         8          4          0          0         96         68   libspace.o
       138          0          0          0          0         80   lludiv10.o
       238          0          0          0          0        100   lludivv7m.o
        24          4          0          0          0         84   noretval__2printf.o
         8          4          0          0          0         68   rt_errno_addr_intlibspace.o
         8          4          0          0          0         68   rt_locale_intlibspace.o
         2          0          0          0          0          0   rtexit.o
        10          0          0          0          0          0   rtexit2.o
       128          0          0          0          0         68   strcmpv7m.o
        74          0          0          0          0         80   sys_stackheap_outer.o
         2          0          0          0          0         68   use_no_semi.o
         2          0          0          0          0         68   use_no_semi_2.o
        98          4          0          0          0        140   d2f.o
       826         16          0          0          0        492   daddsub_clz.o
        24          0          0          0          0        116   dcmpi.o
       688        140          0          0          0        256   ddiv.o
        94          4          0          0          0        140   dfix.o
        46          0          0          0          0        116   dflt_clz.o
       120          4          0          0          0        140   dleqf.o
       340         12          0          0          0        152   dmul.o
       156          4          0          0          0        140   dnaninf.o
        12          0          0          0          0        116   dretinf.o
       108          0          0          0          0        128   drleqf.o
        86          4          0          0          0        132   f2d.o
       140          4          0          0          0        132   fnaninf.o
        10          0          0          0          0        116   fpinit.o
        10          0          0          0          0        116   fretinf.o
         4          0          0          0          0        116   printf1.o
         0          0          0          0          0          0   usenofp.o
        84         16          0          0          0        372   dunder.o
       856        142         88          0          0        288   exp.o
        48          0          0          0          0        124   fpclassify.o
       248          0          0          0          0        152   poly.o

    ----------------------------------------------------------------------
      8860        558        264          0        100       6476   Library Totals
        20          0          0          0          4          0   (incl. Padding)

    ----------------------------------------------------------------------

      Code (inc. data)   RO Data    RW Data    ZI Data      Debug   Library Name

      4842        208        176          0         96       2992   c_w.l
      2762        192          0          0          0       2548   fz_wm.l
      1236        158         88          0          0        936   m_wm.l

    ----------------------------------------------------------------------
      8860        558        264          0        100       6476   Library Totals

    ----------------------------------------------------------------------

==============================================================================


      Code (inc. data)   RO Data    RW Data    ZI Data      Debug   

     24734       2038        722        140      15732     825974   Grand Totals
     24734       2038        722        140      15732     825974   ELF Image Totals
     24734       2038        722        140          0          0   ROM Totals

==============================================================================

    Total RO  Size (Code + RO Data)                25456 (  24.86kB)
    Total RW  Size (RW Data + ZI Data)             15872 (  15.50kB)
    Total ROM Size (Code + RO Data + RW Data)      25596 (  25.00kB)

==============================================================================

